 ARDOP1OFDM

 Timestamp is 6096c8d6 (Sat May 08 18:22:30 2021)

 Preferred load address is 00400000

 Start         Length     Name                   Class
 0001:00000000 000331ffH .text                   CODE
 0002:00000000 000001ecH .idata$5                DATA
 0002:000001ec 00000004H .CRT$XCA                DATA
 0002:000001f0 00000004H .CRT$XCZ                DATA
 0002:000001f4 00000004H .CRT$XIA                DATA
 0002:000001f8 00000014H .CRT$XIC                DATA
 0002:0000020c 00000004H .CRT$XIZ                DATA
 0002:00000210 00000004H .CRT$XPA                DATA
 0002:00000214 00000004H .CRT$XPX                DATA
 0002:00000218 00000004H .CRT$XPXA               DATA
 0002:0000021c 00000004H .CRT$XPZ                DATA
 0002:00000220 00000004H .CRT$XTA                DATA
 0002:00000224 00000004H .CRT$XTZ                DATA
 0002:00000230 0003bcb8H .rdata                  DATA
 0002:0003bee8 00000039H .rdata$debug            DATA
 0002:0003bf30 0000000cH .rdata$sxdata           DATA
 0002:0003bf3c 00000004H .rtc$IAA                DATA
 0002:0003bf40 00000004H .rtc$IZZ                DATA
 0002:0003bf44 00000004H .rtc$TAA                DATA
 0002:0003bf48 00000004H .rtc$TZZ                DATA
 0002:0003bf50 000004b4H .xdata$x                DATA
 0002:0003c404 0000003cH .idata$2                DATA
 0002:0003c440 00000014H .idata$3                DATA
 0002:0003c454 000001ecH .idata$4                DATA
 0002:0003c640 00000774H .idata$6                DATA
 0002:0003cdb4 00000000H .edata                  DATA
 0003:00000000 000021f0H .data                   DATA
 0003:00002200 00061b70H .bss                    DATA

  Address         Publics by Value              Rva+Base       Lib:Object

 0000:00000000       __except_list              00000000     <absolute>
 0000:00000003       ___safe_se_handler_count   00000003     <absolute>
 0000:00000000       ___ImageBase               00400000     <linker-defined>
 0001:00000000       _strlop                    00401000 f   ARDOPC.obj
 0001:00000020       _CheckValidCallsignSyntax  00401020 f   ARDOPC.obj
 0001:000000c0       _CheckGSSyntax             004010c0 f   ARDOPC.obj
 0001:00000190       _ardopmain                 00401190 f   ARDOPC.obj
 0001:00000340       _Name                      00401340 f   ARDOPC.obj
 0001:00000370       _shortName                 00401370 f   ARDOPC.obj
 0001:000003a0       _FrameInfo                 004013a0 f   ARDOPC.obj
 0001:00000af0       _RSEncode                  00401af0 f   ARDOPC.obj
 0001:00000ba0       _RSDecode                  00401ba0 f   ARDOPC.obj
 0001:00000d30       _EncodePSKData             00401d30 f   ARDOPC.obj
 0001:00000eb0       _EncodeFSKData             00401eb0 f   ARDOPC.obj
 0001:00001150       _EncodeARQConRequest       00402150 f   ARDOPC.obj
 0001:00001260       _EncodePing                00402260 f   ARDOPC.obj
 0001:000012c0       _Encode4FSKIDFrame         004022c0 f   ARDOPC.obj
 0001:00001330       _EncodeConACKwTiming       00402330 f   ARDOPC.obj
 0001:00001390       _EncodePingAck             00402390 f   ARDOPC.obj
 0001:00001400       _EncodeDATAACK             00402400 f   ARDOPC.obj
 0001:00001440       _SendID                    00402440 f   ARDOPC.obj
 0001:00001510       _Send5SecTwoTone           00402510 f   ARDOPC.obj
 0001:00001580       _ASCIIto6Bit               00402580 f   ARDOPC.obj
 0001:00001690       _Bit6ToASCII               00402690 f   ARDOPC.obj
 0001:00001790       _CompressCallsign          00402790 f   ARDOPC.obj
 0001:00001880       _CompressGridSquare        00402880 f   ARDOPC.obj
 0001:00001910       _DeCompressCallsign        00402910 f   ARDOPC.obj
 0001:00001a10       _DeCompressGridSquare      00402a10 f   ARDOPC.obj
 0001:00001a80       _ComputeTypeParity         00402a80 f   ARDOPC.obj
 0001:00001ac0       _FrameCode                 00402ac0 f   ARDOPC.obj
 0001:00001b10       _GenCRC16                  00402b10 f   ARDOPC.obj
 0001:00001c70       _CheckCRC16FrameType       00402c70 f   ARDOPC.obj
 0001:00001cb0       _ClearDataToSend           00402cb0 f   ARDOPC.obj
 0001:00001d00       _RemoveDataFromQueue       00402d00 f   ARDOPC.obj
 0001:00001de0       _CheckTimers               00402de0 f   ARDOPC.obj
 0001:00002110       _UpdateBusyDetector        00403110 f   ARDOPC.obj
 0001:00002680       _SendPING                  00403680 f   ARDOPC.obj
 0001:00002720       _ProcessPingFrame          00403720 f   ARDOPC.obj
 0001:00002810       _compute_crc               00403810 f   ARDOPC.obj
 0001:00002850       _processargs               00403850 f   ARDOPC.obj
 0001:00002b80       _LostHost                  00403b80 f   ARDOPC.obj
 0001:00002bd0       _GenCRC8                   00403bd0 f   ARQ.obj
 0001:00002c80       _ComputeInterFrameInterval 00403c80 f   ARQ.obj
 0001:00002ca0       _SetARDOPProtocolState     00403ca0 f   ARQ.obj
 0001:00002e40       _GetNextARQFrame           00403e40 f   ARQ.obj
 0001:00003250       _CalculateOptimumLeader    00404250 f   ARQ.obj
 0001:00003280       _IsCallToMe                00404280 f   ARQ.obj
 0001:000033d0       _IsPingToMe                004043d0 f   ARQ.obj
 0001:00003470       _GetDataModes              00404470 f   ARQ.obj
 0001:000035d0       _Gearshift_2               004045d0 f   ARQ.obj
 0001:00003990       _ComputeQualityAvg         00404990 f   ARQ.obj
 0001:00003a00       _GetNumCarriers            00404a00 f   ARQ.obj
 0001:00003a60       _SendData                  00404a60 f   ARQ.obj
 0001:00003ea0       _GetNextFrameData          00404ea0 f   ARQ.obj
 0001:000041e0       _InitializeConnection      004051e0 f   ARQ.obj
 0001:000042e0       _ProcessUnconnectedConReqFrame 004052e0 f   ARQ.obj
 0001:000043a0       _ProcessRcvdARQFrame       004053a0 f   ARQ.obj
 0001:00005ce0       _IRSNegotiateBW            00406ce0 f   ARQ.obj
 0001:00005f00       _SendARQConnectRequest     00406f00 f   ARQ.obj
 0001:00006080       _Send10MinID               00407080 f   ARQ.obj
 0001:000060e0       _CheckForDisconnect        004070e0 f   ARQ.obj
 0001:000061a0       _Break                     004071a0 f   ARQ.obj
 0001:000061f0       _Abort                     004071f0 f   ARQ.obj
 0001:00006220       _ClearTuningStats          00407220 f   ARQ.obj
 0001:00006330       _ClearQualityStats         00407330 f   ARQ.obj
 0001:00006470       _LogStats                  00407470 f   ARQ.obj
 0001:00006960       _Modified_Berlekamp_Massey 00407960 f   berlekamp.obj
 0001:00006b80       _mult_polys                00407b80 f   berlekamp.obj
 0001:00006ce0       _Find_Roots                00407ce0 f   berlekamp.obj
 0001:00006dd0       _correct_errors_erasures   00407dd0 f   berlekamp.obj
 0001:00007030       _ClearBusy                 00408030 f   BusyDetect.obj
 0001:00007080       _BusyDetect3               00408080 f   BusyDetect.obj
 0001:000072f0       _compare                   004082f0 f   BusyDetect.obj
 0001:00007330       _SortSignals2              00408330 f   BusyDetect.obj
 0001:00007480       _StartFEC                  00408480 f   FEC.obj
 0001:000075b0       _GetNextFECFrame           004085b0 f   FEC.obj
 0001:00007bc0       _ProcessRcvdFECDataFrame   00408bc0 f   FEC.obj
 0001:00007dd0       _NumberOfBitsNeeded        00408dd0 f   FFT.obj
 0001:00007e10       _FourierTransform          00408e10 f   FFT.obj
 0001:000084c0       _getopt_missing_arg        004094c0 f   getopt.obj
 0001:000084e0       _getopt_argerror           004094e0 f   getopt.obj
 0001:00008550       _getopt_match              00409550 f   getopt.obj
 0001:00008590       _getopt_resolved           00409590 f   getopt.obj
 0001:00008bd0       _AddDataToDataToSend       00409bd0 f   HostInterface.obj
 0001:00008c90       _DoTrueFalseCmd            00409c90 f   HostInterface.obj
 0001:00008da0       _ProcessCommandFromHost    00409da0 f   HostInterface.obj
 0001:0000a790       _SendCommandToHost         0040b790 f   HostInterface.obj
 0001:0000a790       _QueueCommandToHost        0040b790 f   HostInterface.obj
 0001:0000a7b0       _SendReplyToHost           0040b7b0 f   HostInterface.obj
 0001:0000a7d0       _AddTagToDataAndSendToHost 0040b7d0 f   HostInterface.obj
 0001:0000a850       _KISSInit                  0040b850 f   KISSModule.obj
 0001:0000a8b0       _ProcessPacketBytes        0040b8b0 f   KISSModule.obj
 0001:0000a930       _ProcessKISSBytes          0040b930 f   KISSModule.obj
 0001:0000a9a0       _ProcessKISSByte           0040b9a0 f   KISSModule.obj
 0001:0000a9e0       _GetNextKISSFrame          0040b9e0 f   KISSModule.obj
 0001:0000ab40       _CheckKISS                 0040bb40 f   KISSModule.obj
 0001:0000abc0       _SendAckModeAck            0040bbc0 f   KISSModule.obj
 0001:0000ac50       _GetTwoToneLeaderWithSync  0040bc50 f   Modulate.obj
 0001:0000acc0       _SendLeaderAndSYNC         0040bcc0 f   Modulate.obj
 0001:0000adf0       _Mod4FSKDataAndPlay        0040bdf0 f   Modulate.obj
 0001:0000b390       _Mod8FSKDataAndPlay        0040c390 f   Modulate.obj
 0001:0000b560       _Mod16FSKDataAndPlay       0040c560 f   Modulate.obj
 0001:0000b710       _Mod4FSK600BdDataAndPlay   0040c710 f   Modulate.obj
 0001:0000b8a0       _SoftClip                  0040c8a0 f   Modulate.obj
 0001:0000b930       _ModPSKDataAndPlay         0040c930 f   Modulate.obj
 0001:0000c1a0       _AddTrailer                0040d1a0 f   Modulate.obj
 0001:0000c1f0       _RemodulateLastFrame       0040d1f0 f   Modulate.obj
 0001:0000c3d0       _initFilter                0040d3d0 f   Modulate.obj
 0001:0000c6a0       _SampleSink                0040d6a0 f   Modulate.obj
 0001:0000cad0       _sendCWID                  0040dad0 f   Modulate.obj
 0001:0000cf10       _ClearOFDMVariables        0040df10 f   ofdm.obj
 0001:0000cfa0       _ProcessOFDMNak            0040dfa0 f   ofdm.obj
 0001:0000d110       _ProcessOFDMAck            0040e110 f   ofdm.obj
 0001:0000d690       _GetNextOFDMBlockNumber    0040e690 f   ofdm.obj
 0001:0000d750       _GetOFDMFrameInfo          0040e750 f   ofdm.obj
 0001:0000d830       _EncodeOFDMData            0040e830 f   ofdm.obj
 0001:0000dc10       _Decode4FSKOFDMACK         0040ec10 f   ofdm.obj
 0001:0000dcf0       _RemoveProcessedOFDMData   0040ecf0 f   ofdm.obj
 0001:0000ddf0       _InitDemodOFDM             0040edf0 f   ofdm.obj
 0001:0000e5e0       _Decode1CarOFDM            0040f5e0 f   ofdm.obj
 0001:0000e720       _DemodOFDM                 0040f720 f   ofdm.obj
 0001:0000ec90       _Demod1CarOFDMChar         0040fc90 f   ofdm.obj
 0001:0000ee30       _EncodeAndSendOFDMACK      0040fe30 f   ofdm.obj
 0001:0000ef10       _SendOFDM2PSK              0040ff10 f   ofdm.obj
 0001:0000f120       _ModOFDMDataAndPlay        00410120 f   ofdm.obj
 0001:0000f8b0       _CheckCRC16                004108b0 f   ofdm.obj
 0001:0000f8e0       _PktARDOPEncode            004108e0 f   pktARDOP.obj
 0001:0000f9b0       _PktARDOPStartTX           004109b0 f   pktARDOP.obj
 0001:0000fa90       _ConvToAX25                00410a90 f   pktSession.obj
 0001:0000faf0       _ConvFromAX25              00410af0 f   pktSession.obj
 0001:0000fb80       _ConvertCallstoAX25        00410b80 f   pktSession.obj
 0001:0000fbc0       _CompareCalls              00410bc0 f   pktSession.obj
 0001:0000fc60       _NewLink                   00410c60 f   pktSession.obj
 0001:0000fda0       _FindLink                  00410da0 f   pktSession.obj
 0001:0000fdf0       _FindFreeHostChannel       00410df0 f   pktSession.obj
 0001:0000fe50       _L2Routine                 00410e50 f   pktSession.obj
 0001:00010040       _L2FORUS                   00411040 f   pktSession.obj
 0001:00010140       _ProcessXIDCommand         00411140 f   pktSession.obj
 0001:00010360       _L2LINKACTIVE              00411360 f   pktSession.obj
 0001:00010480       _L2SABM                    00411480 f   pktSession.obj
 0001:000104c0       _SETUPNEWL2SESSION         004114c0 f   pktSession.obj
 0001:00010650       _L2SENDRESP                00411650 f   pktSession.obj
 0001:000106c0       _L2SWAPADDRESSES           004116c0 f   pktSession.obj
 0001:000107a0       _L2_PROCESS                004117a0 f   pktSession.obj
 0001:00010950       _SDUFRM                    00411950 f   pktSession.obj
 0001:00010a50       _SFRAME                    00411a50 f   pktSession.obj
 0001:00010d40       _SDIFRM                    00411d40 f   pktSession.obj
 0001:00010fe0       _PROC_I_FRAME              00411fe0 f   pktSession.obj
 0001:00011060       _RESET2X                   00412060 f   pktSession.obj
 0001:00011090       _CLEARL2QUEUES             00412090 f   pktSession.obj
 0001:000110d0       _RESET2                    004120d0 f   pktSession.obj
 0001:00011100       _SENDSABM                  00412100 f   pktSession.obj
 0001:00011160       _PutKISS                   00412160 f   pktSession.obj
 0001:00011200       _PUT_ON_PORT_Q             00412200 f   pktSession.obj
 0001:000113e0       _SETUPADDRESSES            004123e0 f   pktSession.obj
 0001:00011410       _SDETX                     00412410 f   pktSession.obj
 0001:000115e0       _L2TimerProc               004125e0 f   pktSession.obj
 0001:00011750       _SendSupervisCmd           00412750 f   pktSession.obj
 0001:000117a0       _ACKMSG                    004127a0 f   pktSession.obj
 0001:00011850       _L2TIMEOUT                 00412850 f   pktSession.obj
 0001:00011970       _SDFRMR                    00412970 f   pktSession.obj
 0001:000119a0       _SENDFRMR                  004129a0 f   pktSession.obj
 0001:00011a10       _CLEAROUTLINK              00412a10 f   pktSession.obj
 0001:00011ae0       _L2SENDXID                 00412ae0 f   pktSession.obj
 0001:00011bc0       _L2SENDCOMMAND             00412bc0 f   pktSession.obj
 0001:00011c20       _L2SENDRESPONSE            00412c20 f   pktSession.obj
 0001:00011cc0       _RR_OR_RNR                 00412cc0 f   pktSession.obj
 0001:00011dd0       _ptkSessionBG              00412dd0 f   pktSession.obj
 0001:00011e30       _PktSend                   00412e30 f   pktSession.obj
 0001:00011e60       _ProcessPktCommand         00412e60 f   pktSession.obj
 0001:00012240       _PacketSessionPoll         00413240 f   pktSession.obj
 0001:00012280       _CheckForPktMon            00413280 f   pktSession.obj
 0001:000123c0       _CheckForPktData           004133c0 f   pktSession.obj
 0001:000126b0       _ProcessPktData            004136b0 f   pktSession.obj
 0001:000127e0       _ProcessDEDModeFrame       004137e0 f   pktSession.obj
 0001:00012e10       _DisplaySessionStats       00413e10 f   pktSession.obj
 0001:00012f40       _decode_data               00413f40 f   rs.obj
 0001:00013100       _encode_data               00414100 f   rs.obj
 0001:00013200       _SCSSendCommandToHost      00414200 f   SCSHostInterface.obj
 0001:00013570       _SCSSendReplyToHost        00414570 f   SCSHostInterface.obj
 0001:000135c0       _SCSSendCommandToHostQuiet 004145c0 f   SCSHostInterface.obj
 0001:00013920       _SCSAddTagToDataAndSendToHost 00414920 f   SCSHostInterface.obj
 0001:000139e0       _CheckStatusChange         004149e0 f   SCSHostInterface.obj
 0001:00013a50       _CheckForControl           00414a50 f   SCSHostInterface.obj
 0001:00013ae0       _CheckForData              00414ae0 f   SCSHostInterface.obj
 0001:00013be0       _CheckForLog               00414be0 f   SCSHostInterface.obj
 0001:00013c90       _EmUnstuff                 00414c90 f   SCSHostInterface.obj
 0001:00013cd0       _ProcessSCSHostFrame       00414cd0 f   SCSHostInterface.obj
 0001:000144c0       _ProcessSCSTextCommand     004154c0 f   SCSHostInterface.obj
 0001:00014b70       _ProcessSCSPacket          00415b70 f   SCSHostInterface.obj
 0001:00014f30       _EmCRCStuffAndSend         00415f30 f   SCSHostInterface.obj
 0001:00015010       _ProcessRIGPacket          00416010 f   SCSHostInterface.obj
 0001:00015140       _PrintCarrierFlags         00416140 f   SoundInput.obj
 0001:00015380       _IsShortControlFrame       00416380 f   SoundInput.obj
 0001:000153b0       _IsDataFrame               004163b0 f   SoundInput.obj
 0001:00015420       _IsConReq                  00416420 f   SoundInput.obj
 0001:00015450       _InitializeMixedSamples    00416450 f   SoundInput.obj
 0001:000154a0       _FSMixFilter2500Hz         004164a0 f   SoundInput.obj
 0001:00015720       _Filter75Hz                00416720 f   SoundInput.obj
 0001:00015920       _MixNCOFilter              00416920 f   SoundInput.obj
 0001:00015a30       _CorrectRawDataWithRS      00416a30 f   SoundInput.obj
 0001:00015cf0       _ProcessNewSamples         00416cf0 f   SoundInput.obj
 0001:00016b10       _GoertzelRealImag          00417b10 f   SoundInput.obj
 0001:00016cf0       _GoertzelRealImagHann120   00417cf0 f   SoundInput.obj
 0001:000172a0       _GoertzelRealImagHann960   004182a0 f   SoundInput.obj
 0001:00017840       _GoertzelRealImagHanning   00418840 f   SoundInput.obj
 0001:00017ae0       _SpectralPeakLocator       00418ae0 f   SoundInput.obj
 0001:00017bf0       _SearchFor2ToneLeader4     00418bf0 f   SoundInput.obj
 0001:000181c0       _Acquire2ToneLeaderSymbolFraming 004191c0 f   SoundInput.obj
 0001:000182e0       _EnvelopeCorrelator        004192e0 f   SoundInput.obj
 0001:000185b0       _AcquireFrameSyncRSB       004195b0 f   SoundInput.obj
 0001:00018830       _DemodFrameType4FSK        00419830 f   SoundInput.obj
 0001:00018a50       _ComputeDecodeDistance     00419a50 f   SoundInput.obj
 0001:00018b00       _MinimalDistanceFrameType  00419b00 f   SoundInput.obj
 0001:00019280       _Acquire4FSKFrameType      0041a280 f   SoundInput.obj
 0001:000193c0       _Demod1Car4FSK             0041a3c0 f   SoundInput.obj
 0001:00019610       _Demod1Car4FSKChar         0041a610 f   SoundInput.obj
 0001:00019930       _Demod1Car4FSK600          0041a930 f   SoundInput.obj
 0001:00019ab0       _Demod1Car4FSK600Char      0041aab0 f   SoundInput.obj
 0001:00019c20       _Decode4FSKConReq          0041ac20 f   SoundInput.obj
 0001:00019df0       _Compute4FSKSN             0041adf0 f   SoundInput.obj
 0001:00019ef0       _Decode4FSKPing            0041aef0 f   SoundInput.obj
 0001:0001a130       _Decode4FSKConACK          0041b130 f   SoundInput.obj
 0001:0001a1b0       _Decode4FSKPingACK         0041b1b0 f   SoundInput.obj
 0001:0001a250       _Decode4FSKID              0041b250 f   SoundInput.obj
 0001:0001a3c0       _DemodulateFrame           0041b3c0 f   SoundInput.obj
 0001:0001a550       _DecodeFrame               0041b550 f   SoundInput.obj
 0001:0001b100       _Update4FSKConstellation   0041c100 f   SoundInput.obj
 0001:0001b3c0       _Update16FSKConstellation  0041c3c0 f   SoundInput.obj
 0001:0001b670       _Update8FSKConstellation   0041c670 f   SoundInput.obj
 0001:0001b8c0       _UpdatePhaseConstellation  0041c8c0 f   SoundInput.obj
 0001:0001c050       _Decode1CarPSK             0041d050 f   SoundInput.obj
 0001:0001c4f0       _Track1CarPSK              0041d4f0 f   SoundInput.obj
 0001:0001c5a0       _CorrectPhaseForTuningOffset 0041d5a0 f   SoundInput.obj
 0001:0001c7f0       _Decode1CarQAM             0041d7f0 f   SoundInput.obj
 0001:0001c940       _InitDemodPSK              0041d940 f   SoundInput.obj
 0001:0001cb70       _DemodPSK                  0041db70 f   SoundInput.obj
 0001:0001d100       _Demod1CarPSKChar          0041e100 f   SoundInput.obj
 0001:0001d2c0       _InitDemodQAM              0041e2c0 f   SoundInput.obj
 0001:0001d4c0       _WeightedAngleAvg          0041e4c0 f   SoundInput.obj
 0001:0001d570       _SaveQAMSamples            0041e570 f   SoundInput.obj
 0001:0001d670       _SavePSKSamples            0041e670 f   SoundInput.obj
 0001:0001d730       _DemodQAM                  0041e730 f   SoundInput.obj
 0001:0001dc90       _Demod1CarQAMChar          0041ec90 f   SoundInput.obj
 0001:0001de10       _Format_Addr               0041ee10 f   TCPHostInterface.obj
 0001:0001de50       _TCPSendCommandToHost      0041ee50 f   TCPHostInterface.obj
 0001:0001ded0       _TCPSendCommandToHostQuiet 0041eed0 f   TCPHostInterface.obj
 0001:0001df40       _TCPAddTagToDataAndSendToHost 0041ef40 f   TCPHostInterface.obj
 0001:0001dfd0       _ProcessReceivedControl    0041efd0 f   TCPHostInterface.obj
 0001:0001e180       _ProcessReceivedData       0041f180 f   TCPHostInterface.obj
 0001:0001e2c0       _OpenSocket4               0041f2c0 f   TCPHostInterface.obj
 0001:0001e3f0       _OpenUDPSocket             0041f3f0 f   TCPHostInterface.obj
 0001:0001e4f0       _TCPHostInit               0041f4f0 f   TCPHostInterface.obj
 0001:0001e5a0       _TCPHostPoll               0041f5a0 f   TCPHostInterface.obj
 0001:0001ee10       _SendtoGUI                 0041fe10 f   TCPHostInterface.obj
 0001:0001eea0       _Debugprintf               0041fea0 f   Waveout.obj
 0001:0001ef30       _CtrlHandler               0041ff30 f   Waveout.obj
 0001:0001f050       _main                      00420050 f   Waveout.obj
 0001:0001f390       _printtick                 00420390 f   Waveout.obj
 0001:0001f3d0       _txSleep                   004203d0 f   Waveout.obj
 0001:0001f440       _SendtoCard                00420440 f   Waveout.obj
 0001:0001f570       _GetSoundDevices           00420570 f   Waveout.obj
 0001:0001f7c0       _InitSound                 004207c0 f   Waveout.obj
 0001:0001f9b0       _PollReceivedSamples       004209b0 f   Waveout.obj
 0001:0001fc10       _WriteDebugLog             00420c10 f   Waveout.obj
 0001:0001fda0       _Statsprintf               00420da0 f   Waveout.obj
 0001:0001ff10       _SoundFlush                00420f10 f   Waveout.obj
 0001:000200b0       _RadioPTT                  004210b0 f   Waveout.obj
 0001:00020140       _KeyPTT                    00421140 f   Waveout.obj
 0001:00020200       _displayState              00421200 f   Waveout.obj
 0001:00020260       _DrawTXFrame               00421260 f   Waveout.obj
 0001:00020260       _DrawTXMode                00421260 f   Waveout.obj
 0001:000202c0       _DrawRXFrame               004212c0 f   Waveout.obj
 0001:00020320       _SetLED                    00421320 f   Waveout.obj
 0001:00020340       _displayCall               00421340 f   Waveout.obj
 0001:000203a0       _OpenCOMPort               004213a0 f   Waveout.obj
 0001:000205b0       _ReadCOMBlock              004215b0 f   Waveout.obj
 0001:00020620       _WriteCOMBlock             00421620 f   Waveout.obj
 0001:00020670       _CatWrite                  00421670 f   Waveout.obj
 0001:000206c0       _DrawAxes                  004216c0 f   Waveout.obj
 0001:00020740       _BPQOpenSerialPort         00421740 f   WinSerial.obj
 0001:000207f0       _SerialSendData            004217f0 f   WinSerial.obj
 0001:00020860       _BPQSerialGetData          00421860 f   WinSerial.obj
 0001:00020930       _PutString                 00421930 f   WinSerial.obj
 0001:00020950       _PutChar                   00421950 f   WinSerial.obj
 0001:00020970       _SerialHostInit            00421970 f   WinSerial.obj
 0001:00020a40       _SerialHostPoll            00421a40 f   WinSerial.obj
 0001:00020aa6       @__security_check_cookie@4 00421aa6 f   LIBCMT:secchk.obj
 0001:00020ab5       _sprintf                   00421ab5 f   LIBCMT:sprintf.obj
 0001:00020b30       __time32                   00421b30 f   LIBCMT:time.obj
 0001:00020b69       _abort                     00421b69 f   LIBCMT:abort.obj
 0001:00020c60       _memmove                   00421c60 f   LIBCMT:memmove.obj
 0001:00020fe0       _strchr                    00421fe0 f   LIBCMT:strchr.obj
 0001:00020fe6       ___from_strstr_to_strchr   00421fe6     LIBCMT:strchr.obj
 0001:0002109e       _atol                      0042209e f   LIBCMT:atox.obj
 0001:000210af       _atoi                      004220af f   LIBCMT:atox.obj
 0001:000210b4       ??0_LocaleUpdate@@QAE@PAUlocaleinfo_struct@@@Z 004220b4 f i LIBCMT:_ctype.obj
 0001:00021136       __isalpha_l                00422136 f i LIBCMT:_ctype.obj
 0001:0002118a       _isalpha                   0042218a f i LIBCMT:_ctype.obj
 0001:000211b5       __isdigit_l                004221b5 f i LIBCMT:_ctype.obj
 0001:00021204       _isdigit                   00422204 f i LIBCMT:_ctype.obj
 0001:0002122d       __isalnum_l                0042222d f i LIBCMT:_ctype.obj
 0001:00021281       _isalnum                   00422281 f i LIBCMT:_ctype.obj
 0001:000212ac       _printf                    004222ac f   LIBCMT:printf.obj
 0001:0002135b       __get_printf_count_output  0042235b f   LIBCMT:printf.obj
 0001:00021371       _rand                      00422371 f   LIBCMT:rand.obj
 0001:00021393       __amsg_exit                00422393 f   LIBCMT:crt0dat.obj
 0001:000213b7       ___crtCorExitProcess       004223b7 f   LIBCMT:crt0dat.obj
 0001:000213dd       ___crtExitProcess          004223dd f   LIBCMT:crt0dat.obj
 0001:000213f2       __lockexit                 004223f2 f   LIBCMT:crt0dat.obj
 0001:000213fb       __unlockexit               004223fb f   LIBCMT:crt0dat.obj
 0001:0002141c       __initterm_e               0042241c f   LIBCMT:crt0dat.obj
 0001:0002143c       __get_osplatform           0042243c f   LIBCMT:crt0dat.obj
 0001:00021473       __get_winmajor             00422473 f   LIBCMT:crt0dat.obj
 0001:000214af       __cinit                    004224af f   LIBCMT:crt0dat.obj
 0001:0002160f       _exit                      0042260f f   LIBCMT:crt0dat.obj
 0001:00021620       __exit                     00422620 f   LIBCMT:crt0dat.obj
 0001:00021631       __cexit                    00422631 f   LIBCMT:crt0dat.obj
 0001:00021640       __c_exit                   00422640 f   LIBCMT:crt0dat.obj
 0001:0002164f       __init_pointers            0042264f f   LIBCMT:crt0dat.obj
 0001:000216a0       _memchr                    004226a0 f   LIBCMT:memchr.obj
 0001:0002174d       ___iob_func                0042274d f   LIBCMT:_file.obj
 0001:00021753       ___initstdio               00422753 f   LIBCMT:_file.obj
 0001:00021804       ___endstdio                00422804 f   LIBCMT:_file.obj
 0001:00021824       __lock_file                00422824 f   LIBCMT:_file.obj
 0001:00021853       __lock_file2               00422853 f   LIBCMT:_file.obj
 0001:00021876       __unlock_file              00422876 f   LIBCMT:_file.obj
 0001:000218a5       __unlock_file2             004228a5 f   LIBCMT:_file.obj
 0001:000218c8       _fprintf                   004228c8 f   LIBCMT:fprintf.obj
 0001:00021ae0       _qsort                     00422ae0 f   LIBCMT:qsort.obj
 0001:00021d87       _strtok_s                  00422d87 f   LIBCMT:strtok_s.obj
 0001:00021e73       __freea                    00422e73 f i LIBCMT:strupr.obj
 0001:0002200a       __strupr_s_l               0042300a f   LIBCMT:strupr.obj
 0001:0002203d       __strupr                   0042303d f   LIBCMT:strupr.obj
 0001:0002209f       _free                      0042309f f   LIBCMT:free.obj
 0001:0002212d       _V6_HeapAlloc              0042312d f   LIBCMT:malloc.obj
 0001:0002217c       _malloc                    0042317c f   LIBCMT:malloc.obj
 0001:0002223f       _realloc                   0042323f f   LIBCMT:realloc.obj
 0001:0002245a       __memicmp_l                0042345a f   LIBCMT:memicmp.obj
 0001:0002252d       __memicmp                  0042352d f   LIBCMT:memicmp.obj
 0001:00022590       _ceil                      00423590 f   LIBCMT:ceil_pentium4.obj
 0001:000225d0       __ceil_pentium4            004235d0 f   LIBCMT:ceil_pentium4.obj
 0001:000226b0       _strstr                    004236b0 f   LIBCMT:strstr.obj
 0001:00022736       __tolower_l                00423736 f   LIBCMT:tolower.obj
 0001:0002284d       _tolower                   0042384d f   LIBCMT:tolower.obj
 0001:00022874       __get_sys_err_msg          00423874 f i LIBCMT:perror.obj
 0001:00022897       _perror                    00423897 f   LIBCMT:perror.obj
 0001:00022925       __vsprintf_l               00423925 f   LIBCMT:vsprintf.obj
 0001:000229a1       _vsprintf                  004239a1 f   LIBCMT:vsprintf.obj
 0001:000229b8       _fputs                     004239b8 f   LIBCMT:fputs.obj
 0001:00022afa       __fsopen                   00423afa f   LIBCMT:fopen.obj
 0001:00022bbe       _fopen                     00423bbe f   LIBCMT:fopen.obj
 0001:00022bd1       __fwrite_nolock            00423bd1 f   LIBCMT:fwrite.obj
 0001:00022ceb       __fclose_nolock            00423ceb f   LIBCMT:fclose.obj
 0001:00022d5e       _fclose                    00423d5e f   LIBCMT:fclose.obj
 0001:00022ff5       _mainCRTStartup            00423ff5 f   LIBCMT:crt0.obj
 0001:00022fff       ___report_gsfailure        00423fff f   LIBCMT:gs_report.obj
 0001:00023103       __flsbuf                   00424103 f   LIBCMT:_flsbuf.obj
 0001:00023304       __output_l                 00424304 f   LIBCMT:output.obj
 0001:00023c9c       __initp_misc_invarg        00424c9c f   LIBCMT:invarg.obj
 0001:00023ca6       __invoke_watson            00424ca6 f   LIBCMT:invarg.obj
 0001:00023da2       __invalid_parameter        00424da2 f   LIBCMT:invarg.obj
 0001:00023dc6       __get_errno_from_oserr     00424dc6 f   LIBCMT:dosmap.obj
 0001:00023e01       __errno                    00424e01 f   LIBCMT:dosmap.obj
 0001:00023e14       ___doserrno                00424e14 f   LIBCMT:dosmap.obj
 0001:00023e27       __dosmaperr                00424e27 f   LIBCMT:dosmap.obj
 0001:00023e50       __aulldiv                  00424e50 f   LIBCMT:ulldiv.obj
 0001:00023ec0       _memset                    00424ec0 f   LIBCMT:memset.obj
 0001:00023f3a       __malloc_crt               00424f3a f   LIBCMT:crtheap.obj
 0001:00023f7a       __calloc_crt               00424f7a f   LIBCMT:crtheap.obj
 0001:00023fc2       __realloc_crt              00424fc2 f   LIBCMT:crtheap.obj
 0001:0002400d       __encode_pointer           0042500d f   LIBCMT:tidtable.obj
 0001:00024070       __encoded_null             00425070 f   LIBCMT:tidtable.obj
 0001:00024079       __decode_pointer           00425079 f   LIBCMT:tidtable.obj
 0001:000240dc       ___crtTlsAlloc@4           004250dc f   LIBCMT:tidtable.obj
 0001:000240e5       ___set_flsgetvalue         004250e5 f   LIBCMT:tidtable.obj
 0001:0002410f       __mtterm                   0042510f f   LIBCMT:tidtable.obj
 0001:0002414c       __initptd                  0042514c f   LIBCMT:tidtable.obj
 0001:00024200       __getptd_noexit            00425200 f   LIBCMT:tidtable.obj
 0001:00024283       __getptd                   00425283 f   LIBCMT:tidtable.obj
 0001:0002429b       __freefls@4                0042529b f   LIBCMT:tidtable.obj
 0001:000243bc       __mtinit                   004253bc f   LIBCMT:tidtable.obj
 0001:00024540       __initp_misc_winsig        00425540 f   LIBCMT:winsig.obj
 0001:0002458d       ___get_sigabrt             0042558d f   LIBCMT:winsig.obj
 0001:0002459a       _raise                     0042559a f   LIBCMT:winsig.obj
 0001:0002474a       __NMSG_WRITE               0042574a f   LIBCMT:crt0msg.obj
 0001:000248ea       __FF_MSGBANNER             004258ea f   LIBCMT:crt0msg.obj
 0001:000249aa       __VEC_memcpy               004259aa f   LIBCMT:p4_memcpy.obj
 0001:00024a8d       __sse2_mathfcns_init       00425a8d f   LIBCMT:mathfcns.obj
 0001:00024ccc       _strtol                    00425ccc f   LIBCMT:strtol.obj
 0001:00024f03       ___updatetmbcinfo          00425f03 f   LIBCMT:mbctype.obj
 0001:00025021       __setmbcp_nolock           00426021 f   LIBCMT:mbctype.obj
 0001:000251cc       __setmbcp                  004261cc f   LIBCMT:mbctype.obj
 0001:00025366       ___initmbctable            00426366 f   LIBCMT:mbctype.obj
 0001:00025384       ___freetlocinfo            00426384 f   LIBCMT:setlocal.obj
 0001:000254c4       ___addlocaleref            004264c4 f   LIBCMT:setlocal.obj
 0001:0002554a       ___removelocaleref         0042654a f   LIBCMT:setlocal.obj
 0001:00025614       ___updatetlocinfo          00426614 f   LIBCMT:setlocal.obj
 0001:0002568a       __isctype_l                0042668a f   LIBCMT:isctype.obj
 0001:00025740       __stbuf                    00426740 f   LIBCMT:_sftbuf.obj
 0001:000257d6       __ftbuf                    004267d6 f   LIBCMT:_sftbuf.obj
 0001:00025808       __SEH_prolog4              00426808 f   LIBCMT:sehprolg4.obj
 0001:0002584d       __SEH_epilog4              0042684d f   LIBCMT:sehprolg4.obj
 0001:00025870       __except_handler4          00426870 f   LIBCMT:chandler4.obj
 0001:00025a06       __mtinitlocks              00426a06 f   LIBCMT:mlock.obj
 0001:00025a4f       __mtdeletelocks            00426a4f f   LIBCMT:mlock.obj
 0001:00025aa4       __unlock                   00426aa4 f   LIBCMT:mlock.obj
 0001:00025ab9       __mtinitlocknum            00426ab9 f   LIBCMT:mlock.obj
 0001:00025b7c       __lock                     00426b7c f   LIBCMT:mlock.obj
 0001:00025c5a       ___onexitinit              00426c5a f   LIBCMT:onexit.obj
 0001:00025c89       __onexit                   00426c89 f   LIBCMT:onexit.obj
 0001:00025cc5       _atexit                    00426cc5 f   LIBCMT:onexit.obj
 0001:00025cd7       __RTC_Initialize           00426cd7 f   LIBCMT:initsect.obj
 0001:00025cfb       __RTC_Terminate            00426cfb f   LIBCMT:initsect.obj
 0001:00025d1f       __initp_misc_cfltcvt_tab   00426d1f f   LIBCMT:cmiscdat.obj
 0001:00025d40       __ValidateImageBase        00426d40 f   LIBCMT:pesect.obj
 0001:00025d70       __FindPESection            00426d70 f   LIBCMT:pesect.obj
 0001:00025db2       __IsNonwritableInCurrentImage 00426db2 f   LIBCMT:pesect.obj
 0001:00025e1e       ?terminate@@YAXXZ          00426e1e f   LIBCMT:hooks.obj
 0001:00025e57       __initp_eh_hooks           00426e57 f   LIBCMT:hooks.obj
 0001:00025e68       __fpclear                  00426e68 f   LIBCMT:fpinit.obj
 0001:00025e68       __initp_misc_winxfltr      00426e68 f   LIBCMT:winxfltr.obj
 0001:00025e69       __XcptFilter               00426e69 f   LIBCMT:winxfltr.obj
 0001:00025fd8       __initp_misc_rand_s        00426fd8 f   LIBCMT:rand_s.obj
 0001:00025fe2       __initp_misc_purevirt      00426fe2 f   LIBCMT:inithelp.obj
 0001:00025fec       __initp_misc_initcrit      00426fec f   LIBCMT:initcrit.obj
 0001:00026006       ___crtInitCritSecAndSpinCount 00427006 f   LIBCMT:initcrit.obj
 0001:000260cb       __initp_heap_handler       004270cb f   LIBCMT:handler.obj
 0001:000260d5       __callnewh                 004270d5 f   LIBCMT:handler.obj
 0001:000260f7       __ioinit                   004270f7 f   LIBCMT:ioinit.obj
 0001:00026337       __fcloseall                00427337 f   LIBCMT:closeall.obj
 0001:000263d6       __flush                    004273d6 f   LIBCMT:fflush.obj
 0001:00026438       __fflush_nolock            00427438 f   LIBCMT:fflush.obj
 0001:00026554       __flushall                 00427554 f   LIBCMT:fflush.obj
 0001:0002655d       __fileno                   0042755d f   LIBCMT:fileno.obj
 0001:0002658a       _strcpy_s                  0042758a f   LIBCMT:strcpy_s.obj
 0001:00026991       ___crtLCMapStringA         00427991 f   LIBCMT:a_map.obj
 0001:000269d4       _strnlen                   004279d4 f   LIBCMT:strlen_s.obj
 0001:000269f0       __alloca_probe_16          004279f0 f   LIBCMT:alloca16.obj
 0001:00026a06       __alloca_probe_8           00427a06     LIBCMT:alloca16.obj
 0001:00026a1c       ___heap_select             00427a1c f   LIBCMT:heapinit.obj
 0001:00026a77       __heap_init                00427a77 f   LIBCMT:heapinit.obj
 0001:00026ad1       ___sbh_heap_init           00427ad1 f   LIBCMT:sbheap.obj
 0001:00026b19       ___sbh_find_block          00427b19 f   LIBCMT:sbheap.obj
 0001:00026b44       ___sbh_free_block          00427b44 f   LIBCMT:sbheap.obj
 0001:00026e58       ___sbh_alloc_new_region    00427e58 f   LIBCMT:sbheap.obj
 0001:00026f08       ___sbh_alloc_new_group     00427f08 f   LIBCMT:sbheap.obj
 0001:0002700e       ___sbh_resize_block        0042800e f   LIBCMT:sbheap.obj
 0001:000272ed       ___sbh_alloc_block         004282ed f   LIBCMT:sbheap.obj
 0001:000275d0       _memcpy                    004285d0 f   LIBCMT:memcpy.obj
 0001:00027940       ___ascii_memicmp           00428940 f   LIBCMT:_memicmp.obj
 0001:00027999       ___libm_error_support      00428999 f   LIBCMT:libm_error.obj
 0001:00027c49       __ceil_default             00428c49 f   LIBCMT:ceil.obj
 0001:00027d1a       __isleadbyte_l             00428d1a f i LIBCMT:_wctype.obj
 0001:00027d50       _isleadbyte                00428d50 f i LIBCMT:_wctype.obj
 0001:00027d5e       ___sys_nerr                00428d5e f   LIBCMT:syserr.obj
 0001:00027d64       ___sys_errlist             00428d64 f   LIBCMT:syserr.obj
 0001:00027d6a       __set_osfhnd               00428d6a f   LIBCMT:osfinfo.obj
 0001:00027de7       __free_osfhnd              00428de7 f   LIBCMT:osfinfo.obj
 0001:00027e68       __get_osfhandle            00428e68 f   LIBCMT:osfinfo.obj
 0001:00027ed9       ___lock_fhandle            00428ed9 f   LIBCMT:osfinfo.obj
 0001:00027f79       __unlock_fhandle           00428f79 f   LIBCMT:osfinfo.obj
 0001:00027f9b       __alloc_osfhnd             00428f9b f   LIBCMT:osfinfo.obj
 0001:0002813a       __write_nolock             0042913a f   LIBCMT:write.obj
 0001:00028700       __write                    00429700 f   LIBCMT:write.obj
 0001:000287e0       _strlen                    004297e0 f   LIBCMT:strlen.obj
 0001:0002886b       __vsnprintf_l              0042986b f   LIBCMT:vsnprint.obj
 0001:0002891c       __vsnprintf                0042991c f   LIBCMT:vsnprint.obj
 0001:0002891c       _vsnprintf                 0042991c f   LIBCMT:vsnprint.obj
 0001:00028937       __openfile                 00429937 f   LIBCMT:_open.obj
 0001:00028bd9       __getstream                00429bd9 f   LIBCMT:stream.obj
 0001:00028d00       __local_unwind4            00429d00 f   LIBCMT:exsup4.obj
 0001:00028dd6       __seh_longjmp_unwind4@4    00429dd6 f   LIBCMT:exsup4.obj
 0001:00028df2       @_EH4_CallFilterFunc@8     00429df2 f   LIBCMT:exsup4.obj
 0001:00028e09       @_EH4_TransferToHandler@8  00429e09 f   LIBCMT:exsup4.obj
 0001:00028e22       @_EH4_GlobalUnwind@4       00429e22 f   LIBCMT:exsup4.obj
 0001:00028e3c       @_EH4_LocalUnwind@16       00429e3c f   LIBCMT:exsup4.obj
 0001:00028e53       __close_nolock             00429e53 f   LIBCMT:close.obj
 0001:00028ee7       __close                    00429ee7 f   LIBCMT:close.obj
 0001:00028fb4       __freebuf                  00429fb4 f   LIBCMT:_freebuf.obj
 0001:00028fe0       __setenvp                  00429fe0 f   LIBCMT:stdenvp.obj
 0001:00029253       __setargv                  0042a253 f   LIBCMT:stdargv.obj
 0001:0002930c       ___crtGetEnvironmentStringsA 0042a30c f   LIBCMT:a_env.obj
 0001:00029441       ___security_init_cookie    0042a441 f   LIBCMT:gs_support.obj
 0001:000294d5       __crt_debugger_hook        0042a4d5 f   LIBCMT:dbghook.obj
 0001:000294dd       __lseeki64_nolock          0042a4dd f   LIBCMT:lseeki64.obj
 0001:00029560       __lseeki64                 0042a560 f   LIBCMT:lseeki64.obj
 0001:00029679       __getbuf                   0042a679 f   LIBCMT:_getbuf.obj
 0001:000296bd       __isatty                   0042a6bd f   LIBCMT:isatty.obj
 0001:0002971b       __wctomb_s_l               0042a71b f   LIBCMT:wctomb.obj
 0001:0002987a       _wctomb_s                  0042a87a f   LIBCMT:wctomb.obj
 0001:000298a0       __aulldvrm                 0042a8a0 f   LIBCMT:ulldvrm.obj
 0001:0002998c       __VEC_memzero              0042a98c f   LIBCMT:p4_memset.obj
 0001:00029a1b       __calloc_impl              0042aa1b f   LIBCMT:calloc.obj
 0001:00029b39       ___crtMessageBoxA          0042ab39 f   LIBCMT:crtmbox.obj
 0001:00029cd7       _strcat_s                  0042acd7 f   LIBCMT:strcat_s.obj
 0001:00029d48       _strncpy_s                 0042ad48 f   LIBCMT:strncpy_s.obj
 0001:00029dfb       __set_error_mode           0042adfb f   LIBCMT:errmode.obj
 0001:00029e91       __get_sse2_info            0042ae91 f   LIBCMT:cpu_disp.obj
 0001:00029ef1       ___sse2_available_init     0042aef1 f   LIBCMT:cpu_disp.obj
 0001:00029f00       __allmul                   0042af00 f   LIBCMT:llmul.obj
 0001:0002a0ec       ___crtGetStringTypeA       0042b0ec f   LIBCMT:a_str.obj
 0001:0002a12c       ___free_lc_time            0042b12c f   LIBCMT:inittime.obj
 0001:0002a2bc       ___free_lconv_num          0042b2bc f   LIBCMT:initnum.obj
 0001:0002a2fc       ___free_lconv_mon          0042b2fc f   LIBCMT:initmon.obj
 0001:0002a390       _strcspn                   0042b390 f   LIBCMT:strcspn.obj
 0001:0002a3e0       _strcmp                    0042b3e0 f   LIBCMT:strcmp.obj
 0001:0002a468       _strncmp                   0042b468 f   LIBCMT:strncmp.obj
 0001:0002a530       _strpbrk                   0042b530 f   LIBCMT:strpbrk.obj
 0001:0002a570       __msize                    0042b570 f   LIBCMT:msize.obj
 0001:0002a613       __fptrap                   0042b613 f   LIBCMT:crt0fp.obj
 0001:0002a61c       __commit                   0042b61c f   LIBCMT:commit.obj
 0001:0002a6fd       ___ansicp                  0042b6fd f   LIBCMT:convrtcp.obj
 0001:0002a744       ___convertcp               0042b744 f   LIBCMT:convrtcp.obj
 0001:0002a900       __chkstk                   0042b900 f   LIBCMT:chkstk.obj
 0001:0002a900       __alloca_probe             0042b900     LIBCMT:chkstk.obj
 0001:0002a92b       __matherr                  0042b92b f   LIBCMT:matherr.obj
 0001:0002a92e       __cfltcvt_init             0042b92e f   LIBCMT:fpinit.obj
 0001:0002a98e       __fpmath                   0042b98e f   LIBCMT:fpinit.obj
 0001:0002a9ac       __raise_exc_ex             0042b9ac f   LIBCMT:fpexcept.obj
 0001:0002ac86       __raise_exc                0042bc86 f   LIBCMT:fpexcept.obj
 0001:0002aca7       __handle_exc               0042bca7 f   LIBCMT:fpexcept.obj
 0001:0002ae88       __set_errno_from_matherr   0042be88 f   LIBCMT:fpexcept.obj
 0001:0002aeb0       __errcode                  0042beb0 f   LIBCMT:fpexcept.obj
 0001:0002aedd       __umatherr                 0042bedd f   LIBCMT:fpexcept.obj
 0001:0002af7b       __handle_qnan1             0042bf7b f   LIBCMT:fpexcept.obj
 0001:0002afce       __except1                  0042bfce f   LIBCMT:fpexcept.obj
 0001:0002b088       __frnd                     0042c088 f   LIBCMT:frnd.obj
 0001:0002b099       __set_exp                  0042c099 f   LIBCMT:util.obj
 0001:0002b0c3       __sptype                   0042c0c3 f   LIBCMT:util.obj
 0001:0002b11e       __decomp                   0042c11e f   LIBCMT:util.obj
 0001:0002b1cd       __statfp                   0042c1cd f   LIBCMT:fpctrl.obj
 0001:0002b1d8       __clrfp                    0042c1d8 f   LIBCMT:fpctrl.obj
 0001:0002b1e4       __ctrlfp                   0042c1e4 f   LIBCMT:fpctrl.obj
 0001:0002b20b       __set_statfp               0042c20b f   LIBCMT:fpctrl.obj
 0001:0002b261       ___set_fpsr_sse2           0042c261 f   LIBCMT:fpctrl.obj
 0001:0002b2d3       __putwch_nolock            0042c2d3 f   LIBCMT:putwch.obj
 0001:0002b395       __mbtowc_l                 0042c395 f   LIBCMT:mbtowc.obj
 0001:0002b4a8       _mbtowc                    0042c4a8 f   LIBCMT:mbtowc.obj
 0001:0002bafd       __sopen_helper             0042cafd f   LIBCMT:open.obj
 0001:0002bbc9       __sopen_s                  0042cbc9 f   LIBCMT:open.obj
 0001:0002bbe7       __mbsicmp_l                0042cbe7 f   LIBCMT:mbsicmp.obj
 0001:0002be01       __mbsicmp                  0042ce01 f   LIBCMT:mbsicmp.obj
 0001:0002be14       __mbsnbcmp_l               0042ce14 f   LIBCMT:mbsnbcmp.obj
 0001:0002bf7d       __mbsnbcmp                 0042cf7d f   LIBCMT:mbsnbcmp.obj
 0001:0002bf94       __global_unwind2           0042cf94 f   LIBCMT:exsup.obj
 0001:0002bff9       __local_unwind2            0042cff9 f   LIBCMT:exsup.obj
 0001:0002c07d       __abnormal_termination     0042d07d f   LIBCMT:exsup.obj
 0001:0002c0a0       __NLG_Notify1              0042d0a0 f   LIBCMT:exsup.obj
 0001:0002c0a9       __NLG_Notify               0042d0a9 f   LIBCMT:exsup.obj
 0001:0002c0c0       __NLG_Dispatch2            0042d0c0     LIBCMT:exsup.obj
 0001:0002c0c0       __NLG_Dispatch             0042d0c0     LIBCMT:exsup.obj
 0001:0002c0c8       __NLG_Call                 0042d0c8 f   LIBCMT:exsup.obj
 0001:0002c0ca       __NLG_Return2              0042d0ca     LIBCMT:exsup.obj
 0001:0002c11c       __ismbblead                0042d11c f   LIBCMT:ismbbyte.obj
 0001:0002c12f       ___ascii_stricmp           0042d12f f   LIBCMT:stricmp.obj
 0001:0002c164       __stricmp_l                0042d164 f   LIBCMT:stricmp.obj
 0001:0002c237       __forcdecpt_l              0042d237 f   LIBCMT:cvt.obj
 0001:0002c2a8       __cropzeros_l              0042d2a8 f   LIBCMT:cvt.obj
 0001:0002c328       __positive                 0042d328 f   LIBCMT:cvt.obj
 0001:0002c33e       __fassign_l                0042d33e f   LIBCMT:cvt.obj
 0001:0002c37e       __fassign                  0042d37e f   LIBCMT:cvt.obj
 0001:0002c3b2       __forcdecpt                0042d3b2 f   LIBCMT:cvt.obj
 0001:0002c3c0       __cropzeros                0042d3c0 f   LIBCMT:cvt.obj
 0001:0002c53b       __cftoe_l                  0042d53b f   LIBCMT:cvt.obj
 0001:0002c609       __cftoe                    0042d609 f   LIBCMT:cvt.obj
 0001:0002c627       __cftoa_l                  0042d627 f   LIBCMT:cvt.obj
 0001:0002ca8d       __cftof_l                  0042da8d f   LIBCMT:cvt.obj
 0001:0002cb46       __cftog_l                  0042db46 f   LIBCMT:cvt.obj
 0001:0002cc3e       __cfltcvt_l                0042dc3e f   LIBCMT:cvt.obj
 0001:0002ccc4       __cfltcvt                  0042dcc4 f   LIBCMT:cvt.obj
 0001:0002cce5       __setdefaultprecision      0042dce5 f   LIBCMT:fp8.obj
 0001:0002cd0e       __ms_p5_test_fdiv          0042dd0e f   LIBCMT:testfdiv.obj
 0001:0002cd4a       __ms_p5_mp_test_fdiv       0042dd4a f   LIBCMT:testfdiv.obj
 0001:0002cd73       ___initconout              0042dd73 f   LIBCMT:initcon.obj
 0001:0002cd92       ___termcon                 0042dd92 f   LIBCMT:initcon.obj
 0001:0002cdbf       __chsize_nolock            0042ddbf f   LIBCMT:chsize.obj
 0001:0002cf73       __read_nolock              0042df73 f   LIBCMT:read.obj
 0001:0002d515       __lseek_nolock             0042e515 f   LIBCMT:lseek.obj
 0001:0002d587       __setmode_nolock           0042e587 f   LIBCMT:setmode.obj
 0001:0002d643       __get_fmode                0042e643 f   LIBCMT:setmode.obj
 0001:0002d680       ___ascii_strnicmp          0042e680 f   LIBCMT:_strnicm.obj
 0001:0002d6f0       _strrchr                   0042e6f0 f   LIBCMT:strrchr.obj
 0001:0002d71d       __atodbl_l                 0042e71d f   LIBCMT:atodbl.obj
 0001:0002d7c3       __atoflt_l                 0042e7c3 f   LIBCMT:atodbl.obj
 0001:0002d869       __fptostr                  0042e869 f   LIBCMT:_fptostr.obj
 0001:0002d926       ___dtold                   0042e926 f   LIBCMT:cfout.obj
 0001:0002d9e1       __fltout2                  0042e9e1 f   LIBCMT:cfout.obj
 0001:0002da70       __alldvrm                  0042ea70 f   LIBCMT:lldvrm.obj
 0001:0002db50       __aullshr                  0042eb50 f   LIBCMT:ullshr.obj
 0001:0002db6f       __controlfp_s              0042eb6f f   LIBCMT:contrlfp.obj
 0001:0002dbd9       __ld12tod                  0042ebd9 f   LIBCMT:intrncvt.obj
 0001:0002e11b       __ld12tof                  0042f11b f   LIBCMT:intrncvt.obj
 0001:0002e65d       ___strgtold12_l            0042f65d f   LIBCMT:strgtold.obj
 0001:0002ed21       _$I10_OUTPUT               0042fd21 f   LIBCMT:x10fout.obj
 0001:0002f717       __control87                00430717 f i LIBCMT:ieee87.obj
 0001:0002fa1a       ___mtold12                 00430a1a f   LIBCMT:mantold.obj
 0001:0002fbe6       _closesocket@4             00430be6 f   WS2_32:WS2_32.dll
 0001:0002fbec       _send@16                   00430bec f   WS2_32:WS2_32.dll
 0001:0002fbf2       _accept@12                 00430bf2 f   WS2_32:WS2_32.dll
 0001:0002fbf8       _listen@8                  00430bf8 f   WS2_32:WS2_32.dll
 0001:0002fbfe       ___WSAFDIsSet@8            00430bfe f   WS2_32:WS2_32.dll
 0001:0002fc04       _socket@12                 00430c04 f   WS2_32:WS2_32.dll
 0001:0002fc0a       _bind@12                   00430c0a f   WS2_32:WS2_32.dll
 0001:0002fc10       _recv@16                   00430c10 f   WS2_32:WS2_32.dll
 0001:0002fc16       _sendto@24                 00430c16 f   WS2_32:WS2_32.dll
 0001:0002fc1c       _setsockopt@20             00430c1c f   WS2_32:WS2_32.dll
 0001:0002fc22       _htons@4                   00430c22 f   WS2_32:WS2_32.dll
 0001:0002fc28       _WSAGetLastError@0         00430c28 f   WS2_32:WS2_32.dll
 0001:0002fc2e       _select@20                 00430c2e f   WS2_32:WS2_32.dll
 0001:0002fc34       _recvfrom@24               00430c34 f   WS2_32:WS2_32.dll
 0001:0002fc3a       _WSAStartup@8              00430c3a f   WS2_32:WS2_32.dll
 0001:0002fc40       _ioctlsocket@12            00430c40 f   WS2_32:WS2_32.dll
 0001:0002fc46       _RtlUnwind@16              00430c46 f   kernel32:KERNEL32.dll
 0001:0002fc50       __ftol2_sse                00430c50 f   LIBCMT:ftol2.obj
 0001:0002fc59       __ftol2_pentium4           00430c59 f   LIBCMT:ftol2.obj
 0001:0002fc6c       __ftol2_sse_excpt          00430c6c f   LIBCMT:ftol2.obj
 0001:0002fc86       __ftol2                    00430c86 f   LIBCMT:ftol2.obj
 0001:0002fd00       _atan2                     00430d00 f   LIBCMT:87ctriga.obj
 0001:0002fd0a       __CIatan2                  00430d0a f   LIBCMT:87ctriga.obj
 0001:0002fd20       _cos                       00430d20 f   LIBCMT:cos.obj
 0001:0002fd60       __CIcos                    00430d60 f   LIBCMT:cos.obj
 0001:0002fd9b       __CIcos_default            00430d9b f   LIBCMT:cos.obj
 0001:0002fdaf       __cos_default              00430daf     LIBCMT:cos.obj
 0001:0002fe50       _sin                       00430e50 f   LIBCMT:sin.obj
 0001:0002fe90       __CIsin                    00430e90 f   LIBCMT:sin.obj
 0001:0002fecb       __CIsin_default            00430ecb f   LIBCMT:sin.obj
 0001:0002fedf       __sin_default              00430edf     LIBCMT:sin.obj
 0001:0002ff80       _log10                     00430f80 f   LIBCMT:log10.obj
 0001:0002ffc0       __CIlog10                  00430fc0 f   LIBCMT:log10.obj
 0001:0002fffb       __CIlog10_default          00430ffb f   LIBCMT:log10.obj
 0001:0003000f       __log10_default            0043100f     LIBCMT:log10.obj
 0001:000300d0       __CIsqrt                   004310d0 f   LIBCMT:sqrt.obj
 0001:000300e4       _sqrt                      004310e4     LIBCMT:sqrt.obj
 0001:00030190       _pow                       00431190 f   LIBCMT:pow.obj
 0001:000301d0       __CIpow                    004311d0 f   LIBCMT:pow.obj
 0001:0003020b       __CIpow_default            0043120b f   LIBCMT:pow.obj
 0001:00030224       __pow_default              00431224     LIBCMT:pow.obj
 0001:00030420       _floor                     00431420 f   LIBCMT:floor_pentium4.obj
 0001:00030460       __floor_pentium4           00431460 f   LIBCMT:floor_pentium4.obj
 0001:00030550       __alldiv                   00431550 f   LIBCMT:lldiv.obj
 0001:0003061c       __fFATN2                   0043161c     LIBCMT:87triga.obj
 0001:0003066c       __rtpiby2                  0043166c     LIBCMT:87triga.obj
 0001:000306b0       __cintrindisp2             004316b0 f   LIBCMT:87cdisp.obj
 0001:000306ee       __cintrindisp1             004316ee f   LIBCMT:87cdisp.obj
 0001:0003072b       __ctrandisp2               0043172b f   LIBCMT:87cdisp.obj
 0001:000308c1       __ctrandisp1               004318c1 f   LIBCMT:87cdisp.obj
 0001:000308f4       __fload                    004318f4 f   LIBCMT:87cdisp.obj
 0001:00030930       __CIcos_pentium4           00431930 f   LIBCMT:cos_pentium4.obj
 0001:00030948       __cos_pentium4             00431948     LIBCMT:cos_pentium4.obj
 0001:00030ae0       __trandisp1                00431ae0 f   LIBCMT:87disp.obj
 0001:00030b47       __trandisp2                00431b47 f   LIBCMT:87disp.obj
 0001:00030bd3       __rttospopde               00431bd3     LIBCMT:87disp.obj
 0001:00030bd8       __rttospop                 00431bd8     LIBCMT:87disp.obj
 0001:00030bda       __rtnospop                 00431bda     LIBCMT:87disp.obj
 0001:00030bdc       __rttosnpop                00431bdc     LIBCMT:87disp.obj
 0001:00030bdd       __rtnospopde               00431bdd     LIBCMT:87disp.obj
 0001:00030be4       __rtzeropop                00431be4     LIBCMT:87disp.obj
 0001:00030be6       __rtzeronpop               00431be6     LIBCMT:87disp.obj
 0001:00030beb       __rtonepop                 00431beb     LIBCMT:87disp.obj
 0001:00030bed       __rtonenpop                00431bed     LIBCMT:87disp.obj
 0001:00030bf2       __tosnan1                  00431bf2     LIBCMT:87disp.obj
 0001:00030c1d       __nosnan2                  00431c1d     LIBCMT:87disp.obj
 0001:00030c1f       __tosnan2                  00431c1f     LIBCMT:87disp.obj
 0001:00030c47       __nan2                     00431c47     LIBCMT:87disp.obj
 0001:00030c86       __rtindfpop                00431c86     LIBCMT:87disp.obj
 0001:00030c88       __rtindfnpop               00431c88     LIBCMT:87disp.obj
 0001:00030c99       __rttosnpopde              00431c99     LIBCMT:87disp.obj
 0001:00030ca3       __rtchsifneg               00431ca3     LIBCMT:87disp.obj
 0001:00030cb0       __twoToTOS                 00431cb0 f   LIBCMT:common.obj
 0001:00030cc5       __load_CW                  00431cc5 f   LIBCMT:common.obj
 0001:00030cdc       __convertTOStoQNaN         00431cdc f   LIBCMT:common.obj
 0001:00030cf5       __fload_withFB             00431cf5 f   LIBCMT:common.obj
 0001:00030d38       __checkTOS_withFB          00431d38 f   LIBCMT:common.obj
 0001:00030d4e       __fast_exit                00431d4e f   LIBCMT:common.obj
 0001:00030d5b       __math_exit                00431d5b f   LIBCMT:common.obj
 0001:00030d85       __check_overflow_exit      00431d85 f   LIBCMT:common.obj
 0001:00030d99       __check_range_exit         00431d99 f   LIBCMT:common.obj
 0001:00030e40       __startTwoArgErrorHandling 00431e40 f   LIBCMT:genexcep.obj
 0001:00030e57       __startOneArgErrorHandling 00431e57 f   LIBCMT:genexcep.obj
 0001:00030ea0       __CIsin_pentium4           00431ea0 f   LIBCMT:sin_pentium4.obj
 0001:00030eb8       __sin_pentium4             00431eb8     LIBCMT:sin_pentium4.obj
 0001:00031070       __CIlog10_pentium4         00432070 f   LIBCMT:log10_pentium4.obj
 0001:00031088       __log10_pentium4           00432088     LIBCMT:log10_pentium4.obj
 0001:00031311       __fFEXP                    00432311     LIBCMT:87tran.obj
 0001:00031378       __rtinfpopse               00432378     LIBCMT:87tran.obj
 0001:0003137a       __rtinfnpopse              0043237a     LIBCMT:87tran.obj
 0001:0003138a       __fFLN                     0043238a     LIBCMT:87tran.obj
 0001:0003143f       __rtinfpop                 0043243f     LIBCMT:87tran.obj
 0001:00031441       __rtinfnpop                00432441     LIBCMT:87tran.obj
 0001:0003145e       __ffexpm1                  0043245e     LIBCMT:87tran.obj
 0001:00031510       __CIpow_pentium4           00432510 f   LIBCMT:pow_pentium4.obj
 0001:00031529       __pow_pentium4             00432529     LIBCMT:pow_pentium4.obj
 0001:00032070       __d_inttype                00433070 f   LIBCMT:powhlp.obj
 0001:000320d4       __powhlp                   004330d4 f   LIBCMT:powhlp.obj
 0001:00032212       __floor_default            00433212 f   LIBCMT:floor.obj
 0001:000322e3       __87except                 004332e3 f   LIBCMT:87except.obj
 0001:000323e0       _fdiv_main_routine         004333e0 f   LIBCMT:adj_fdiv.obj
 0001:000324f7       __adj_fdiv_r               004334f7 f   LIBCMT:adj_fdiv.obj
 0001:00032996       __fdivp_sti_st             00433996 f   LIBCMT:adj_fdiv.obj
 0001:000329a9       __fdivrp_sti_st            004339a9 f   LIBCMT:adj_fdiv.obj
 0001:000329bc       __adj_fdiv_m32             004339bc f   LIBCMT:adj_fdiv.obj
 0001:00032a08       __adj_fdiv_m64             00433a08 f   LIBCMT:adj_fdiv.obj
 0001:00032a54       __adj_fdiv_m16i            00433a54 f   LIBCMT:adj_fdiv.obj
 0001:00032a88       __adj_fdiv_m32i            00433a88 f   LIBCMT:adj_fdiv.obj
 0001:00032abc       __adj_fdivr_m32            00433abc f   LIBCMT:adj_fdiv.obj
 0001:00032b08       __adj_fdivr_m64            00433b08 f   LIBCMT:adj_fdiv.obj
 0001:00032b54       __adj_fdivr_m16i           00433b54 f   LIBCMT:adj_fdiv.obj
 0001:00032b88       __adj_fdivr_m32i           00433b88 f   LIBCMT:adj_fdiv.obj
 0001:00032bbc       __safe_fdiv                00433bbc f   LIBCMT:adj_fdiv.obj
 0001:00032bd1       __safe_fdivr               00433bd1 f   LIBCMT:adj_fdiv.obj
 0001:00032be6       __fprem_common             00433be6 f   LIBCMT:adj_fdiv.obj
 0001:00032dec       __adj_fprem                00433dec f   LIBCMT:adj_fdiv.obj
 0001:00032e9e       __fprem1_common            00433e9e f   LIBCMT:adj_fdiv.obj
 0001:000330a4       __adj_fprem1               004340a4 f   LIBCMT:adj_fdiv.obj
 0001:00033159       __safe_fprem               00434159 f   LIBCMT:adj_fdiv.obj
 0001:0003315f       __safe_fprem1              0043415f f   LIBCMT:adj_fdiv.obj
 0001:00033165       __adj_fpatan               00434165 f   LIBCMT:adj_fdiv.obj
 0001:00033168       __adj_fptan                00434168 f   LIBCMT:adj_fdiv.obj
 0001:0003316b       __fpclass                  0043416b f   LIBCMT:ieeemisc.obj
 0002:00000000       __imp__SetupComm@12        00435000     kernel32:KERNEL32.dll
 0002:00000004       __imp__CreateFileA@28      00435004     kernel32:KERNEL32.dll
 0002:00000008       __imp__SetPriorityClass@8  00435008     kernel32:KERNEL32.dll
 0002:0000000c       __imp__ClearCommError@12   0043500c     kernel32:KERNEL32.dll
 0002:00000010       __imp__GetCommState@8      00435010     kernel32:KERNEL32.dll
 0002:00000014       __imp__GetCurrentProcess@0 00435014     kernel32:KERNEL32.dll
 0002:00000018       __imp__QueryPerformanceCounter@4 00435018     kernel32:KERNEL32.dll
 0002:0000001c       __imp__EscapeCommFunction@8 0043501c     kernel32:KERNEL32.dll
 0002:00000020       __imp__WriteFile@20        00435020     kernel32:KERNEL32.dll
 0002:00000024       __imp__SetCommState@8      00435024     kernel32:KERNEL32.dll
 0002:00000028       __imp__SetCommTimeouts@8   00435028     kernel32:KERNEL32.dll
 0002:0000002c       __imp__Sleep@4             0043502c     kernel32:KERNEL32.dll
 0002:00000030       __imp__Beep@8              00435030     kernel32:KERNEL32.dll
 0002:00000034       __imp__ReadFile@20         00435034     kernel32:KERNEL32.dll
 0002:00000038       __imp__GetLastError@0      00435038     kernel32:KERNEL32.dll
 0002:0000003c       __imp__GetFileType@4       0043503c     kernel32:KERNEL32.dll
 0002:00000040       __imp__SetConsoleCtrlHandler@8 00435040     kernel32:KERNEL32.dll
 0002:00000044       __imp__PurgeComm@8         00435044     kernel32:KERNEL32.dll
 0002:00000048       __imp__QueryPerformanceFrequency@4 00435048     kernel32:KERNEL32.dll
 0002:0000004c       __imp__OutputDebugStringA@4 0043504c     kernel32:KERNEL32.dll
 0002:00000050       __imp__CloseHandle@4       00435050     kernel32:KERNEL32.dll
 0002:00000054       __imp__GetSystemTime@4     00435054     kernel32:KERNEL32.dll
 0002:00000058       __imp__PeekNamedPipe@24    00435058     kernel32:KERNEL32.dll
 0002:0000005c       __imp__SetEndOfFile@4      0043505c     kernel32:KERNEL32.dll
 0002:00000060       __imp__WriteConsoleW@20    00435060     kernel32:KERNEL32.dll
 0002:00000064       __imp__GetConsoleOutputCP@0 00435064     kernel32:KERNEL32.dll
 0002:00000068       __imp__WriteConsoleA@20    00435068     kernel32:KERNEL32.dll
 0002:0000006c       __imp__RaiseException@16   0043506c     kernel32:KERNEL32.dll
 0002:00000070       __imp__FlushFileBuffers@4  00435070     kernel32:KERNEL32.dll
 0002:00000074       __imp__HeapSize@12         00435074     kernel32:KERNEL32.dll
 0002:00000078       __imp__GetLocaleInfoA@16   00435078     kernel32:KERNEL32.dll
 0002:0000007c       __imp__GetStringTypeW@16   0043507c     kernel32:KERNEL32.dll
 0002:00000080       __imp__GetStringTypeA@20   00435080     kernel32:KERNEL32.dll
 0002:00000084       __imp__SetFilePointer@16   00435084     kernel32:KERNEL32.dll
 0002:00000088       __imp__GetCurrentProcessId@0 00435088     kernel32:KERNEL32.dll
 0002:0000008c       __imp__GetTickCount@0      0043508c     kernel32:KERNEL32.dll
 0002:00000090       __imp__GetEnvironmentStringsW@0 00435090     kernel32:KERNEL32.dll
 0002:00000094       __imp__FreeEnvironmentStringsW@4 00435094     kernel32:KERNEL32.dll
 0002:00000098       __imp__GetEnvironmentStrings@0 00435098     kernel32:KERNEL32.dll
 0002:0000009c       __imp__FreeEnvironmentStringsA@4 0043509c     kernel32:KERNEL32.dll
 0002:000000a0       __imp__RtlUnwind@16        004350a0     kernel32:KERNEL32.dll
 0002:000000a4       __imp__GetConsoleMode@8    004350a4     kernel32:KERNEL32.dll
 0002:000000a8       __imp__GetConsoleCP@0      004350a8     kernel32:KERNEL32.dll
 0002:000000ac       __imp__SetStdHandle@8      004350ac     kernel32:KERNEL32.dll
 0002:000000b0       __imp__VirtualAlloc@16     004350b0     kernel32:KERNEL32.dll
 0002:000000b4       __imp__VirtualFree@12      004350b4     kernel32:KERNEL32.dll
 0002:000000b8       __imp__HeapCreate@12       004350b8     kernel32:KERNEL32.dll
 0002:000000bc       __imp__HeapDestroy@4       004350bc     kernel32:KERNEL32.dll
 0002:000000c0       __imp__LCMapStringW@24     004350c0     kernel32:KERNEL32.dll
 0002:000000c4       __imp__GetSystemTimeAsFileTime@4 004350c4     kernel32:KERNEL32.dll
 0002:000000c8       __imp__UnhandledExceptionFilter@4 004350c8     kernel32:KERNEL32.dll
 0002:000000cc       __imp__SetUnhandledExceptionFilter@4 004350cc     kernel32:KERNEL32.dll
 0002:000000d0       __imp__GetProcAddress@8    004350d0     kernel32:KERNEL32.dll
 0002:000000d4       __imp__GetModuleHandleA@4  004350d4     kernel32:KERNEL32.dll
 0002:000000d8       __imp__ExitProcess@4       004350d8     kernel32:KERNEL32.dll
 0002:000000dc       __imp__EnterCriticalSection@4 004350dc     kernel32:KERNEL32.dll
 0002:000000e0       __imp__LeaveCriticalSection@4 004350e0     kernel32:KERNEL32.dll
 0002:000000e4       __imp__HeapFree@12         004350e4     kernel32:KERNEL32.dll
 0002:000000e8       __imp__HeapAlloc@12        004350e8     kernel32:KERNEL32.dll
 0002:000000ec       __imp__HeapReAlloc@16      004350ec     kernel32:KERNEL32.dll
 0002:000000f0       __imp__GetCommandLineA@0   004350f0     kernel32:KERNEL32.dll
 0002:000000f4       __imp__GetVersionExA@4     004350f4     kernel32:KERNEL32.dll
 0002:000000f8       __imp__GetProcessHeap@0    004350f8     kernel32:KERNEL32.dll
 0002:000000fc       __imp__TerminateProcess@8  004350fc     kernel32:KERNEL32.dll
 0002:00000100       __imp__IsDebuggerPresent@0 00435100     kernel32:KERNEL32.dll
 0002:00000104       __imp__TlsGetValue@4       00435104     kernel32:KERNEL32.dll
 0002:00000108       __imp__TlsAlloc@0          00435108     kernel32:KERNEL32.dll
 0002:0000010c       __imp__TlsSetValue@8       0043510c     kernel32:KERNEL32.dll
 0002:00000110       __imp__TlsFree@4           00435110     kernel32:KERNEL32.dll
 0002:00000114       __imp__InterlockedIncrement@4 00435114     kernel32:KERNEL32.dll
 0002:00000118       __imp__SetLastError@4      00435118     kernel32:KERNEL32.dll
 0002:0000011c       __imp__GetCurrentThreadId@0 0043511c     kernel32:KERNEL32.dll
 0002:00000120       __imp__InterlockedDecrement@4 00435120     kernel32:KERNEL32.dll
 0002:00000124       __imp__GetStdHandle@4      00435124     kernel32:KERNEL32.dll
 0002:00000128       __imp__GetModuleFileNameA@12 00435128     kernel32:KERNEL32.dll
 0002:0000012c       __imp__GetCPInfo@8         0043512c     kernel32:KERNEL32.dll
 0002:00000130       __imp__GetACP@0            00435130     kernel32:KERNEL32.dll
 0002:00000134       __imp__GetOEMCP@0          00435134     kernel32:KERNEL32.dll
 0002:00000138       __imp__DeleteCriticalSection@4 00435138     kernel32:KERNEL32.dll
 0002:0000013c       __imp__LoadLibraryA@4      0043513c     kernel32:KERNEL32.dll
 0002:00000140       __imp__InitializeCriticalSection@4 00435140     kernel32:KERNEL32.dll
 0002:00000144       __imp__SetHandleCount@4    00435144     kernel32:KERNEL32.dll
 0002:00000148       __imp__GetStartupInfoA@4   00435148     kernel32:KERNEL32.dll
 0002:0000014c       __imp__LCMapStringA@24     0043514c     kernel32:KERNEL32.dll
 0002:00000150       __imp__WideCharToMultiByte@32 00435150     kernel32:KERNEL32.dll
 0002:00000154       __imp__MultiByteToWideChar@24 00435154     kernel32:KERNEL32.dll
 0002:00000158       \177KERNEL32_NULL_THUNK_DATA 00435158     kernel32:KERNEL32.dll
 0002:0000015c       __imp__waveInStart@4       0043515c     winmm:WINMM.dll
 0002:00000160       __imp__waveOutPrepareHeader@12 00435160     winmm:WINMM.dll
 0002:00000164       __imp__waveOutGetNumDevs@0 00435164     winmm:WINMM.dll
 0002:00000168       __imp__waveInGetDevCapsA@12 00435168     winmm:WINMM.dll
 0002:0000016c       __imp__waveOutOpen@24      0043516c     winmm:WINMM.dll
 0002:00000170       __imp__waveInUnprepareHeader@12 00435170     winmm:WINMM.dll
 0002:00000174       __imp__waveOutUnprepareHeader@12 00435174     winmm:WINMM.dll
 0002:00000178       __imp__waveOutGetDevCapsA@12 00435178     winmm:WINMM.dll
 0002:0000017c       __imp__timeGetTime@0       0043517c     winmm:WINMM.dll
 0002:00000180       __imp__waveInGetNumDevs@0  00435180     winmm:WINMM.dll
 0002:00000184       __imp__waveInAddBuffer@12  00435184     winmm:WINMM.dll
 0002:00000188       __imp__waveInOpen@24       00435188     winmm:WINMM.dll
 0002:0000018c       __imp__waveInPrepareHeader@12 0043518c     winmm:WINMM.dll
 0002:00000190       __imp__timeBeginPeriod@4   00435190     winmm:WINMM.dll
 0002:00000194       __imp__timeGetDevCaps@8    00435194     winmm:WINMM.dll
 0002:00000198       __imp__waveOutWrite@12     00435198     winmm:WINMM.dll
 0002:0000019c       __imp__waveOutClose@4      0043519c     winmm:WINMM.dll
 0002:000001a0       __imp__waveInClose@4       004351a0     winmm:WINMM.dll
 0002:000001a4       \177WINMM_NULL_THUNK_DATA  004351a4     winmm:WINMM.dll
 0002:000001a8       __imp__closesocket@4       004351a8     WS2_32:WS2_32.dll
 0002:000001ac       __imp__send@16             004351ac     WS2_32:WS2_32.dll
 0002:000001b0       __imp__accept@12           004351b0     WS2_32:WS2_32.dll
 0002:000001b4       __imp__listen@8            004351b4     WS2_32:WS2_32.dll
 0002:000001b8       __imp____WSAFDIsSet@8      004351b8     WS2_32:WS2_32.dll
 0002:000001bc       __imp__socket@12           004351bc     WS2_32:WS2_32.dll
 0002:000001c0       __imp__bind@12             004351c0     WS2_32:WS2_32.dll
 0002:000001c4       __imp__recv@16             004351c4     WS2_32:WS2_32.dll
 0002:000001c8       __imp__sendto@24           004351c8     WS2_32:WS2_32.dll
 0002:000001cc       __imp__setsockopt@20       004351cc     WS2_32:WS2_32.dll
 0002:000001d0       __imp__htons@4             004351d0     WS2_32:WS2_32.dll
 0002:000001d4       __imp__WSAGetLastError@0   004351d4     WS2_32:WS2_32.dll
 0002:000001d8       __imp__select@20           004351d8     WS2_32:WS2_32.dll
 0002:000001dc       __imp__recvfrom@24         004351dc     WS2_32:WS2_32.dll
 0002:000001e0       __imp__WSAStartup@8        004351e0     WS2_32:WS2_32.dll
 0002:000001e4       __imp__ioctlsocket@12      004351e4     WS2_32:WS2_32.dll
 0002:000001e8       \177WS2_32_NULL_THUNK_DATA 004351e8     WS2_32:WS2_32.dll
 0002:000001ec       ___xc_a                    004351ec     LIBCMT:crt0init.obj
 0002:000001f0       ___xc_z                    004351f0     LIBCMT:crt0init.obj
 0002:000001f4       ___xi_a                    004351f4     LIBCMT:crt0init.obj
 0002:0000020c       ___xi_z                    0043520c     LIBCMT:crt0init.obj
 0002:00000210       ___xp_a                    00435210     LIBCMT:crt0init.obj
 0002:0000021c       ___xp_z                    0043521c     LIBCMT:crt0init.obj
 0002:00000220       ___xt_a                    00435220     LIBCMT:crt0init.obj
 0002:00000224       ___xt_z                    00435224     LIBCMT:crt0init.obj
 0002:0000024c       ??_C@_0P@MIGLKIOC@CorExitProcess?$AA@ 0043524c     LIBCMT:crt0dat.obj
 0002:0000025c       ??_C@_0M@MBOPBNBK@mscoree?4dll?$AA@ 0043525c     LIBCMT:crt0dat.obj
 0002:000002b8       ??_C@_02LMMGGCAJ@?3?5?$AA@ 004352b8     LIBCMT:perror.obj
 0002:000002c4       ??_C@_1O@CEDCILHN@?$AA?$CI?$AAn?$AAu?$AAl?$AAl?$AA?$CJ?$AA?$AA@ 004352c4     LIBCMT:output.obj
 0002:000002d4       ??_C@_06OJHGLDPL@?$CInull?$CJ?$AA@ 004352d4     LIBCMT:output.obj
 0002:000002e0       ___lookuptable             004352e0     LIBCMT:output.obj
 0002:0000033c       ??_C@_0O@NLDKAIKN@EncodePointer?$AA@ 0043533c     LIBCMT:tidtable.obj
 0002:0000034c       ??_C@_0N@NHGLKGEC@KERNEL32?4DLL?$AA@ 0043534c     LIBCMT:tidtable.obj
 0002:0000035c       ??_C@_0O@KBPMFGHI@DecodePointer?$AA@ 0043535c     LIBCMT:tidtable.obj
 0002:0000036c       ??_C@_07PEJMOBNF@FlsFree?$AA@ 0043536c     LIBCMT:tidtable.obj
 0002:00000374       ??_C@_0M@JCPCPOEF@FlsSetValue?$AA@ 00435374     LIBCMT:tidtable.obj
 0002:00000380       ??_C@_0M@GDNOONDI@FlsGetValue?$AA@ 00435380     LIBCMT:tidtable.obj
 0002:0000038c       ??_C@_08KNHFBNJ@FlsAlloc?$AA@ 0043538c     LIBCMT:tidtable.obj
 0002:00000398       ??_C@_0P@GGKDKEEG@runtime?5error?5?$AA@ 00435398     LIBCMT:crt0msg.obj
 0002:000003a8       ??_C@_0O@MJNIPGOH@TLOSS?5error?$AN?6?$AA@ 004353a8     LIBCMT:crt0msg.obj
 0002:000003b8       ??_C@_0N@BONNPDHF@SING?5error?$AN?6?$AA@ 004353b8     LIBCMT:crt0msg.obj
 0002:000003c8       ??_C@_0P@MBDAJNE@DOMAIN?5error?$AN?6?$AA@ 004353c8     LIBCMT:crt0msg.obj
 0002:000003d8       ??_C@_0JL@DFDOOABL@R6034?$AN?6An?5application?5has?5made?5a@ 004353d8     LIBCMT:crt0msg.obj
 0002:00000478       ??_C@_0PH@EPAFIJ@R6033?$AN?6?9?5Attempt?5to?5use?5MSIL?5cod@ 00435478     LIBCMT:crt0msg.obj
 0002:00000570       ??_C@_0DD@BKEEABMM@R6032?$AN?6?9?5not?5enough?5space?5for?5lo@ 00435570     LIBCMT:crt0msg.obj
 0002:000005a8       ??_C@_0GD@OFKILIED@R6031?$AN?6?9?5Attempt?5to?5initialize?5t@ 004355a8     LIBCMT:crt0msg.obj
 0002:0000060c       ??_C@_0BP@LPMHJOKI@R6030?$AN?6?9?5CRT?5not?5initialized?$AN?6?$AA@ 0043560c     LIBCMT:crt0msg.obj
 0002:0000062c       ??_C@_0CF@KJDAIALP@R6028?$AN?6?9?5unable?5to?5initialize?5he@ 0043562c     LIBCMT:crt0msg.obj
 0002:00000654       ??_C@_0DF@GAKBPDFP@R6027?$AN?6?9?5not?5enough?5space?5for?5lo@ 00435654     LIBCMT:crt0msg.obj
 0002:0000068c       ??_C@_0DF@IBLNNAIG@R6026?$AN?6?9?5not?5enough?5space?5for?5st@ 0043568c     LIBCMT:crt0msg.obj
 0002:000006c4       ??_C@_0CG@IOHKGFNJ@R6025?$AN?6?9?5pure?5virtual?5function?5c@ 004356c4     LIBCMT:crt0msg.obj
 0002:000006ec       ??_C@_0DF@JIJJFJDC@R6024?$AN?6?9?5not?5enough?5space?5for?5_o@ 004356ec     LIBCMT:crt0msg.obj
 0002:00000724       ??_C@_0CJ@EGEJHFME@R6019?$AN?6?9?5unable?5to?5open?5console?5@ 00435724     LIBCMT:crt0msg.obj
 0002:00000750       ??_C@_0CB@GNHNIELH@R6018?$AN?6?9?5unexpected?5heap?5error?$AN?6@ 00435750     LIBCMT:crt0msg.obj
 0002:00000774       ??_C@_0CN@FOLDKNG@R6017?$AN?6?9?5unexpected?5multithread?5@ 00435774     LIBCMT:crt0msg.obj
 0002:000007a4       ??_C@_0CM@FAHFJNHO@R6016?$AN?6?9?5not?5enough?5space?5for?5th@ 004357a4     LIBCMT:crt0msg.obj
 0002:000007d0       ??_C@_0JG@LBKMGKLD@?$AN?6This?5application?5has?5requested@ 004357d0     LIBCMT:crt0msg.obj
 0002:00000868       ??_C@_0CM@FLCNIPKK@R6009?$AN?6?9?5not?5enough?5space?5for?5en@ 00435868     LIBCMT:crt0msg.obj
 0002:00000894       ??_C@_0CK@KMMJOAPP@R6008?$AN?6?9?5not?5enough?5space?5for?5ar@ 00435894     LIBCMT:crt0msg.obj
 0002:000008c0       ??_C@_0CF@HOHMHDEK@R6002?$AN?6?9?5floating?5point?5not?5load@ 004358c0     LIBCMT:crt0msg.obj
 0002:000008e8       ??_C@_0CF@GOGNBNAK@Microsoft?5Visual?5C?$CL?$CL?5Runtime?5Lib@ 004358e8     LIBCMT:crt0msg.obj
 0002:00000910       ??_C@_02PHMGELLB@?6?6?$AA@ 00435910     LIBCMT:crt0msg.obj
 0002:00000914       ??_C@_03KHICJKCI@?4?4?4?$AA@ 00435914     LIBCMT:crt0msg.obj
 0002:00000918       ??_C@_0BH@DNAGHKFM@?$DMprogram?5name?5unknown?$DO?$AA@ 00435918     LIBCMT:crt0msg.obj
 0002:00000930       ??_C@_0BK@OFGJDLJJ@Runtime?5Error?$CB?6?6Program?3?5?$AA@ 00435930     LIBCMT:crt0msg.obj
 0002:000009d0       ??_C@_0CG@PKBDLMEO@InitializeCriticalSectionAndSpin@ 004359d0     LIBCMT:initcrit.obj
 0002:000009f8       ??_C@_0N@MDJJJHMB@kernel32?4dll?$AA@ 004359f8     LIBCMT:initcrit.obj
 0002:00000a08       ??_C@_13NOLLCAOD@?$AA?$AA?$AA?$AA@ 00435a08     LIBCMT:a_map.obj
 0002:00000a78       ??_C@_03IIINPABG@tan?$AA@  00435a78     LIBCMT:libm_error.obj
 0002:00000a7c       ??_C@_03LALBNOCG@cos?$AA@  00435a7c     LIBCMT:libm_error.obj
 0002:00000a80       ??_C@_03BLEJJJBH@sin?$AA@  00435a80     LIBCMT:libm_error.obj
 0002:00000a84       ??_C@_04EHEDPDJG@modf?$AA@ 00435a84     LIBCMT:libm_error.obj
 0002:00000a8c       ??_C@_05PBJFFIGL@floor?$AA@ 00435a8c     LIBCMT:libm_error.obj
 0002:00000a94       ??_C@_04GFPJNGEK@ceil?$AA@ 00435a94     LIBCMT:libm_error.obj
 0002:00000a9c       ??_C@_04MLLJIGOK@atan?$AA@ 00435a9c     LIBCMT:libm_error.obj
 0002:00000aa4       ??_C@_05EOHGHCHD@exp10?$AA@ 00435aa4     LIBCMT:libm_error.obj
 0002:00000aac       ??_C@_04PDIFKINK@acos?$AA@ 00435aac     LIBCMT:libm_error.obj
 0002:00000ab4       ??_C@_04FIHNOPOL@asin?$AA@ 00435ab4     LIBCMT:libm_error.obj
 0002:00000abc       ??_C@_03MGHMBJCF@log?$AA@  00435abc     LIBCMT:libm_error.obj
 0002:00000ac0       ??_C@_05HGHHAHAP@log10?$AA@ 00435ac0     LIBCMT:libm_error.obj
 0002:00000ac8       ??_C@_03KHJOGHMM@exp?$AA@  00435ac8     LIBCMT:libm_error.obj
 0002:00000acc       ??_C@_03JGHBODFD@pow?$AA@  00435acc     LIBCMT:libm_error.obj
 0002:00000ad0       ??_C@_0BG@KLEAJEFJ@Illegal?5byte?5sequence?$AA@ 00435ad0     LIBCMT:syserr.obj
 0002:00000ae8       ??_C@_0BE@ICMCHPHH@Directory?5not?5empty?$AA@ 00435ae8     LIBCMT:syserr.obj
 0002:00000afc       ??_C@_0BJ@IHEHINLI@Function?5not?5implemented?$AA@ 00435afc     LIBCMT:syserr.obj
 0002:00000b18       ??_C@_0BD@CLHBCGPB@No?5locks?5available?$AA@ 00435b18     LIBCMT:syserr.obj
 0002:00000b2c       ??_C@_0BC@BEDIHIDK@Filename?5too?5long?$AA@ 00435b2c     LIBCMT:syserr.obj
 0002:00000b40       ??_C@_0BK@JAEBMJJM@Resource?5deadlock?5avoided?$AA@ 00435b40     LIBCMT:syserr.obj
 0002:00000b5c       ??_C@_0BB@FCBJFCAJ@Result?5too?5large?$AA@ 00435b5c     LIBCMT:syserr.obj
 0002:00000b70       ??_C@_0N@MMJPGLJK@Domain?5error?$AA@ 00435b70     LIBCMT:syserr.obj
 0002:00000b80       ??_C@_0M@LHEPIIOM@Broken?5pipe?$AA@ 00435b80     LIBCMT:syserr.obj
 0002:00000b8c       ??_C@_0P@PKCJJLLM@Too?5many?5links?$AA@ 00435b8c     LIBCMT:syserr.obj
 0002:00000b9c       ??_C@_0BG@DDBFNKBH@Read?9only?5file?5system?$AA@ 00435b9c     LIBCMT:syserr.obj
 0002:00000bb4       ??_C@_0N@FEHLOILP@Invalid?5seek?$AA@ 00435bb4     LIBCMT:syserr.obj
 0002:00000bc4       ??_C@_0BI@FEALHKLD@No?5space?5left?5on?5device?$AA@ 00435bc4     LIBCMT:syserr.obj
 0002:00000bdc       ??_C@_0P@LFMMIPAE@File?5too?5large?$AA@ 00435bdc     LIBCMT:syserr.obj
 0002:00000bec       ??_C@_0CE@ONOKNLPF@Inappropriate?5I?1O?5control?5operat@ 00435bec     LIBCMT:syserr.obj
 0002:00000c10       ??_C@_0BE@INBJMKGG@Too?5many?5open?5files?$AA@ 00435c10     LIBCMT:syserr.obj
 0002:00000c24       ??_C@_0BO@IIFBODJE@Too?5many?5open?5files?5in?5system?$AA@ 00435c24     LIBCMT:syserr.obj
 0002:00000c44       ??_C@_0BB@HMGGCEBG@Invalid?5argument?$AA@ 00435c44     LIBCMT:syserr.obj
 0002:00000c58       ??_C@_0P@NDHGCGKE@Is?5a?5directory?$AA@ 00435c58     LIBCMT:syserr.obj
 0002:00000c68       ??_C@_0BA@CJBACOOL@Not?5a?5directory?$AA@ 00435c68     LIBCMT:syserr.obj
 0002:00000c78       ??_C@_0P@NLEIANHE@No?5such?5device?$AA@ 00435c78     LIBCMT:syserr.obj
 0002:00000c88       ??_C@_0O@OAMDNOCP@Improper?5link?$AA@ 00435c88     LIBCMT:syserr.obj
 0002:00000c98       ??_C@_0M@NAAJNNGH@File?5exists?$AA@ 00435c98     LIBCMT:syserr.obj
 0002:00000ca4       ??_C@_0BA@BIBLIOEK@Resource?5device?$AA@ 00435ca4     LIBCMT:syserr.obj
 0002:00000cb4       ??_C@_0O@NIPGCINC@Unknown?5error?$AA@ 00435cb4     LIBCMT:syserr.obj
 0002:00000cc4       ??_C@_0M@LOEHLCJD@Bad?5address?$AA@ 00435cc4     LIBCMT:syserr.obj
 0002:00000cd0       ??_C@_0BC@HFNFNKAI@Permission?5denied?$AA@ 00435cd0     LIBCMT:syserr.obj
 0002:00000ce4       ??_C@_0BB@IMDKMPFB@Not?5enough?5space?$AA@ 00435ce4     LIBCMT:syserr.obj
 0002:00000cf8       ??_C@_0CB@EPFKGNAK@Resource?5temporarily?5unavailable@ 00435cf8     LIBCMT:syserr.obj
 0002:00000d1c       ??_C@_0BD@LOHELEP@No?5child?5processes?$AA@ 00435d1c     LIBCMT:syserr.obj
 0002:00000d30       ??_C@_0BE@NFGDDCEF@Bad?5file?5descriptor?$AA@ 00435d30     LIBCMT:syserr.obj
 0002:00000d44       ??_C@_0BC@HKPNECK@Exec?5format?5error?$AA@ 00435d44     LIBCMT:syserr.obj
 0002:00000d58       ??_C@_0BC@MFFGCDFL@Arg?5list?5too?5long?$AA@ 00435d58     LIBCMT:syserr.obj
 0002:00000d6c       ??_C@_0BK@DPKMCKJ@No?5such?5device?5or?5address?$AA@ 00435d6c     LIBCMT:syserr.obj
 0002:00000d88       ??_C@_0BD@KKNFOBBD@Input?1output?5error?$AA@ 00435d88     LIBCMT:syserr.obj
 0002:00000d9c       ??_C@_0BK@FJBOAFDK@Interrupted?5function?5call?$AA@ 00435d9c     LIBCMT:syserr.obj
 0002:00000db8       ??_C@_0BA@FKIAIBGA@No?5such?5process?$AA@ 00435db8     LIBCMT:syserr.obj
 0002:00000dc8       ??_C@_0BK@FMDHKPNF@No?5such?5file?5or?5directory?$AA@ 00435dc8     LIBCMT:syserr.obj
 0002:00000de4       ??_C@_0BI@BJFCGOHL@Operation?5not?5permitted?$AA@ 00435de4     LIBCMT:syserr.obj
 0002:00000dfc       ??_C@_08INEPGKHH@No?5error?$AA@ 00435dfc     LIBCMT:syserr.obj
 0002:00000e30       ___lookuptable_s           00435e30     LIBCMT:outputs.obj
 0002:00000e8c       ??_C@_0BI@DFKBFLJE@GetProcessWindowStation?$AA@ 00435e8c     LIBCMT:crtmbox.obj
 0002:00000ea4       ??_C@_0BK@CIDNPOGP@GetUserObjectInformationA?$AA@ 00435ea4     LIBCMT:crtmbox.obj
 0002:00000ec0       ??_C@_0BD@HHGDFDBJ@GetLastActivePopup?$AA@ 00435ec0     LIBCMT:crtmbox.obj
 0002:00000ed4       ??_C@_0BA@HNOPNCHB@GetActiveWindow?$AA@ 00435ed4     LIBCMT:crtmbox.obj
 0002:00000ee4       ??_C@_0M@CHKKJDAI@MessageBoxA?$AA@ 00435ee4     LIBCMT:crtmbox.obj
 0002:00000ef0       ??_C@_0L@NDEGIDAG@USER32?4DLL?$AA@ 00435ef0     LIBCMT:crtmbox.obj
 0002:00000f00       ___newctype                00435f00     LIBCMT:ctype.obj
 0002:00001200       __wctype                   00436200     LIBCMT:ctype.obj
 0002:00001408       ___newclmap                00436408     LIBCMT:ctype.obj
 0002:00001588       ___newcumap                00436588     LIBCMT:ctype.obj
 0002:00001708       ??_C@_08JCCMCCIL@HH?3mm?3ss?$AA@ 00436708     LIBCMT:strftime.obj
 0002:00001714       ??_C@_0BE@CKGJFCPC@dddd?0?5MMMM?5dd?0?5yyyy?$AA@ 00436714     LIBCMT:strftime.obj
[...]
 0003:00008074       ___dyn_tls_init_callback   0047a074     <common>
 0003:00008080       _RXBUFFER                  0047a080     <common>
 0003:00008274       _VCOM                      0047a274     <common>
 0003:00008280       _PORTNAME                  0047a280     <common>
 0003:000082d0       _NewVCOM                   0047a2d0     <common>
 0003:000082d4       _PortEnabled               0047a2d4     <common>
 0003:000082d8       _NewTicks                  0047a2d8     <common>
 0003:000082e0       _StartTicks                0047a2e0     <common>
 0003:00008300       _inbuffer                  0047a300     <common>
 0003:00008c60       _pwic                      0047ac60     <common>
 0003:00008ca0       _Pixels                    0047aca0     <common>
 0003:00009ca0       _pwoc                      0047bca0     <common>
 0003:00009cd8       _Frequency                 0047bcd8     <common>
 0003:00009ce0       _LastNow                   0047bce0     <common>
 0003:00009d00       _buffer                    0047bd00     <common>
 0003:0000afc0       _ARDOPDataBuffer           0047cfc0     <common>
 0003:0000cfc0       _ARDOPBuffer               0047efc0     <common>
 0003:0000efc0       _GUIHost                   00480fc0     <common>
 0003:0000efe0       _bytDataToSend             00480fe0     <common>
 0003:00027680       _intRSLen                  00499680     <common>
 0003:000276a0       _intPriorMixedSamples      004996a0     <common>
 0003:00027790       _intARQRTmeasuredMs        00499790     <common>
 0003:00027794       _blnSymbolSyncFound        00499794     <common>
 0003:000277a0       _QAMPhases                 004997a0     <common>
 0003:0002aa90       _dblHanAng                 0049ca90     <common>
 0003:0002aaa0       _intNforGoertzel           0049caa0     <common>
 0003:0002ab00       _strRcvFrameTag            0049cb00     <common>
 0003:0002ab20       _intCarMagAvg              0049cb20     <common>
 0003:00038628       _SymbolsLeft               004aa628     <common>
 0003:00038640       _intCarPhaseAvg            004aa640     <common>
 0003:00046148       _bytMinQualThresh          004b8148     <common>
 0003:0004614c       _intToneMagsLength         004b814c     <common>
 0003:00046150       _intCarFreq                004b8150     <common>
 0003:00046154       _dblHannAng                004b8154     <common>
 0003:00046160       _dblFreqBin                004b8160     <common>
 0003:0004620c       _blnOdd                    004b820c     <common>
 0003:00046220       _rawSamples                004b8220     <common>
 0003:000474e0       _dblHanWin                 004b94e0     <common>
 0003:000476c0       _intSampPerSym             004b96c0     <common>
 0003:000476c4       _intDataLen                004b96c4     <common>
 0003:000476c8       _frameLen                  004b96c8     <common>
 0003:000476e0       _intSumCounts              004b96e0     <common>
 0003:00047700       _intPSKMode                004b9700     <common>
 0003:00047720       _intPSKPhase_1             004b9720     <common>
 0003:00047780       _intToneMagsAvg            004b9780     <common>
 0003:00048c40       _strDecodeCapture          004bac40     <common>
 0003:00049040       _intNumCar                 004bb040     <common>
 0003:00049044       _intPhasesLen              004bb044     <common>
 0003:00049048       _blnFrameSyncFound         004bb048     <common>
 0003:0004904c       _intBaud                   004bb04c     <common>
 0003:00049060       _intPSKPhase_0             004bb060     <common>
 0003:000490c0       _bytData                   004bb0c0     <common>
 0003:0004b8c0       _dttLastLeaderDetect       004bd8c0     <common>
 0003:0004b8e0       _CarrierOk                 004bd8e0     <common>
 0003:0004b920       _intCP                     004bd920     <common>
 0003:0004b980       _intFilteredMixedSamples   004bd980     <common>
 0003:0004e090       _totalRSErrors             004c0090     <common>
 0003:0004e098       _dblPhaseInc               004c0098     <common>
 0003:0004e0a0       _dblPhaseDiff1_2Avg        004c00a0     <common>
 0003:0004e0a4       _intFrameType              004c00a4     <common>
 0003:0004e0c0       _QAMMags                   004c00c0     <common>
 0003:000513b0       _intToneMagsIndex          004c33b0     <common>
 0003:000513c0       _OFDMPhases                004c33c0     <common>
 0003:00054f90       _LastDataFrameType         004c6f90     <common>
 0003:00054f94       _dttStartRmtLeaderMeasure  004c6f94     <common>
 0003:00054f98       _floatCarFreq              004c6f98     <common>
 0003:00054fa0       _OFDMMags                  004c6fa0     <common>
 0003:00058b80       _dblHannWin                004cab80     <common>
 0003:00059300       _bytFrameData              004cb300     <common>
 0003:000599e0       _bytDataforHost            004cb9e0     <common>
 0003:0005c1a0       _SCSReply                  004ce1a0     <common>
 0003:0005c2c0       _CMDReplyBuffer            004ce2c0     <common>
 0003:0005c3c0       _PacketMon                 004ce3c0     <common>
 0003:0005c528       _Term4Mode                 004ce528     <common>
 0003:0005c530       _ReportCall                004ce530     <common>
 0003:0005c540       _LogToHostBuffer           004ce540     <common>
 0003:0005cd40       _ReplyLen                  004ced40     <common>
 0003:0005cd44       _RXBPtr                    004ced44     <common>
 0003:0005cd60       _CatRXbuffer               004ced60     <common>
 0003:0005ce60       _CommandToHostBufferLen    004cee60     <common>
 0003:0005ce80       _CommandToHostBuffer       004cee80     <common>
 0003:0005d080       _Toggle                    004cf080     <common>
 0003:0005d0a0       _bytEchoData               004cf0a0     <common>
 0003:0005f860       _genPoly                   004d1860     <common>
 0003:0005fc60       _synBytes                  004d1c60     <common>
 0003:0005fe60       _AuxAX                     004d1e60     <common>
 0003:0005fea8       _pktDataLen                004d1ea8     <common>
 0003:0005feac       _pktRSLen                  004d1eac     <common>
 0003:0005feb0       _pktRXMode                 004d1eb0     <common>
 0003:0005fec0       _goodReceivedBlockLen      004d1ec0     <common>
 0003:0005ff40       _LastSentOFDMType          004d1f40     <common>
 0003:0005ff44       _lastOFDMRXMode            004d1f44     <common>
 0003:0005ff48       _OFDMMode                  004d1f48     <common>
 0003:0005ff60       _OFDMBlockLen              004d1f60     <common>
 0003:0005ffa0       _OFDMBlocks                004d1fa0     <common>
 0003:0005ffcc       _LastSentOFDMMode          004d1fcc     <common>
 0003:0005ffe0       _goodReceivedBlocks        004d1fe0     <common>
 0003:00060060       _SentOFDMBlockLen          004d2060     <common>
 0003:0006008c       _CarriersSent              004d208c     <common>
 0003:00060090       _OFDMLevel                 004d2090     <common>
 0003:000600a0       _bytLastSym                004d20a0     <common>
 0003:000600e0       _SentOFDMBlocks            004d20e0     <common>
 0003:0006010c       _CarriersNAKed             004d210c     <common>
 0003:00060110       _CarriersACKed             004d2110     <common>
 0003:00060114       _fWidth                    004d2114     <common>
 0003:00060118       _DMABuffer                 004d2118     <common>
 0003:0006011c       _last                      004d211c     <common>
 0003:00060120       _SampleNo                  004d2120     <common>
 0003:00060140       _Last120                   004d2140     <common>
 0003:00060240       _centreSlot                004d2240     <common>
 0003:00060244       _first                     004d2244     <common>
 0003:00060260       _KISSBUFFER                004d2260     <common>
 0003:00060460       _KISSRXBUFF                004d2460     <common>
 0003:00061460       _hDevice                   004d3460     <common>
 0003:00061480       _KISSTXBUFF                004d3480     <common>
 0003:00062480       _strLastStringPassedToHost 004d4480     <common>
 0003:000624e0       _gexp                      004d44e0     <common>
 0003:00062ce0       _glog                      004d4ce0     <common>
 0003:000630e0       _bytFailedData             004d50e0     <common>
 0003:00063720       _bytFailedDataLength       004d5720     <common>
 0003:00063724       _crcLastFECDataPassedToHost 004d5724     <common>
 0003:00063728       _bytFrameType              004d5728     <common>
 0003:0006372c       _dttLastFECIDSent          004d572c     <common>
 0003:00063730       _blnSendIDFrame            004d5730     <common>
 0003:00063734       _bytLastFECDataFrameSent   004d5734     <common>
 0003:00063738       _intFECFramesSent          004d5738     <common>
 0003:0006373c       _FECRepeatsSent            004d573c     <common>
 0003:00063740       _dttLastTrip               004d5740     <common>
 0003:00063744       _NErrors                   004d5744     <common>
 0003:00063748       _bytLastACKedDataFrameType 004d5748     <common>
 0003:0006374c       _intQAMSymbolCnt           004d574c     <common>
 0003:00063750       _strRemoteCallsign         004d5750     <common>
 0003:0006375c       _intShiftDNs               004d575c     <common>
 0003:00063760       _strLocalCallsign          004d5760     <common>
 0003:0006376c       _intReceivedLeaderLen      004d576c     <common>
 0003:00063770       _intAvgFSKQuality          004d5770     <common>
 0003:00063774       _intShiftUPs               004d5774     <common>
 0003:00063778       _intSessionBW              004d5778     <common>
 0003:0006377c       _intGoodFSKFrameTypes      004d577c     <common>
 0003:00063780       _intTimeouts               004d5780     <common>
 0003:00063784       _intFailedFSKFrameDataDecodes 004d5784     <common>
 0003:00063788       _intAccumQAMTracking       004d5788     <common>
 0003:0006378c       _intAvgPSKQuality          004d578c     <common>
 0003:00063790       _intLeaderDetects          004d5790     <common>
 0003:00063794       _blnDISCRepeating          004d5794     <common>
 0003:00063798       _intFrameRepeatInterval    004d5798     <common>
 0003:0006379c       _intOFDMSymbolCnt          004d579c     <common>
 0003:000637a0       _intAccumFSKTracking       004d57a0     <common>
 0003:000637a4       _dblLeaderSNAvg            004d57a4     <common>
 0003:000637a8       _dttStartSession           004d57a8     <common>
 0003:000637ac       _intBW                     004d57ac     <common>
 0003:000637b0       _intOFDMTrackAttempts      004d57b0     <common>
 0003:000637b4       _dblAvgPSKRefErr           004d57b4     <common>
 0003:000637c0       _strFinalIDCallsign        004d57c0     <common>
 0003:000637cc       _intPSKSymbolCnt           004d57cc     <common>
 0003:000637d0       _intAccumOFDMTracking      004d57d0     <common>
 0003:000637d4       _intQAMTrackAttempts       004d57d4     <common>
 0003:000637d8       _bytLastReceivedDataFrameType 004d57d8     <common>
 0003:000637dc       _dttLastIDSent             004d57dc     <common>
 0003:000637e0       _intLinkTurnovers          004d57e0     <common>
 0003:000637e4       _blnEnbARQRpt              004d57e4     <common>
 0003:000637e8       _intFailedFSKFrameTypes    004d57e8     <common>
 0003:000637ec       _bytFrameTypesForBW        004d57ec     <common>
 0003:000637f0       _intAccumPSKTracking       004d57f0     <common>
 0003:000637f4       _intGoodFSKFrameDataDecodes 004d57f4     <common>
 0003:000637f8       _dblAvgDecodeDistance      004d57f8     <common>
 0003:000637fc       _ARQState                  004d57fc     <common>
 0003:00063800       _intEnvelopeCors           004d5800     <common>
 0003:00063804       _intConReqQuality          004d5804     <common>
 0003:00063808       _intConReqSN               004d5808     <common>
 0003:0006380c       _intGoodOFDMSummationDecodes 004d580c     <common>
 0003:00063810       _intFrameSyncs             004d5810     <common>
 0003:00063814       _intGoodPSKSummationDecodes 004d5814     <common>
 0003:00063818       _intDecodeDistanceCount    004d5818     <common>
 0003:0006381c       _bytShiftUpThresholds      004d581c     <common>
 0003:00063820       _blnARQConnected           004d5820     <common>
 0003:00063824       _intGoodPSKFrameDataDecodes 004d5824     <common>
 0003:00063828       _intLeaderSyncs            004d5828     <common>
 0003:0006382c       _tmrPollOBQueue            004d582c     <common>
 0003:00063830       _intPSKTrackAttempts       004d5830     <common>
 0003:00063834       _bytPendingSessionID       004d5834     <common>
 0003:00063838       _dttTimeoutTrip            004d5838     <common>
 0003:0006383c       _blnPending                004d583c     <common>
 0003:00063840       _bytLastARQSessionID       004d5840     <common>
 0003:00063844       _intFSKSymbolCnt           004d5844     <common>
 0003:00063848       _intAvgQuality             004d5848     <common>
 0003:0006384c       _intFailedPSKFrameDataDecodes 004d584c     <common>
 0003:00063850       _intFailedQAMFrameDataDecodes 004d5850     <common>
 0003:00063854       _intGoodFSKSummationDecodes 004d5854     <common>
 0003:00063858       _dblFSKTuningSNAvg         004d5858     <common>
 0003:0006385c       _intGoodQAMFrameDataDecodes 004d585c     <common>
 0003:00063860       _dblAvgCorMaxToMaxProduct  004d5860     <common>
 0003:00063864       _DecodeCompleteTime        004d5864     <common>
 0003:00063868       _stcLastPingdttTimeReceived 004d5868     <common>
 0003:0006386c       _EncLen                    004d586c     <common>
 0003:00063870       _int8FSKQualityCnts        004d5870     <common>
 0003:00063880       _PTTOnCmd                  004d5880     <common>
 0003:000638c0       _dttStartRTMeasure         004d58c0     <common>
 0003:000638c4       _intQAMQuality             004d58c4     <common>
 0003:000638c8       _int4FSKQualityCnts        004d58c8     <common>
 0003:000638d0       _stcLastPingstrTarget      004d58d0     <common>
 0003:000638e0       _intOFDMQuality            004d58e0     <common>
 0003:00063900       _State                     004d5900     <common>
 0003:00063904       _dttLastPINGSent           004d5904     <common>
 0003:00063908       _bytValidFrameTypes        004d5908     <common>
 0003:0006390c       _intOFDMSymbolsDecoded     004d590c     <common>
 0003:00063910       _intPSKQualityCnts         004d5910     <common>
 0003:00063918       _int8FSKQuality            004d5918     <common>
 0003:0006391c       _intPSKSymbolsDecoded      004d591c     <common>
 0003:00063920       _int16FSKQualityCnts       004d5920     <common>
 0003:00063930       _stcLastPingstrSender      004d5930     <common>
 0003:0006393c       _intFSKSymbolsDecoded      004d593c     <common>
 0003:00063940       _stcLastPingintQuality     004d5940     <common>
 0003:00063960       _intOFDMQualityCnts        004d5960     <common>
 0003:00063980       _bytValidFrameTypesLength  004d5980     <common>
 0003:000639a0       _dblMagSpectrum            004d59a0     <common>
 0003:00063cd8       _int16FSKQuality           004d5cd8     <common>
 0003:00063cdc       _intRepeatCount            004d5cdc     <common>
 0003:00063ce0       _tmrSendTimeout            004d5ce0     <common>
 0003:00063ce4       _intQAMSymbolsDecoded      004d5ce4     <common>
 0003:00063ce8       _intQAMQualityCnts         004d5ce8     <common>
 0003:00063d00       _PTTOffCmd                 004d5d00     <common>
 0003:00063d40       _stcLastPingintRcvdSN      004d5d40     <common>
 0003:00063d44       _PingCount                 004d5d44     <common>
 0003:00063d48       _intGoodQAMSummationDecodes 004d5d48     <common>
 0003:00063d4c       _ProtocolState             004d5d4c     <common>
 0003:00063d50       _int4FSKQuality            004d5d50     <common>
 0003:00063d54       _intLastRcvdFrameQuality   004d5d54     <common>
 0003:00063d58       _newStatus                 004d5d58     <common>
 0003:00063d60       _intPSKQuality             004d5d60     <common>
 0003:00063d68       _intCalcLeader             004d5d68     <common>
 0003:00063d6c       _blnBusyStatus             004d5d6c     <common>

 entry point at        0001:00022ff5

 Static symbols

 0001:00006c90       _compute_discrepancy       00407c90 f    CIL library: CIL module
 0001:00008280       _init_exp_table            00409280 f    CIL library: CIL module
 0001:00008650       _getopt_parse              00409650 f    CIL library: CIL module
 0001:00013060       _compute_genpoly           00414060 f    CIL library: CIL module
 0001:00021404       __initterm                 00422404 f   LIBCMT:crt0dat.obj
 0001:00021541       _doexit                    00422541 f   LIBCMT:crt0dat.obj
 0001:00021a20       _swap                      00422a20 f   LIBCMT:qsort.obj
 0001:00021a50       _shortsort                 00422a50 f   LIBCMT:qsort.obj
 0001:00021e8e       ?_strupr_s_l_stat@@YAHPADIPAUlocaleinfo_struct@@@Z 00422e8e f   LIBCMT:strupr.obj
 0001:00022dda       _fast_error_exit           00423dda f   LIBCMT:crt0.obj
 0001:00022dfe       _check_managed_app         00423dfe f   LIBCMT:crt0.obj
 0001:00022e3f       ___tmainCRTStartup         00423e3f f   LIBCMT:crt0.obj
 0001:00023263       _write_char                00424263 f   LIBCMT:output.obj
 0001:00023296       _write_multi_char          00424296 f   LIBCMT:output.obj
 0001:000232ba       _write_string              004242ba f   LIBCMT:output.obj
 0001:00024559       _siglookup                 00425559 f   LIBCMT:winsig.obj
 0001:00024923       _fastcopy_I                00425923 f   LIBCMT:p4_memcpy.obj
 0001:00024aa1       ?strtoxl@@YAKPAUlocaleinfo_struct@@PBDPAPBDHH@Z 00425aa1 f   LIBCMT:strtol.obj
 0001:00024cf5       ?CPtoLCID@@YAHH@Z          00425cf5 f   LIBCMT:mbctype.obj
 0001:00024d24       ?setSBCS@@YAXPAUthreadmbcinfostruct@@@Z 00425d24 f   LIBCMT:mbctype.obj
 0001:00024d79       ?setSBUpLow@@YAXPAUthreadmbcinfostruct@@@Z 00425d79 f   LIBCMT:mbctype.obj
 0001:00024fa7       ?getSystemCP@@YAHH@Z       00425fa7 f   LIBCMT:mbctype.obj
 0001:000255d6       __updatetlocinfoEx_nolock  004265d6 f   LIBCMT:setlocal.obj
 0001:00025bad       __onexit_nolock            00426bad f   LIBCMT:onexit.obj
 0001:00025ff6       ___crtInitCritSecNoSpinCount@8 00426ff6 f   LIBCMT:initcrit.obj
 0001:0002647a       _flsall                    0042747a f   LIBCMT:fflush.obj
 0001:000265ef       ?__crtLCMapStringA_stat@@YAHPAUlocaleinfo_struct@@KKPBDHPADHHH@Z 004275ef f   LIBCMT:a_map.obj
 0001:00028d90       __unwind_handler4          00429d90 f   LIBCMT:exsup4.obj
 0001:000290bb       _parse_cmdline             0042a0bb f   LIBCMT:stdargv.obj
 0001:00029935       _fastzero_I                0042a935 f   LIBCMT:p4_memset.obj
 0001:00029e41       _has_osfxsr_set            0042ae41 f   LIBCMT:cpu_disp.obj
 0001:00029f34       ?__crtGetStringTypeA_stat@@YAHPAUlocaleinfo_struct@@KPBDHPAGHHH@Z 0042af34 f   LIBCMT:a_str.obj
 0001:0002b4bf       __tsopen_nolock            0042c4bf f   LIBCMT:open.obj
 0001:0002bfb4       __unwind_handler           0042cfb4 f   LIBCMT:exsup.obj
 0001:0002c0cb       ?x_ismbbtype_l@@YAHPAUlocaleinfo_struct@@IHH@Z 0042d0cb f   LIBCMT:ismbbyte.obj
 0001:0002c395       __shift                    0042d395 f   LIBCMT:cvt.obj
 0001:0002c3ce       __cftoe2_l                 0042d3ce f   LIBCMT:cvt.obj
 0001:0002c998       __cftof2_l                 0042d998 f   LIBCMT:cvt.obj
 0001:0002f5e9       __hw_cw                    004305e9 f   LIBCMT:ieee87.obj
 0001:0002f677       ___hw_cw_sse2              00430677 f   LIBCMT:ieee87.obj
