 ARDOP2

 Timestamp is 614888a4 (Mon Sep 20 14:12:04 2021)

 Preferred load address is 00400000

 Start         Length     Name                   Class
 0001:00000000 0002f43fH .text                   CODE
 0002:00000000 00000218H .idata$5                DATA
 0002:00000218 00000004H .CRT$XCA                DATA
 0002:0000021c 00000004H .CRT$XCZ                DATA
 0002:00000220 00000004H .CRT$XIA                DATA
 0002:00000224 00000014H .CRT$XIC                DATA
 0002:00000238 00000004H .CRT$XIZ                DATA
 0002:0000023c 00000004H .CRT$XPA                DATA
 0002:00000240 00000004H .CRT$XPX                DATA
 0002:00000244 00000004H .CRT$XPXA               DATA
 0002:00000248 00000004H .CRT$XPZ                DATA
 0002:0000024c 00000004H .CRT$XTA                DATA
 0002:00000250 00000004H .CRT$XTZ                DATA
 0002:00000260 00010ac8H .rdata                  DATA
 0002:00010d28 00000035H .rdata$debug            DATA
 0002:00010d60 0000000cH .rdata$sxdata           DATA
 0002:00010d6c 00000004H .rtc$IAA                DATA
 0002:00010d70 00000004H .rtc$IZZ                DATA
 0002:00010d74 00000004H .rtc$TAA                DATA
 0002:00010d78 00000004H .rtc$TZZ                DATA
 0002:00010d80 000004b4H .xdata$x                DATA
 0002:00011234 00000050H .idata$2                DATA
 0002:00011284 00000014H .idata$3                DATA
 0002:00011298 00000218H .idata$4                DATA
 0002:000114b0 0000085aH .idata$6                DATA
 0002:00011d0a 00000000H .edata                  DATA
 0003:00000000 000024d0H .data                   DATA
 0003:000024e0 00043a30H .bss                    DATA

  Address         Publics by Value              Rva+Base       Lib:Object

 0000:00000000       __except_list              00000000     <absolute>
 0000:00000003       ___safe_se_handler_count   00000003     <absolute>
 0000:00000000       ___ImageBase               00400000     <linker-defined>
 0001:00000000       _strlop                    00401000 f   ARDOPC.obj
 0001:00000020       _CheckValidCallsignSyntax  00401020 f   ARDOPC.obj
 0001:000000c0       _CheckGSSyntax             004010c0 f   ARDOPC.obj
 0001:00000190       _ardopmain                 00401190 f   ARDOPC.obj
 0001:00000330       _FrameInfo                 00401330 f   ARDOPC.obj
 0001:00000860       _RSEncode                  00401860 f   ARDOPC.obj
 0001:00000910       _RSDecode                  00401910 f   ARDOPC.obj
 0001:00000aa0       _EncodePSKData             00401aa0 f   ARDOPC.obj
 0001:00000c70       _EncodeFSKData             00401c70 f   ARDOPC.obj
 0001:00000f10       _EncodeARQConRequest       00401f10 f   ARDOPC.obj
 0001:00000fc0       _EncodePing                00401fc0 f   ARDOPC.obj
 0001:00001020       _EncodeCQ                  00402020 f   ARDOPC.obj
 0001:000010a0       _Encode4FSKIDFrame         004020a0 f   ARDOPC.obj
 0001:00001110       _EncodeAndSend4FSKControl  00402110 f   ARDOPC.obj
 0001:00001140       _EncodePingAck             00402140 f   ARDOPC.obj
 0001:000011b0       _SendID                    004021b0 f   ARDOPC.obj
 0001:00001290       _Send5SecTwoTone           00402290 f   ARDOPC.obj
 0001:00001300       _ASCIIto6Bit               00402300 f   ARDOPC.obj
 0001:00001410       _Bit6ToASCII               00402410 f   ARDOPC.obj
 0001:00001510       _CompressCallsign          00402510 f   ARDOPC.obj
 0001:00001600       _CompressGridSquare        00402600 f   ARDOPC.obj
 0001:00001690       _DeCompressCallsign        00402690 f   ARDOPC.obj
 0001:00001790       _DeCompressGridSquare      00402790 f   ARDOPC.obj
 0001:00001800       _FrameCode                 00402800 f   ARDOPC.obj
 0001:00001850       _GenCRC16                  00402850 f   ARDOPC.obj
 0001:000019b0       _CheckCRC16FrameType       004029b0 f   ARDOPC.obj
 0001:000019f0       _ClearDataToSend           004029f0 f   ARDOPC.obj
 0001:00001a20       _RemoveDataFromQueue       00402a20 f   ARDOPC.obj
 0001:00001ae0       _CheckTimers               00402ae0 f   ARDOPC.obj
 0001:00001e80       _UpdateBusyDetector        00402e80 f   ARDOPC.obj
 0001:00002460       _SendCQ                    00403460 f   ARDOPC.obj
 0001:000024f0       _SendPING                  004034f0 f   ARDOPC.obj
 0001:00002590       _ProcessPingFrame          00403590 f   ARDOPC.obj
 0001:00002680       _ProcessCQFrame            00403680 f   ARDOPC.obj
 0001:000026c0       _GetNAKLoQLevels           004036c0 f   ARQ.obj
 0001:00002740       _GetACKHiQLevels           00403740 f   ARQ.obj
 0001:000027e0       _GenCRC8                   004037e0 f   ARQ.obj
 0001:00002890       _ComputeInterFrameInterval 00403890 f   ARQ.obj
 0001:000028b0       _SetARDOPProtocolState     004038b0 f   ARQ.obj
 0001:000029f0       _GetNextARQFrame           004039f0 f   ARQ.obj
 0001:00002e00       _GenerateSessionID         00403e00 f   ARQ.obj
 0001:00002e60       _IsCallToMe                00403e60 f   ARQ.obj
 0001:00002f00       _IsPingToMe                00403f00 f   ARQ.obj
 0001:00002fa0       _GetDataModes              00403fa0 f   ARQ.obj
 0001:00003030       _Gearshift_2               00404030 f   ARQ.obj
 0001:00003390       _GetNumCarriers            00404390 f   ARQ.obj
 0001:000033f0       _SendData                  004043f0 f   ARQ.obj
 0001:00003660       _GetNextFrameData          00404660 f   ARQ.obj
 0001:00003920       _InitializeConnection      00404920 f   ARQ.obj
 0001:00003a80       _ProcessUnconnectedConReqFrame 00404a80 f   ARQ.obj
 0001:00003b30       _ProcessRcvdARQFrame       00404b30 f   ARQ.obj
 0001:00005020       _IRSNegotiateBW            00406020 f   ARQ.obj
 0001:000050a0       _SendARQConnectRequest     004060a0 f   ARQ.obj
 0001:00005260       _Send10MinID               00406260 f   ARQ.obj
 0001:000052d0       _CheckForDisconnect        004062d0 f   ARQ.obj
 0001:00005390       _Break                     00406390 f   ARQ.obj
 0001:000053e0       _Abort                     004063e0 f   ARQ.obj
 0001:00005410       _ClearTuningStats          00406410 f   ARQ.obj
 0001:00005510       _LogStats                  00406510 f   ARQ.obj
 0001:00005900       _Modified_Berlekamp_Massey 00406900 f   berlekamp.obj
 0001:00005b20       _mult_polys                00406b20 f   berlekamp.obj
 0001:00005c80       _Find_Roots                00406c80 f   berlekamp.obj
 0001:00005d70       _correct_errors_erasures   00406d70 f   berlekamp.obj
 0001:00005fd0       _ClearBusy                 00406fd0 f   BusyDetect.obj
 0001:00006020       _BusyDetect3               00407020 f   BusyDetect.obj
 0001:00006280       _compare                   00407280 f   BusyDetect.obj
 0001:000062c0       _SortSignals2              004072c0 f   BusyDetect.obj
 0001:00006410       _StartFEC                  00407410 f   FEC.obj
 0001:00006540       _GetNextFECFrame           00407540 f   FEC.obj
 0001:00006a90       _ProcessRcvdFECDataFrame   00407a90 f   FEC.obj
 0001:00006ca0       _NumberOfBitsNeeded        00407ca0 f   FFT.obj
 0001:00006ce0       _FourierTransform          00407ce0 f   FFT.obj
 0001:00007390       _getopt_missing_arg        00408390 f   getopt.obj
 0001:000073b0       _getopt_argerror           004083b0 f   getopt.obj
 0001:00007420       _getopt_match              00408420 f   getopt.obj
 0001:00007460       _getopt_resolved           00408460 f   getopt.obj
 0001:00007aa0       _AddDataToDataToSend       00408aa0 f   HostInterface.obj
 0001:00007b30       _DoTrueFalseCmd            00408b30 f   HostInterface.obj
 0001:00007c40       _ProcessCommandFromHost    00408c40 f   HostInterface.obj
 0001:000094b0       _SendCommandToHost         0040a4b0 f   HostInterface.obj
 0001:000094b0       _QueueCommandToHost        0040a4b0 f   HostInterface.obj
 0001:000094d0       _SendReplyToHost           0040a4d0 f   HostInterface.obj
 0001:000094f0       _AddTagToDataAndSendToHost 0040a4f0 f   HostInterface.obj
 0001:00009570       _KISSInit                  0040a570 f   KISSModule.obj
 0001:000095d0       _ProcessPacketBytes        0040a5d0 f   KISSModule.obj
 0001:00009650       _ProcessKISSBytes          0040a650 f   KISSModule.obj
 0001:000096c0       _ProcessKISSByte           0040a6c0 f   KISSModule.obj
 0001:00009700       _GetNextKISSFrame          0040a700 f   KISSModule.obj
 0001:00009860       _CheckKISS                 0040a860 f   KISSModule.obj
 0001:000098e0       _SendAckModeAck            0040a8e0 f   KISSModule.obj
 0001:00009970       _GetTwoToneLeaderWithSync  0040a970 f   Modulate.obj
 0001:000099e0       _SendLeaderAndSYNC         0040a9e0 f   Modulate.obj
 0001:00009b60       _Mod4FSKDataAndPlay        0040ab60 f   Modulate.obj
 0001:00009f50       _ModPSKDataAndPlay         0040af50 f   Modulate.obj
 0001:0000a650       _AddTrailer                0040b650 f   Modulate.obj
 0001:0000a6b0       _RemodulateLastFrame       0040b6b0 f   Modulate.obj
 0001:0000a7a0       _initFilter                0040b7a0 f   Modulate.obj
 0001:0000aa50       _SampleSink                0040ba50 f   Modulate.obj
 0001:0000adf0       _sendCWID                  0040bdf0 f   Modulate.obj
 0001:0000b230       _PktARDOPEncode            0040c230 f   pktARDOP.obj
 0001:0000b300       _PktARDOPStartTX           0040c300 f   pktARDOP.obj
 0001:0000b3e0       _ConvToAX25                0040c3e0 f   pktSession.obj
 0001:0000b440       _ConvFromAX25              0040c440 f   pktSession.obj
 0001:0000b4d0       _ConvertCallstoAX25        0040c4d0 f   pktSession.obj
 0001:0000b510       _CompareCalls              0040c510 f   pktSession.obj
 0001:0000b5b0       _NewLink                   0040c5b0 f   pktSession.obj
 0001:0000b6f0       _FindLink                  0040c6f0 f   pktSession.obj
 0001:0000b740       _FindFreeHostChannel       0040c740 f   pktSession.obj
 0001:0000b7a0       _L2Routine                 0040c7a0 f   pktSession.obj
 0001:0000b990       _L2FORUS                   0040c990 f   pktSession.obj
 0001:0000ba90       _ProcessXIDCommand         0040ca90 f   pktSession.obj
 0001:0000bcb0       _L2LINKACTIVE              0040ccb0 f   pktSession.obj
 0001:0000bdd0       _L2SABM                    0040cdd0 f   pktSession.obj
 0001:0000be10       _SETUPNEWL2SESSION         0040ce10 f   pktSession.obj
 0001:0000bfa0       _L2SENDRESP                0040cfa0 f   pktSession.obj
 0001:0000c010       _L2SWAPADDRESSES           0040d010 f   pktSession.obj
 0001:0000c0f0       _L2_PROCESS                0040d0f0 f   pktSession.obj
 0001:0000c2a0       _SDUFRM                    0040d2a0 f   pktSession.obj
 0001:0000c3a0       _SFRAME                    0040d3a0 f   pktSession.obj
 0001:0000c690       _SDIFRM                    0040d690 f   pktSession.obj
 0001:0000c930       _PROC_I_FRAME              0040d930 f   pktSession.obj
 0001:0000c9b0       _RESET2X                   0040d9b0 f   pktSession.obj
 0001:0000c9e0       _CLEARL2QUEUES             0040d9e0 f   pktSession.obj
 0001:0000ca20       _RESET2                    0040da20 f   pktSession.obj
 0001:0000ca50       _SENDSABM                  0040da50 f   pktSession.obj
 0001:0000cab0       _PutKISS                   0040dab0 f   pktSession.obj
 0001:0000cb50       _PUT_ON_PORT_Q             0040db50 f   pktSession.obj
 0001:0000cd30       _SETUPADDRESSES            0040dd30 f   pktSession.obj
 0001:0000cd60       _SDETX                     0040dd60 f   pktSession.obj
 0001:0000cf30       _L2TimerProc               0040df30 f   pktSession.obj
 0001:0000d0a0       _SendSupervisCmd           0040e0a0 f   pktSession.obj
 0001:0000d0f0       _ACKMSG                    0040e0f0 f   pktSession.obj
 0001:0000d1a0       _L2TIMEOUT                 0040e1a0 f   pktSession.obj
 0001:0000d2c0       _SDFRMR                    0040e2c0 f   pktSession.obj
 0001:0000d2f0       _SENDFRMR                  0040e2f0 f   pktSession.obj
 0001:0000d360       _CLEAROUTLINK              0040e360 f   pktSession.obj
 0001:0000d430       _L2SENDXID                 0040e430 f   pktSession.obj
 0001:0000d510       _L2SENDCOMMAND             0040e510 f   pktSession.obj
 0001:0000d570       _L2SENDRESPONSE            0040e570 f   pktSession.obj
 0001:0000d610       _RR_OR_RNR                 0040e610 f   pktSession.obj
 0001:0000d720       _ptkSessionBG              0040e720 f   pktSession.obj
 0001:0000d780       _PktSend                   0040e780 f   pktSession.obj
 0001:0000d7b0       _ProcessPktCommand         0040e7b0 f   pktSession.obj
 0001:0000db90       _PacketSessionPoll         0040eb90 f   pktSession.obj
 0001:0000dbd0       _CheckForPktMon            0040ebd0 f   pktSession.obj
 0001:0000dd10       _CheckForPktData           0040ed10 f   pktSession.obj
 0001:0000e000       _ProcessPktData            0040f000 f   pktSession.obj
 0001:0000e130       _ProcessDEDModeFrame       0040f130 f   pktSession.obj
 0001:0000e760       _DisplaySessionStats       0040f760 f   pktSession.obj
 0001:0000e890       _decode_data               0040f890 f   rs.obj
 0001:0000ea50       _encode_data               0040fa50 f   rs.obj
 0001:0000eb50       _SCSSendCommandToHost      0040fb50 f   SCSHostInterface.obj
 0001:0000eec0       _SCSSendReplyToHost        0040fec0 f   SCSHostInterface.obj
 0001:0000ef10       _SCSSendCommandToHostQuiet 0040ff10 f   SCSHostInterface.obj
 0001:0000efd0       _SCSAddTagToDataAndSendToHost 0040ffd0 f   SCSHostInterface.obj
 0001:0000f090       _CheckStatusChange         00410090 f   SCSHostInterface.obj
 0001:0000f100       _CheckForControl           00410100 f   SCSHostInterface.obj
 0001:0000f190       _CheckForData              00410190 f   SCSHostInterface.obj
 0001:0000f290       _CheckForLog               00410290 f   SCSHostInterface.obj
 0001:0000f340       _EmUnstuff                 00410340 f   SCSHostInterface.obj
 0001:0000f380       _ProcessSCSHostFrame       00410380 f   SCSHostInterface.obj
 0001:0000fbc0       _ProcessSCSTextCommand     00410bc0 f   SCSHostInterface.obj
 0001:00010260       _ProcessSCSPacket          00411260 f   SCSHostInterface.obj
 0001:00010620       _EmCRCStuffAndSend         00411620 f   SCSHostInterface.obj
 0001:00010700       _ProcessRIGPacket          00411700 f   SCSHostInterface.obj
 0001:00010830       _IsShortControlFrame       00411830 f   SoundInput.obj
 0001:000108a0       _IsDataFrame               004118a0 f   SoundInput.obj
 0001:000108f0       _FSMixFilter2500Hz         004118f0 f   SoundInput.obj
 0001:00010b60       _Filter75Hz                00411b60 f   SoundInput.obj
 0001:00010d60       _MixNCOFilter              00411d60 f   SoundInput.obj
 0001:00010e70       _CorrectRawDataWithRS      00411e70 f   SoundInput.obj
 0001:00011000       _ProcessNewSamples         00412000 f   SoundInput.obj
 0001:00011d40       _GoertzelRealImagHann120   00412d40 f   SoundInput.obj
 0001:00012120       _GoertzelRealImagHann960   00413120 f   SoundInput.obj
 0001:000126c0       _GoertzelRealImagHanning   004136c0 f   SoundInput.obj
 0001:00012960       _SpectralPeakLocator       00413960 f   SoundInput.obj
 0001:00012b10       _SearchFor2ToneLeader4     00413b10 f   SoundInput.obj
 0001:00013110       _Acquire2ToneLeaderSymbolFraming 00414110 f   SoundInput.obj
 0001:00013240       _EnvelopeCorrelatorNew     00414240 f   SoundInput.obj
 0001:00013520       _AcquireFrameSyncRSBAvg    00414520 f   SoundInput.obj
 0001:00013830       _DemodFrameType4FSK        00414830 f   SoundInput.obj
 0001:00013a50       _ComputeDecodeDistance     00414a50 f   SoundInput.obj
 0001:00013b60       _CheckTypeParity           00414b60 f   SoundInput.obj
 0001:00013ba0       _GetFrameTypeByte          00414ba0 f   SoundInput.obj
 0001:00013d50       _MinimalDistanceFrameType  00414d50 f   SoundInput.obj
 0001:00014600       _Acquire4FSKFrameType      00415600 f   SoundInput.obj
 0001:00014700       _Demod1Car4FSK             00415700 f   SoundInput.obj
 0001:000148b0       _Demod1Car4FSKChar         004158b0 f   SoundInput.obj
 0001:00014be0       _Decode4FSKConReq          00415be0 f   SoundInput.obj
 0001:00014d50       _Compute4FSKSN             00415d50 f   SoundInput.obj
 0001:00014e50       _Decode4FSKPing            00415e50 f   SoundInput.obj
 0001:00015090       _Decode4FSKPingACK         00416090 f   SoundInput.obj
 0001:00015130       _Decode4FSKID              00416130 f   SoundInput.obj
 0001:000152a0       _Decode4FSKCQ_de           004162a0 f   SoundInput.obj
 0001:000153f0       _DemodulateFrame           004163f0 f   SoundInput.obj
 0001:00015520       _DecodeFrame               00416520 f   SoundInput.obj
 0001:00015d70       _Update4FSKConstellation   00416d70 f   SoundInput.obj
 0001:000160e0       _Update16FSKConstellation  004170e0 f   SoundInput.obj
 0001:000163a0       _Update8FSKConstellation   004173a0 f   SoundInput.obj
 0001:00016600       _UpdatePhaseConstellation  00417600 f   SoundInput.obj
 0001:00016cc0       _Decode1CarPSK             00417cc0 f   SoundInput.obj
 0001:00016f20       _Track1CarPSK              00417f20 f   SoundInput.obj
 0001:00016fc0       _Decode1CarQAM             00417fc0 f   SoundInput.obj
 0001:00017120       _InitDemodPSK              00418120 f   SoundInput.obj
 0001:00017310       _CheckCarrierPairPSK       00418310 f   SoundInput.obj
 0001:000174a0       _DemodPSK                  004184a0 f   SoundInput.obj
 0001:00017b40       _Demod1CarPSKChar          00418b40 f   SoundInput.obj
 0001:00017cd0       _InitDemodQAM              00418cd0 f   SoundInput.obj
 0001:00017e60       _WeightedAngleAvg          00418e60 f   SoundInput.obj
 0001:00017f10       _SaveQAMSamples            00418f10 f   SoundInput.obj
 0001:00018000       _SavePSKSamples            00419000 f   SoundInput.obj
 0001:000180a0       _CheckCarrierPair          004190a0 f   SoundInput.obj
 0001:00018290       _DemodQAM                  00419290 f   SoundInput.obj
 0001:00018a00       _Demod1CarQAMChar          00419a00 f   SoundInput.obj
 0001:00018b50       _Format_Addr               00419b50 f   TCPHostInterface.obj
 0001:00018b90       _TCPSendCommandToHost      00419b90 f   TCPHostInterface.obj
 0001:00018c30       _TCPSendCommandToHostQuiet 00419c30 f   TCPHostInterface.obj
 0001:00018cb0       _TCPAddTagToDataAndSendToHost 00419cb0 f   TCPHostInterface.obj
 0001:00018d40       _ProcessReceivedControl    00419d40 f   TCPHostInterface.obj
 0001:00018ef0       _ProcessReceivedData       00419ef0 f   TCPHostInterface.obj
 0001:00019030       _OpenSocket4               0041a030 f   TCPHostInterface.obj
 0001:00019160       _OpenUDPSocket             0041a160 f   TCPHostInterface.obj
 0001:00019260       _TCPHostInit               0041a260 f   TCPHostInterface.obj
 0001:00019310       _TCPHostPoll               0041a310 f   TCPHostInterface.obj
 0001:00019b90       _SendtoGUI                 0041ab90 f   TCPHostInterface.obj
 0001:00019c30       _BPQOpenSerialPort         0041ac30 f   WinSerial.obj
 0001:00019ce0       _SerialSendData            0041ace0 f   WinSerial.obj
 0001:00019d50       _BPQSerialGetData          0041ad50 f   WinSerial.obj
 0001:00019e20       _PutString                 0041ae20 f   WinSerial.obj
 0001:00019e40       _PutChar                   0041ae40 f   WinSerial.obj
 0001:00019e60       _SerialHostInit            0041ae60 f   WinSerial.obj
 0001:00019f30       _SerialHostPoll            0041af30 f   WinSerial.obj
 0001:00019f90       _Debugprintf               0041af90 f   Waveout1.obj
 0001:00019ff0       _CtrlHandler               0041aff0 f   Waveout1.obj
 0001:0001a110       _main                      0041b110 f   Waveout1.obj
 0001:0001a4b0       _printtick                 0041b4b0 f   Waveout1.obj
 0001:0001a4f0       _txSleep                   0041b4f0 f   Waveout1.obj
 0001:0001a550       _SendtoCard                0041b550 f   Waveout1.obj
 0001:0001a610       _GetSoundDevices           0041b610 f   Waveout1.obj
 0001:0001a860       _InitSound                 0041b860 f   Waveout1.obj
 0001:0001aa50       _PollReceivedSamples       0041ba50 f   Waveout1.obj
 0001:0001acb0       _WriteDebugLog             0041bcb0 f   Waveout1.obj
 0001:0001ae40       _Statsprintf               0041be40 f   Waveout1.obj
 0001:0001afb0       _SoundFlush                0041bfb0 f   Waveout1.obj
 0001:0001b260       _RadioPTT                  0041c260 f   Waveout1.obj
 0001:0001b2f0       _KeyPTT                    0041c2f0 f   Waveout1.obj
 0001:0001b3a0       _displayState              0041c3a0 f   Waveout1.obj
 0001:0001b400       _DrawTXFrame               0041c400 f   Waveout1.obj
 0001:0001b400       _DrawTXMode                0041c400 f   Waveout1.obj
 0001:0001b460       _DrawRXFrame               0041c460 f   Waveout1.obj
 0001:0001b4c0       _SetLED                    0041c4c0 f   Waveout1.obj
 0001:0001b540       _displayCall               0041c540 f   Waveout1.obj
 0001:0001b5a0       _OpenCOMPort               0041c5a0 f   Waveout1.obj
 0001:0001b7b0       _ReadCOMBlock              0041c7b0 f   Waveout1.obj
 0001:0001b820       _WriteCOMBlock             0041c820 f   Waveout1.obj
 0001:0001b870       _CatWrite                  0041c870 f   Waveout1.obj
 0001:0001b8c0       _DrawAxes                  0041c8c0 f   Waveout1.obj
 0001:0001bad0       _hid_enumerate             0041cad0 f   hid.obj
 0001:0001be60       _hid_free_enumeration      0041ce60 f   hid.obj
 0001:0001bea0       _hid_open_path             0041cea0 f   hid.obj
 0001:0001c020       _hid_write                 0041d020 f   hid.obj
 0001:0001c0a0       _compute_crc               0041d0a0 f   ARDOPCommon.obj
 0001:0001c0e0       _processargs               0041d0e0 f   ARDOPCommon.obj
 0001:0001c4c0       _LostHost                  0041d4c0 f   ARDOPCommon.obj
 0001:0001c510       _CM108_set_ptt             0041d510 f   ARDOPCommon.obj
 0001:0001c5f0       _DecodeCM108               0041d5f0 f   ARDOPCommon.obj
 0001:0001c7ee       @__security_check_cookie@4 0041d7ee f   LIBCMT:secchk.obj
 0001:0001c7fd       _sprintf                   0041d7fd f   LIBCMT:sprintf.obj
 0001:0001c878       __time32                   0041d878 f   LIBCMT:time.obj
 0001:0001c8c0       _memmove                   0041d8c0 f   LIBCMT:memmove.obj
 0001:0001cc40       _strchr                    0041dc40 f   LIBCMT:strchr.obj
 0001:0001cc46       ___from_strstr_to_strchr   0041dc46     LIBCMT:strchr.obj
 0001:0001ccfe       _atol                      0041dcfe f   LIBCMT:atox.obj
 0001:0001cd0f       _atoi                      0041dd0f f   LIBCMT:atox.obj
 0001:0001cd14       ??0_LocaleUpdate@@QAE@PAUlocaleinfo_struct@@@Z 0041dd14 f i LIBCMT:_ctype.obj
 0001:0001cd96       __isalpha_l                0041dd96 f i LIBCMT:_ctype.obj
 0001:0001cdea       _isalpha                   0041ddea f i LIBCMT:_ctype.obj
 0001:0001ce15       __isdigit_l                0041de15 f i LIBCMT:_ctype.obj
 0001:0001ce64       _isdigit                   0041de64 f i LIBCMT:_ctype.obj
 0001:0001ce8d       __isalnum_l                0041de8d f i LIBCMT:_ctype.obj
 0001:0001cee1       _isalnum                   0041dee1 f i LIBCMT:_ctype.obj
 0001:0001cf0c       _rand                      0041df0c f   LIBCMT:rand.obj
 0001:0001cf2e       ___iob_func                0041df2e f   LIBCMT:_file.obj
 0001:0001cf34       ___initstdio               0041df34 f   LIBCMT:_file.obj
 0001:0001cfe5       ___endstdio                0041dfe5 f   LIBCMT:_file.obj
 0001:0001d005       __lock_file                0041e005 f   LIBCMT:_file.obj
 0001:0001d034       __lock_file2               0041e034 f   LIBCMT:_file.obj
 0001:0001d057       __unlock_file              0041e057 f   LIBCMT:_file.obj
 0001:0001d086       __unlock_file2             0041e086 f   LIBCMT:_file.obj
 0001:0001d0a9       _fprintf                   0041e0a9 f   LIBCMT:fprintf.obj
 0001:0001d2c0       _qsort                     0041e2c0 f   LIBCMT:qsort.obj
 0001:0001d567       _strtok_s                  0041e567 f   LIBCMT:strtok_s.obj
 0001:0001d653       __freea                    0041e653 f i LIBCMT:strupr.obj
 0001:0001d7ea       __strupr_s_l               0041e7ea f   LIBCMT:strupr.obj
 0001:0001d81d       __strupr                   0041e81d f   LIBCMT:strupr.obj
 0001:0001d880       _strstr                    0041e880 f   LIBCMT:strstr.obj
 0001:0001d906       _free                      0041e906 f   LIBCMT:free.obj
 0001:0001d994       _V6_HeapAlloc              0041e994 f   LIBCMT:malloc.obj
 0001:0001d9e3       _malloc                    0041e9e3 f   LIBCMT:malloc.obj
 0001:0001daa6       _realloc                   0041eaa6 f   LIBCMT:realloc.obj
 0001:0001dcd0       _memchr                    0041ecd0 f   LIBCMT:memchr.obj
 0001:0001dd7d       __memicmp_l                0041ed7d f   LIBCMT:memicmp.obj
 0001:0001de50       __memicmp                  0041ee50 f   LIBCMT:memicmp.obj
 0001:0001deb0       _ceil                      0041eeb0 f   LIBCMT:ceil_pentium4.obj
 0001:0001def0       __ceil_pentium4            0041eef0 f   LIBCMT:ceil_pentium4.obj
 0001:0001dfcd       __tolower_l                0041efcd f   LIBCMT:tolower.obj
 0001:0001e0e4       _tolower                   0041f0e4 f   LIBCMT:tolower.obj
 0001:0001e10b       __get_sys_err_msg          0041f10b f i LIBCMT:perror.obj
 0001:0001e12e       _perror                    0041f12e f   LIBCMT:perror.obj
 0001:0001e1bc       _printf                    0041f1bc f   LIBCMT:printf.obj
 0001:0001e26b       __get_printf_count_output  0041f26b f   LIBCMT:printf.obj
 0001:0001e281       __vsprintf_l               0041f281 f   LIBCMT:vsprintf.obj
 0001:0001e2fd       _vsprintf                  0041f2fd f   LIBCMT:vsprintf.obj
 0001:0001e314       _fputs                     0041f314 f   LIBCMT:fputs.obj
 0001:0001e456       __fsopen                   0041f456 f   LIBCMT:fopen.obj
 0001:0001e51a       _fopen                     0041f51a f   LIBCMT:fopen.obj
 0001:0001e52d       __fwrite_nolock            0041f52d f   LIBCMT:fwrite.obj
 0001:0001e647       __fclose_nolock            0041f647 f   LIBCMT:fclose.obj
 0001:0001e6ba       _fclose                    0041f6ba f   LIBCMT:fclose.obj
 0001:0001e736       __calloc_impl              0041f736 f   LIBCMT:calloc.obj
 0001:0001e854       _calloc                    0041f854 f   LIBCMT:calloc.obj
 0001:0001eabe       _strtol                    0041fabe f   LIBCMT:strtol.obj
 0001:0001eaf0       _strncpy                   0041faf0 f   LIBCMT:strncpy.obj
 0001:0001ec14       __wcsdup                   0041fc14 f   LIBCMT:wcsdup.obj
 0001:0001ec67       _abort                     0041fc67 f   LIBCMT:abort.obj
 0001:0001ed5a       __get_errno_from_oserr     0041fd5a f   LIBCMT:dosmap.obj
 0001:0001ed95       __errno                    0041fd95 f   LIBCMT:dosmap.obj
 0001:0001eda8       ___doserrno                0041fda8 f   LIBCMT:dosmap.obj
 0001:0001edbb       __dosmaperr                0041fdbb f   LIBCMT:dosmap.obj
 0001:0001edd9       __strdup                   0041fdd9 f   LIBCMT:strdup.obj
 0001:0001ee29       __wcstombs_l_helper        0041fe29 f   LIBCMT:wcstombs.obj
 0001:0001f06f       _wcstombs                  0042006f f   LIBCMT:wcstombs.obj
 0001:0001f086       __amsg_exit                00420086 f   LIBCMT:crt0dat.obj
 0001:0001f0aa       ___crtCorExitProcess       004200aa f   LIBCMT:crt0dat.obj
 0001:0001f0d0       ___crtExitProcess          004200d0 f   LIBCMT:crt0dat.obj
 0001:0001f0e5       __lockexit                 004200e5 f   LIBCMT:crt0dat.obj
 0001:0001f0ee       __unlockexit               004200ee f   LIBCMT:crt0dat.obj
 0001:0001f10f       __initterm_e               0042010f f   LIBCMT:crt0dat.obj
 0001:0001f12f       __get_osplatform           0042012f f   LIBCMT:crt0dat.obj
 0001:0001f166       __get_winmajor             00420166 f   LIBCMT:crt0dat.obj
 0001:0001f1a2       __cinit                    004201a2 f   LIBCMT:crt0dat.obj
 0001:0001f302       _exit                      00420302 f   LIBCMT:crt0dat.obj
 0001:0001f313       __exit                     00420313 f   LIBCMT:crt0dat.obj
 0001:0001f324       __cexit                    00420324 f   LIBCMT:crt0dat.obj
 0001:0001f333       __c_exit                   00420333 f   LIBCMT:crt0dat.obj
 0001:0001f342       __init_pointers            00420342 f   LIBCMT:crt0dat.obj
 0001:0001f5a9       _mainCRTStartup            004205a9 f   LIBCMT:crt0.obj
 0001:0001f5b3       ___report_gsfailure        004205b3 f   LIBCMT:gs_report.obj
 0001:0001f6b7       __flsbuf                   004206b7 f   LIBCMT:_flsbuf.obj
 0001:0001f8b8       __output_l                 004208b8 f   LIBCMT:output.obj
 0001:00020250       __initp_misc_invarg        00421250 f   LIBCMT:invarg.obj
 0001:0002025a       __invoke_watson            0042125a f   LIBCMT:invarg.obj
 0001:00020356       __invalid_parameter        00421356 f   LIBCMT:invarg.obj
 0001:00020380       __aulldiv                  00421380 f   LIBCMT:ulldiv.obj
 0001:000203f0       _memset                    004213f0 f   LIBCMT:memset.obj
 0001:0002046a       __malloc_crt               0042146a f   LIBCMT:crtheap.obj
 0001:000204aa       __calloc_crt               004214aa f   LIBCMT:crtheap.obj
 0001:000204f2       __realloc_crt              004214f2 f   LIBCMT:crtheap.obj
 0001:0002053d       __encode_pointer           0042153d f   LIBCMT:tidtable.obj
 0001:000205a0       __encoded_null             004215a0 f   LIBCMT:tidtable.obj
 0001:000205a9       __decode_pointer           004215a9 f   LIBCMT:tidtable.obj
 0001:0002060c       ___crtTlsAlloc@4           0042160c f   LIBCMT:tidtable.obj
 0001:00020615       ___set_flsgetvalue         00421615 f   LIBCMT:tidtable.obj
 0001:0002063f       __mtterm                   0042163f f   LIBCMT:tidtable.obj
 0001:0002067c       __initptd                  0042167c f   LIBCMT:tidtable.obj
 0001:00020730       __getptd_noexit            00421730 f   LIBCMT:tidtable.obj
 0001:000207b3       __getptd                   004217b3 f   LIBCMT:tidtable.obj
 0001:000207cb       __freefls@4                004217cb f   LIBCMT:tidtable.obj
 0001:000208ec       __mtinit                   004218ec f   LIBCMT:tidtable.obj
 0001:00020af7       __VEC_memcpy               00421af7 f   LIBCMT:p4_memcpy.obj
 0001:00020bda       __sse2_mathfcns_init       00421bda f   LIBCMT:mathfcns.obj
 0001:00020dfc       ___updatetmbcinfo          00421dfc f   LIBCMT:mbctype.obj
 0001:00020f1a       __setmbcp_nolock           00421f1a f   LIBCMT:mbctype.obj
 0001:000210c5       __setmbcp                  004220c5 f   LIBCMT:mbctype.obj
 0001:0002125f       ___initmbctable            0042225f f   LIBCMT:mbctype.obj
 0001:0002127d       ___freetlocinfo            0042227d f   LIBCMT:setlocal.obj
 0001:000213bd       ___addlocaleref            004223bd f   LIBCMT:setlocal.obj
 0001:00021443       ___removelocaleref         00422443 f   LIBCMT:setlocal.obj
 0001:0002150d       ___updatetlocinfo          0042250d f   LIBCMT:setlocal.obj
 0001:00021583       __isctype_l                00422583 f   LIBCMT:isctype.obj
 0001:00021639       __ioinit                   00422639 f   LIBCMT:ioinit.obj
 0001:00021879       __fcloseall                00422879 f   LIBCMT:closeall.obj
 0001:00021918       __flush                    00422918 f   LIBCMT:fflush.obj
 0001:0002197a       __fflush_nolock            0042297a f   LIBCMT:fflush.obj
 0001:00021a96       __flushall                 00422a96 f   LIBCMT:fflush.obj
 0001:00021a9f       __mtinitlocks              00422a9f f   LIBCMT:mlock.obj
 0001:00021ae8       __mtdeletelocks            00422ae8 f   LIBCMT:mlock.obj
 0001:00021b3d       __unlock                   00422b3d f   LIBCMT:mlock.obj
 0001:00021b52       __mtinitlocknum            00422b52 f   LIBCMT:mlock.obj
 0001:00021c15       __lock                     00422c15 f   LIBCMT:mlock.obj
 0001:00021c46       __stbuf                    00422c46 f   LIBCMT:_sftbuf.obj
 0001:00021cdc       __ftbuf                    00422cdc f   LIBCMT:_sftbuf.obj
 0001:00021d0b       __fileno                   00422d0b f   LIBCMT:fileno.obj
 0001:00021d38       __SEH_prolog4              00422d38 f   LIBCMT:sehprolg4.obj
 0001:00021d7d       __SEH_epilog4              00422d7d f   LIBCMT:sehprolg4.obj
 0001:00021da0       __except_handler4          00422da0 f   LIBCMT:chandler4.obj
 0001:00021f36       _strcpy_s                  00422f36 f   LIBCMT:strcpy_s.obj
 0001:0002233d       ___crtLCMapStringA         0042333d f   LIBCMT:a_map.obj
 0001:00022380       _strnlen                   00423380 f   LIBCMT:strlen_s.obj
 0001:000223a0       __alloca_probe_16          004233a0 f   LIBCMT:alloca16.obj
 0001:000223b6       __alloca_probe_8           004233b6     LIBCMT:alloca16.obj
 0001:000223cc       ___heap_select             004233cc f   LIBCMT:heapinit.obj
 0001:00022427       __heap_init                00423427 f   LIBCMT:heapinit.obj
 0001:00022481       ___sbh_heap_init           00423481 f   LIBCMT:sbheap.obj
 0001:000224c9       ___sbh_find_block          004234c9 f   LIBCMT:sbheap.obj
 0001:000224f4       ___sbh_free_block          004234f4 f   LIBCMT:sbheap.obj
 0001:00022808       ___sbh_alloc_new_region    00423808 f   LIBCMT:sbheap.obj
 0001:000228b8       ___sbh_alloc_new_group     004238b8 f   LIBCMT:sbheap.obj
 0001:000229be       ___sbh_resize_block        004239be f   LIBCMT:sbheap.obj
 0001:00022c9d       ___sbh_alloc_block         00423c9d f   LIBCMT:sbheap.obj
 0001:00022f80       __NMSG_WRITE               00423f80 f   LIBCMT:crt0msg.obj
 0001:00023120       __FF_MSGBANNER             00424120 f   LIBCMT:crt0msg.obj
 0001:00023159       __initp_heap_handler       00424159 f   LIBCMT:handler.obj
 0001:00023163       __callnewh                 00424163 f   LIBCMT:handler.obj
 0001:00023190       _memcpy                    00424190 f   LIBCMT:memcpy.obj
 0001:00023500       ___ascii_memicmp           00424500 f   LIBCMT:_memicmp.obj
 0001:00023559       ___libm_error_support      00424559 f   LIBCMT:libm_error.obj
 0001:00023809       __ceil_default             00424809 f   LIBCMT:ceil.obj
 0001:000238da       __isleadbyte_l             004248da f i LIBCMT:_wctype.obj
 0001:00023910       _isleadbyte                00424910 f i LIBCMT:_wctype.obj
 0001:0002391e       ___sys_nerr                0042491e f   LIBCMT:syserr.obj
 0001:00023924       ___sys_errlist             00424924 f   LIBCMT:syserr.obj
 0001:0002392a       __set_osfhnd               0042492a f   LIBCMT:osfinfo.obj
 0001:000239a7       __free_osfhnd              004249a7 f   LIBCMT:osfinfo.obj
 0001:00023a28       __get_osfhandle            00424a28 f   LIBCMT:osfinfo.obj
 0001:00023a99       ___lock_fhandle            00424a99 f   LIBCMT:osfinfo.obj
 0001:00023b39       __unlock_fhandle           00424b39 f   LIBCMT:osfinfo.obj
 0001:00023b5b       __alloc_osfhnd             00424b5b f   LIBCMT:osfinfo.obj
 0001:00023cfa       __write_nolock             00424cfa f   LIBCMT:write.obj
 0001:000242c0       __write                    004252c0 f   LIBCMT:write.obj
 0001:000243a0       _strlen                    004253a0 f   LIBCMT:strlen.obj
 0001:0002442b       __vsnprintf_l              0042542b f   LIBCMT:vsnprint.obj
 0001:000244dc       _vsnprintf                 004254dc f   LIBCMT:vsnprint.obj
 0001:000244dc       __vsnprintf                004254dc f   LIBCMT:vsnprint.obj
 0001:000244f7       __openfile                 004254f7 f   LIBCMT:_open.obj
 0001:00024799       __getstream                00425799 f   LIBCMT:stream.obj
 0001:000248c0       __local_unwind4            004258c0 f   LIBCMT:exsup4.obj
 0001:00024996       __seh_longjmp_unwind4@4    00425996 f   LIBCMT:exsup4.obj
 0001:000249b2       @_EH4_CallFilterFunc@8     004259b2 f   LIBCMT:exsup4.obj
 0001:000249c9       @_EH4_TransferToHandler@8  004259c9 f   LIBCMT:exsup4.obj
 0001:000249e2       @_EH4_GlobalUnwind@4       004259e2 f   LIBCMT:exsup4.obj
 0001:000249fc       @_EH4_LocalUnwind@16       004259fc f   LIBCMT:exsup4.obj
 0001:00024a13       __close_nolock             00425a13 f   LIBCMT:close.obj
 0001:00024aa7       __close                    00425aa7 f   LIBCMT:close.obj
 0001:00024b74       __freebuf                  00425b74 f   LIBCMT:_freebuf.obj
 0001:00024ba0       _wcscpy_s                  00425ba0 f   LIBCMT:wcscpy_s.obj
 0001:00024c0c       _wcslen                    00425c0c f   LIBCMT:wcslen.obj
 0001:00024c22       __initp_misc_winsig        00425c22 f   LIBCMT:winsig.obj
 0001:00024c6f       ___get_sigabrt             00425c6f f   LIBCMT:winsig.obj
 0001:00024c7c       _raise                     00425c7c f   LIBCMT:winsig.obj
 0001:00024ed9       ___onexitinit              00425ed9 f   LIBCMT:onexit.obj
 0001:00024f08       __onexit                   00425f08 f   LIBCMT:onexit.obj
 0001:00024f44       _atexit                    00425f44 f   LIBCMT:onexit.obj
 0001:00024f56       __RTC_Initialize           00425f56 f   LIBCMT:initsect.obj
 0001:00024f7a       __RTC_Terminate            00425f7a f   LIBCMT:initsect.obj
 0001:00024f9e       __initp_misc_cfltcvt_tab   00425f9e f   LIBCMT:cmiscdat.obj
 0001:00024fc0       __ValidateImageBase        00425fc0 f   LIBCMT:pesect.obj
 0001:00024ff0       __FindPESection            00425ff0 f   LIBCMT:pesect.obj
 0001:00025032       __IsNonwritableInCurrentImage 00426032 f   LIBCMT:pesect.obj
 0001:0002509e       ?terminate@@YAXXZ          0042609e f   LIBCMT:hooks.obj
 0001:000250d7       __initp_eh_hooks           004260d7 f   LIBCMT:hooks.obj
 0001:000250e8       __fpclear                  004260e8 f   LIBCMT:fpinit.obj
 0001:000250e8       __initp_misc_winxfltr      004260e8 f   LIBCMT:winxfltr.obj
 0001:000250e9       __XcptFilter               004260e9 f   LIBCMT:winxfltr.obj
 0001:00025258       __initp_misc_rand_s        00426258 f   LIBCMT:rand_s.obj
 0001:00025262       __initp_misc_purevirt      00426262 f   LIBCMT:inithelp.obj
 0001:0002526c       __initp_misc_initcrit      0042626c f   LIBCMT:initcrit.obj
 0001:00025286       ___crtInitCritSecAndSpinCount 00426286 f   LIBCMT:initcrit.obj
 0001:0002534b       __setenvp                  0042634b f   LIBCMT:stdenvp.obj
 0001:000255be       __setargv                  004265be f   LIBCMT:stdargv.obj
 0001:00025677       ___crtGetEnvironmentStringsA 00426677 f   LIBCMT:a_env.obj
 0001:000257ac       ___security_init_cookie    004267ac f   LIBCMT:gs_support.obj
 0001:00025840       __crt_debugger_hook        00426840 f   LIBCMT:dbghook.obj
 0001:00025848       __lseeki64_nolock          00426848 f   LIBCMT:lseeki64.obj
 0001:000258cb       __lseeki64                 004268cb f   LIBCMT:lseeki64.obj
 0001:000259e4       __getbuf                   004269e4 f   LIBCMT:_getbuf.obj
 0001:00025a28       __isatty                   00426a28 f   LIBCMT:isatty.obj
 0001:00025a86       __wctomb_s_l               00426a86 f   LIBCMT:wctomb.obj
 0001:00025be5       _wctomb_s                  00426be5 f   LIBCMT:wctomb.obj
 0001:00025c00       __aulldvrm                 00426c00 f   LIBCMT:ulldvrm.obj
 0001:00025cec       __VEC_memzero              00426cec f   LIBCMT:p4_memset.obj
 0001:00025dcb       __get_sse2_info            00426dcb f   LIBCMT:cpu_disp.obj
 0001:00025e2b       ___sse2_available_init     00426e2b f   LIBCMT:cpu_disp.obj
 0001:00025e40       __allmul                   00426e40 f   LIBCMT:llmul.obj
 0001:0002602c       ___crtGetStringTypeA       0042702c f   LIBCMT:a_str.obj
 0001:0002606c       ___free_lc_time            0042706c f   LIBCMT:inittime.obj
 0001:000261fc       ___free_lconv_num          004271fc f   LIBCMT:initnum.obj
 0001:0002623c       ___free_lconv_mon          0042723c f   LIBCMT:initmon.obj
 0001:000262c5       _strcat_s                  004272c5 f   LIBCMT:strcat_s.obj
 0001:00026340       _strcspn                   00427340 f   LIBCMT:strcspn.obj
 0001:00026386       _strncpy_s                 00427386 f   LIBCMT:strncpy_s.obj
 0001:00026440       _strcmp                    00427440 f   LIBCMT:strcmp.obj
 0001:000264c8       _strncmp                   004274c8 f   LIBCMT:strncmp.obj
 0001:00026590       _strpbrk                   00427590 f   LIBCMT:strpbrk.obj
 0001:000265d0       __commit                   004275d0 f   LIBCMT:commit.obj
 0001:000266b1       ___ansicp                  004276b1 f   LIBCMT:convrtcp.obj
 0001:000266f8       ___convertcp               004276f8 f   LIBCMT:convrtcp.obj
 0001:000268b0       __chkstk                   004278b0 f   LIBCMT:chkstk.obj
 0001:000268b0       __alloca_probe             004278b0     LIBCMT:chkstk.obj
 0001:000268db       ___crtMessageBoxA          004278db f   LIBCMT:crtmbox.obj
 0001:00026a79       __set_error_mode           00427a79 f   LIBCMT:errmode.obj
 0001:00026abf       __matherr                  00427abf f   LIBCMT:matherr.obj
 0001:00026ac2       __cfltcvt_init             00427ac2 f   LIBCMT:fpinit.obj
 0001:00026b22       __fpmath                   00427b22 f   LIBCMT:fpinit.obj
 0001:00026b40       __raise_exc_ex             00427b40 f   LIBCMT:fpexcept.obj
 0001:00026e1a       __raise_exc                00427e1a f   LIBCMT:fpexcept.obj
 0001:00026e3b       __handle_exc               00427e3b f   LIBCMT:fpexcept.obj
 0001:0002701c       __set_errno_from_matherr   0042801c f   LIBCMT:fpexcept.obj
 0001:00027044       __errcode                  00428044 f   LIBCMT:fpexcept.obj
 0001:00027071       __umatherr                 00428071 f   LIBCMT:fpexcept.obj
 0001:0002710f       __handle_qnan1             0042810f f   LIBCMT:fpexcept.obj
 0001:00027162       __except1                  00428162 f   LIBCMT:fpexcept.obj
 0001:0002721c       __frnd                     0042821c f   LIBCMT:frnd.obj
 0001:0002722d       __set_exp                  0042822d f   LIBCMT:util.obj
 0001:00027257       __sptype                   00428257 f   LIBCMT:util.obj
 0001:000272b2       __decomp                   004282b2 f   LIBCMT:util.obj
 0001:00027361       __statfp                   00428361 f   LIBCMT:fpctrl.obj
 0001:0002736c       __clrfp                    0042836c f   LIBCMT:fpctrl.obj
 0001:00027378       __ctrlfp                   00428378 f   LIBCMT:fpctrl.obj
 0001:0002739f       __set_statfp               0042839f f   LIBCMT:fpctrl.obj
 0001:000273f5       ___set_fpsr_sse2           004283f5 f   LIBCMT:fpctrl.obj
 0001:00027467       __putwch_nolock            00428467 f   LIBCMT:putwch.obj
 0001:00027529       __mbtowc_l                 00428529 f   LIBCMT:mbtowc.obj
 0001:0002763c       _mbtowc                    0042863c f   LIBCMT:mbtowc.obj
 0001:00027c91       __sopen_helper             00428c91 f   LIBCMT:open.obj
 0001:00027d5d       __sopen_s                  00428d5d f   LIBCMT:open.obj
 0001:00027d7b       __mbsicmp_l                00428d7b f   LIBCMT:mbsicmp.obj
 0001:00027f95       __mbsicmp                  00428f95 f   LIBCMT:mbsicmp.obj
 0001:00027fa8       __mbsnbcmp_l               00428fa8 f   LIBCMT:mbsnbcmp.obj
 0001:00028111       __mbsnbcmp                 00429111 f   LIBCMT:mbsnbcmp.obj
 0001:00028128       __global_unwind2           00429128 f   LIBCMT:exsup.obj
 0001:0002818d       __local_unwind2            0042918d f   LIBCMT:exsup.obj
 0001:00028211       __abnormal_termination     00429211 f   LIBCMT:exsup.obj
 0001:00028234       __NLG_Notify1              00429234 f   LIBCMT:exsup.obj
 0001:0002823d       __NLG_Notify               0042923d f   LIBCMT:exsup.obj
 0001:00028254       __NLG_Dispatch             00429254     LIBCMT:exsup.obj
 0001:00028254       __NLG_Dispatch2            00429254     LIBCMT:exsup.obj
 0001:0002825c       __NLG_Call                 0042925c f   LIBCMT:exsup.obj
 0001:0002825e       __NLG_Return2              0042925e     LIBCMT:exsup.obj
 0001:0002825f       __msize                    0042925f f   LIBCMT:msize.obj
 0001:00028302       __fptrap                   00429302 f   LIBCMT:crt0fp.obj
 0001:0002835c       __ismbblead                0042935c f   LIBCMT:ismbbyte.obj
 0001:0002836f       ___ascii_stricmp           0042936f f   LIBCMT:stricmp.obj
 0001:000283a4       __stricmp_l                004293a4 f   LIBCMT:stricmp.obj
 0001:00028477       __forcdecpt_l              00429477 f   LIBCMT:cvt.obj
 0001:000284e8       __cropzeros_l              004294e8 f   LIBCMT:cvt.obj
 0001:00028568       __positive                 00429568 f   LIBCMT:cvt.obj
 0001:0002857e       __fassign_l                0042957e f   LIBCMT:cvt.obj
 0001:000285be       __fassign                  004295be f   LIBCMT:cvt.obj
 0001:000285f2       __forcdecpt                004295f2 f   LIBCMT:cvt.obj
 0001:00028600       __cropzeros                00429600 f   LIBCMT:cvt.obj
 0001:0002877b       __cftoe_l                  0042977b f   LIBCMT:cvt.obj
 0001:00028849       __cftoe                    00429849 f   LIBCMT:cvt.obj
 0001:00028867       __cftoa_l                  00429867 f   LIBCMT:cvt.obj
 0001:00028ccd       __cftof_l                  00429ccd f   LIBCMT:cvt.obj
 0001:00028d86       __cftog_l                  00429d86 f   LIBCMT:cvt.obj
 0001:00028e7e       __cfltcvt_l                00429e7e f   LIBCMT:cvt.obj
 0001:00028f04       __cfltcvt                  00429f04 f   LIBCMT:cvt.obj
 0001:00028f25       __setdefaultprecision      00429f25 f   LIBCMT:fp8.obj
 0001:00028f4e       __ms_p5_test_fdiv          00429f4e f   LIBCMT:testfdiv.obj
 0001:00028f8a       __ms_p5_mp_test_fdiv       00429f8a f   LIBCMT:testfdiv.obj
 0001:00028fb3       ___initconout              00429fb3 f   LIBCMT:initcon.obj
 0001:00028fd2       ___termcon                 00429fd2 f   LIBCMT:initcon.obj
 0001:00028fff       __chsize_nolock            00429fff f   LIBCMT:chsize.obj
 0001:000291b3       __read_nolock              0042a1b3 f   LIBCMT:read.obj
 0001:00029755       __lseek_nolock             0042a755 f   LIBCMT:lseek.obj
 0001:000297c7       __setmode_nolock           0042a7c7 f   LIBCMT:setmode.obj
 0001:00029883       __get_fmode                0042a883 f   LIBCMT:setmode.obj
 0001:000298c0       ___ascii_strnicmp          0042a8c0 f   LIBCMT:_strnicm.obj
 0001:00029930       _strrchr                   0042a930 f   LIBCMT:strrchr.obj
 0001:0002995d       __atodbl_l                 0042a95d f   LIBCMT:atodbl.obj
 0001:00029a03       __atoflt_l                 0042aa03 f   LIBCMT:atodbl.obj
 0001:00029aa9       __fptostr                  0042aaa9 f   LIBCMT:_fptostr.obj
 0001:00029b66       ___dtold                   0042ab66 f   LIBCMT:cfout.obj
 0001:00029c21       __fltout2                  0042ac21 f   LIBCMT:cfout.obj
 0001:00029cb0       __alldvrm                  0042acb0 f   LIBCMT:lldvrm.obj
 0001:00029d90       __aullshr                  0042ad90 f   LIBCMT:ullshr.obj
 0001:00029daf       __controlfp_s              0042adaf f   LIBCMT:contrlfp.obj
 0001:00029e19       __ld12tod                  0042ae19 f   LIBCMT:intrncvt.obj
 0001:0002a35b       __ld12tof                  0042b35b f   LIBCMT:intrncvt.obj
 0001:0002a89d       ___strgtold12_l            0042b89d f   LIBCMT:strgtold.obj
 0001:0002af61       _$I10_OUTPUT               0042bf61 f   LIBCMT:x10fout.obj
 0001:0002b957       __control87                0042c957 f i LIBCMT:ieee87.obj
 0001:0002bc5a       ___mtold12                 0042cc5a f   LIBCMT:mantold.obj
 0001:0002be26       _closesocket@4             0042ce26 f   WS2_32:WS2_32.dll
 0001:0002be2c       _send@16                   0042ce2c f   WS2_32:WS2_32.dll
 0001:0002be32       _accept@12                 0042ce32 f   WS2_32:WS2_32.dll
 0001:0002be38       _listen@8                  0042ce38 f   WS2_32:WS2_32.dll
 0001:0002be3e       ___WSAFDIsSet@8            0042ce3e f   WS2_32:WS2_32.dll
 0001:0002be44       _socket@12                 0042ce44 f   WS2_32:WS2_32.dll
 0001:0002be4a       _bind@12                   0042ce4a f   WS2_32:WS2_32.dll
 0001:0002be50       _recv@16                   0042ce50 f   WS2_32:WS2_32.dll
 0001:0002be56       _sendto@24                 0042ce56 f   WS2_32:WS2_32.dll
 0001:0002be5c       _setsockopt@20             0042ce5c f   WS2_32:WS2_32.dll
 0001:0002be62       _htons@4                   0042ce62 f   WS2_32:WS2_32.dll
 0001:0002be68       _WSAGetLastError@0         0042ce68 f   WS2_32:WS2_32.dll
 0001:0002be6e       _select@20                 0042ce6e f   WS2_32:WS2_32.dll
 0001:0002be74       _recvfrom@24               0042ce74 f   WS2_32:WS2_32.dll
 0001:0002be7a       _WSAStartup@8              0042ce7a f   WS2_32:WS2_32.dll
 0001:0002be80       _ioctlsocket@12            0042ce80 f   WS2_32:WS2_32.dll
 0001:0002be86       _RtlUnwind@16              0042ce86 f   kernel32:KERNEL32.dll
 0001:0002be90       __ftol2_sse                0042ce90 f   LIBCMT:ftol2.obj
 0001:0002be99       __ftol2_pentium4           0042ce99 f   LIBCMT:ftol2.obj
 0001:0002beac       __ftol2_sse_excpt          0042ceac f   LIBCMT:ftol2.obj
 0001:0002bec6       __ftol2                    0042cec6 f   LIBCMT:ftol2.obj
 0001:0002bf40       _atan2                     0042cf40 f   LIBCMT:87ctriga.obj
 0001:0002bf4a       __CIatan2                  0042cf4a f   LIBCMT:87ctriga.obj
 0001:0002bf60       _cos                       0042cf60 f   LIBCMT:cos.obj
 0001:0002bfa0       __CIcos                    0042cfa0 f   LIBCMT:cos.obj
 0001:0002bfdb       __CIcos_default            0042cfdb f   LIBCMT:cos.obj
 0001:0002bfef       __cos_default              0042cfef     LIBCMT:cos.obj
 0001:0002c090       _sin                       0042d090 f   LIBCMT:sin.obj
 0001:0002c0d0       __CIsin                    0042d0d0 f   LIBCMT:sin.obj
 0001:0002c10b       __CIsin_default            0042d10b f   LIBCMT:sin.obj
 0001:0002c11f       __sin_default              0042d11f     LIBCMT:sin.obj
 0001:0002c1c0       _log10                     0042d1c0 f   LIBCMT:log10.obj
 0001:0002c200       __CIlog10                  0042d200 f   LIBCMT:log10.obj
 0001:0002c23b       __CIlog10_default          0042d23b f   LIBCMT:log10.obj
 0001:0002c24f       __log10_default            0042d24f     LIBCMT:log10.obj
 0001:0002c310       __CIsqrt                   0042d310 f   LIBCMT:sqrt.obj
 0001:0002c324       _sqrt                      0042d324     LIBCMT:sqrt.obj
 0001:0002c3d0       _pow                       0042d3d0 f   LIBCMT:pow.obj
 0001:0002c410       __CIpow                    0042d410 f   LIBCMT:pow.obj
 0001:0002c44b       __CIpow_default            0042d44b f   LIBCMT:pow.obj
 0001:0002c464       __pow_default              0042d464     LIBCMT:pow.obj
 0001:0002c660       _floor                     0042d660 f   LIBCMT:floor_pentium4.obj
 0001:0002c6a0       __floor_pentium4           0042d6a0 f   LIBCMT:floor_pentium4.obj
 0001:0002c790       __alldiv                   0042d790 f   LIBCMT:lldiv.obj
 0001:0002c85c       __fFATN2                   0042d85c     LIBCMT:87triga.obj
 0001:0002c8ac       __rtpiby2                  0042d8ac     LIBCMT:87triga.obj
 0001:0002c8f0       __cintrindisp2             0042d8f0 f   LIBCMT:87cdisp.obj
 0001:0002c92e       __cintrindisp1             0042d92e f   LIBCMT:87cdisp.obj
 0001:0002c96b       __ctrandisp2               0042d96b f   LIBCMT:87cdisp.obj
 0001:0002cb01       __ctrandisp1               0042db01 f   LIBCMT:87cdisp.obj
 0001:0002cb34       __fload                    0042db34 f   LIBCMT:87cdisp.obj
 0001:0002cb70       __CIcos_pentium4           0042db70 f   LIBCMT:cos_pentium4.obj
 0001:0002cb88       __cos_pentium4             0042db88     LIBCMT:cos_pentium4.obj
 0001:0002cd20       __trandisp1                0042dd20 f   LIBCMT:87disp.obj
 0001:0002cd87       __trandisp2                0042dd87 f   LIBCMT:87disp.obj
 0001:0002ce13       __rttospopde               0042de13     LIBCMT:87disp.obj
 0001:0002ce18       __rttospop                 0042de18     LIBCMT:87disp.obj
 0001:0002ce1a       __rtnospop                 0042de1a     LIBCMT:87disp.obj
 0001:0002ce1c       __rttosnpop                0042de1c     LIBCMT:87disp.obj
 0001:0002ce1d       __rtnospopde               0042de1d     LIBCMT:87disp.obj
 0001:0002ce24       __rtzeropop                0042de24     LIBCMT:87disp.obj
 0001:0002ce26       __rtzeronpop               0042de26     LIBCMT:87disp.obj
 0001:0002ce2b       __rtonepop                 0042de2b     LIBCMT:87disp.obj
 0001:0002ce2d       __rtonenpop                0042de2d     LIBCMT:87disp.obj
 0001:0002ce32       __tosnan1                  0042de32     LIBCMT:87disp.obj
 0001:0002ce5d       __nosnan2                  0042de5d     LIBCMT:87disp.obj
 0001:0002ce5f       __tosnan2                  0042de5f     LIBCMT:87disp.obj
 0001:0002ce87       __nan2                     0042de87     LIBCMT:87disp.obj
 0001:0002cec6       __rtindfpop                0042dec6     LIBCMT:87disp.obj
 0001:0002cec8       __rtindfnpop               0042dec8     LIBCMT:87disp.obj
 0001:0002ced9       __rttosnpopde              0042ded9     LIBCMT:87disp.obj
 0001:0002cee3       __rtchsifneg               0042dee3     LIBCMT:87disp.obj
 0001:0002cef0       __twoToTOS                 0042def0 f   LIBCMT:common.obj
 0001:0002cf05       __load_CW                  0042df05 f   LIBCMT:common.obj
 0001:0002cf1c       __convertTOStoQNaN         0042df1c f   LIBCMT:common.obj
 0001:0002cf35       __fload_withFB             0042df35 f   LIBCMT:common.obj
 0001:0002cf78       __checkTOS_withFB          0042df78 f   LIBCMT:common.obj
 0001:0002cf8e       __fast_exit                0042df8e f   LIBCMT:common.obj
 0001:0002cf9b       __math_exit                0042df9b f   LIBCMT:common.obj
 0001:0002cfc5       __check_overflow_exit      0042dfc5 f   LIBCMT:common.obj
 0001:0002cfd9       __check_range_exit         0042dfd9 f   LIBCMT:common.obj
 0001:0002d080       __startTwoArgErrorHandling 0042e080 f   LIBCMT:genexcep.obj
 0001:0002d097       __startOneArgErrorHandling 0042e097 f   LIBCMT:genexcep.obj
 0001:0002d0e0       __CIsin_pentium4           0042e0e0 f   LIBCMT:sin_pentium4.obj
 0001:0002d0f8       __sin_pentium4             0042e0f8     LIBCMT:sin_pentium4.obj
 0001:0002d2b0       __CIlog10_pentium4         0042e2b0 f   LIBCMT:log10_pentium4.obj
 0001:0002d2c8       __log10_pentium4           0042e2c8     LIBCMT:log10_pentium4.obj
 0001:0002d551       __fFEXP                    0042e551     LIBCMT:87tran.obj
 0001:0002d5b8       __rtinfpopse               0042e5b8     LIBCMT:87tran.obj
 0001:0002d5ba       __rtinfnpopse              0042e5ba     LIBCMT:87tran.obj
 0001:0002d5ca       __fFLN                     0042e5ca     LIBCMT:87tran.obj
 0001:0002d67f       __rtinfpop                 0042e67f     LIBCMT:87tran.obj
 0001:0002d681       __rtinfnpop                0042e681     LIBCMT:87tran.obj
 0001:0002d69e       __ffexpm1                  0042e69e     LIBCMT:87tran.obj
 0001:0002d750       __CIpow_pentium4           0042e750 f   LIBCMT:pow_pentium4.obj
 0001:0002d769       __pow_pentium4             0042e769     LIBCMT:pow_pentium4.obj
 0001:0002e2b0       __d_inttype                0042f2b0 f   LIBCMT:powhlp.obj
 0001:0002e314       __powhlp                   0042f314 f   LIBCMT:powhlp.obj
 0001:0002e452       __floor_default            0042f452 f   LIBCMT:floor.obj
 0001:0002e523       __87except                 0042f523 f   LIBCMT:87except.obj
 0001:0002e620       _fdiv_main_routine         0042f620 f   LIBCMT:adj_fdiv.obj
 0001:0002e737       __adj_fdiv_r               0042f737 f   LIBCMT:adj_fdiv.obj
 0001:0002ebd6       __fdivp_sti_st             0042fbd6 f   LIBCMT:adj_fdiv.obj
 0001:0002ebe9       __fdivrp_sti_st            0042fbe9 f   LIBCMT:adj_fdiv.obj
 0001:0002ebfc       __adj_fdiv_m32             0042fbfc f   LIBCMT:adj_fdiv.obj
 0001:0002ec48       __adj_fdiv_m64             0042fc48 f   LIBCMT:adj_fdiv.obj
 0001:0002ec94       __adj_fdiv_m16i            0042fc94 f   LIBCMT:adj_fdiv.obj
 0001:0002ecc8       __adj_fdiv_m32i            0042fcc8 f   LIBCMT:adj_fdiv.obj
 0001:0002ecfc       __adj_fdivr_m32            0042fcfc f   LIBCMT:adj_fdiv.obj
 0001:0002ed48       __adj_fdivr_m64            0042fd48 f   LIBCMT:adj_fdiv.obj
 0001:0002ed94       __adj_fdivr_m16i           0042fd94 f   LIBCMT:adj_fdiv.obj
 0001:0002edc8       __adj_fdivr_m32i           0042fdc8 f   LIBCMT:adj_fdiv.obj
 0001:0002edfc       __safe_fdiv                0042fdfc f   LIBCMT:adj_fdiv.obj
 0001:0002ee11       __safe_fdivr               0042fe11 f   LIBCMT:adj_fdiv.obj
 0001:0002ee26       __fprem_common             0042fe26 f   LIBCMT:adj_fdiv.obj
 0001:0002f02c       __adj_fprem                0043002c f   LIBCMT:adj_fdiv.obj
 0001:0002f0de       __fprem1_common            004300de f   LIBCMT:adj_fdiv.obj
 0001:0002f2e4       __adj_fprem1               004302e4 f   LIBCMT:adj_fdiv.obj
 0001:0002f399       __safe_fprem               00430399 f   LIBCMT:adj_fdiv.obj
 0001:0002f39f       __safe_fprem1              0043039f f   LIBCMT:adj_fdiv.obj
 0001:0002f3a5       __adj_fpatan               004303a5 f   LIBCMT:adj_fdiv.obj
 0001:0002f3a8       __adj_fptan                004303a8 f   LIBCMT:adj_fdiv.obj
 0001:0002f3ab       __fpclass                  004303ab f   LIBCMT:ieeemisc.obj
 0002:00000000       __imp__CreateFileA@28      00431000     kernel32:KERNEL32.dll
 0002:00000004       __imp__PeekNamedPipe@24    00431004     kernel32:KERNEL32.dll
 0002:00000008       __imp__ClearCommError@12   00431008     kernel32:KERNEL32.dll
 0002:0000000c       __imp__WriteFile@20        0043100c     kernel32:KERNEL32.dll
 0002:00000010       __imp__ReadFile@20         00431010     kernel32:KERNEL32.dll
 0002:00000014       __imp__GetLastError@0      00431014     kernel32:KERNEL32.dll
 0002:00000018       __imp__GetFileType@4       00431018     kernel32:KERNEL32.dll
 0002:0000001c       __imp__CloseHandle@4       0043101c     kernel32:KERNEL32.dll
 0002:00000020       __imp__SetupComm@12        00431020     kernel32:KERNEL32.dll
 0002:00000024       __imp__SetPriorityClass@8  00431024     kernel32:KERNEL32.dll
 0002:00000028       __imp__GetCommState@8      00431028     kernel32:KERNEL32.dll
 0002:0000002c       __imp__GetCurrentProcess@0 0043102c     kernel32:KERNEL32.dll
 0002:00000030       __imp__QueryPerformanceCounter@4 00431030     kernel32:KERNEL32.dll
 0002:00000034       __imp__EscapeCommFunction@8 00431034     kernel32:KERNEL32.dll
 0002:00000038       __imp__SetCommState@8      00431038     kernel32:KERNEL32.dll
 0002:0000003c       __imp__SetCommTimeouts@8   0043103c     kernel32:KERNEL32.dll
 0002:00000040       __imp__Sleep@4             00431040     kernel32:KERNEL32.dll
 0002:00000044       __imp__Beep@8              00431044     kernel32:KERNEL32.dll
 0002:00000048       __imp__SetConsoleCtrlHandler@8 00431048     kernel32:KERNEL32.dll
 0002:0000004c       __imp__PurgeComm@8         0043104c     kernel32:KERNEL32.dll
 0002:00000050       __imp__QueryPerformanceFrequency@4 00431050     kernel32:KERNEL32.dll
 0002:00000054       __imp__OutputDebugStringA@4 00431054     kernel32:KERNEL32.dll
 0002:00000058       __imp__GetSystemTime@4     00431058     kernel32:KERNEL32.dll
 0002:0000005c       __imp__FreeLibrary@4       0043105c     kernel32:KERNEL32.dll
 0002:00000060       __imp__CreateEventA@16     00431060     kernel32:KERNEL32.dll
 0002:00000064       __imp__FormatMessageW@28   00431064     kernel32:KERNEL32.dll
 0002:00000068       __imp__GetOverlappedResult@16 00431068     kernel32:KERNEL32.dll
 0002:0000006c       __imp__GetProcAddress@8    0043106c     kernel32:KERNEL32.dll
 0002:00000070       __imp__LoadLibraryA@4      00431070     kernel32:KERNEL32.dll
 0002:00000074       __imp__CancelIo@4          00431074     kernel32:KERNEL32.dll
 0002:00000078       __imp__LocalFree@4         00431078     kernel32:KERNEL32.dll
 0002:0000007c       __imp__InitializeCriticalSection@4 0043107c     kernel32:KERNEL32.dll
 0002:00000080       __imp__LeaveCriticalSection@4 00431080     kernel32:KERNEL32.dll
 0002:00000084       __imp__EnterCriticalSection@4 00431084     kernel32:KERNEL32.dll
 0002:00000088       __imp__SetEndOfFile@4      00431088     kernel32:KERNEL32.dll
 0002:0000008c       __imp__HeapSize@12         0043108c     kernel32:KERNEL32.dll
 0002:00000090       __imp__WriteConsoleW@20    00431090     kernel32:KERNEL32.dll
 0002:00000094       __imp__GetConsoleOutputCP@0 00431094     kernel32:KERNEL32.dll
 0002:00000098       __imp__WriteConsoleA@20    00431098     kernel32:KERNEL32.dll
 0002:0000009c       __imp__RaiseException@16   0043109c     kernel32:KERNEL32.dll
 0002:000000a0       __imp__FlushFileBuffers@4  004310a0     kernel32:KERNEL32.dll
 0002:000000a4       __imp__GetLocaleInfoA@16   004310a4     kernel32:KERNEL32.dll
 0002:000000a8       __imp__GetStringTypeW@16   004310a8     kernel32:KERNEL32.dll
 0002:000000ac       __imp__GetStringTypeA@20   004310ac     kernel32:KERNEL32.dll
 0002:000000b0       __imp__SetFilePointer@16   004310b0     kernel32:KERNEL32.dll
 0002:000000b4       __imp__GetCurrentProcessId@0 004310b4     kernel32:KERNEL32.dll
 0002:000000b8       __imp__GetTickCount@0      004310b8     kernel32:KERNEL32.dll
 0002:000000bc       __imp__GetEnvironmentStringsW@0 004310bc     kernel32:KERNEL32.dll
 0002:000000c0       __imp__FreeEnvironmentStringsW@4 004310c0     kernel32:KERNEL32.dll
 0002:000000c4       __imp__GetEnvironmentStrings@0 004310c4     kernel32:KERNEL32.dll
 0002:000000c8       __imp__FreeEnvironmentStringsA@4 004310c8     kernel32:KERNEL32.dll
 0002:000000cc       __imp__RtlUnwind@16        004310cc     kernel32:KERNEL32.dll
 0002:000000d0       __imp__GetConsoleMode@8    004310d0     kernel32:KERNEL32.dll
 0002:000000d4       __imp__GetConsoleCP@0      004310d4     kernel32:KERNEL32.dll
 0002:000000d8       __imp__SetStdHandle@8      004310d8     kernel32:KERNEL32.dll
 0002:000000dc       __imp__GetModuleFileNameA@12 004310dc     kernel32:KERNEL32.dll
 0002:000000e0       __imp__VirtualAlloc@16     004310e0     kernel32:KERNEL32.dll
 0002:000000e4       __imp__VirtualFree@12      004310e4     kernel32:KERNEL32.dll
 0002:000000e8       __imp__HeapCreate@12       004310e8     kernel32:KERNEL32.dll
 0002:000000ec       __imp__HeapDestroy@4       004310ec     kernel32:KERNEL32.dll
 0002:000000f0       __imp__LCMapStringW@24     004310f0     kernel32:KERNEL32.dll
 0002:000000f4       __imp__MultiByteToWideChar@24 004310f4     kernel32:KERNEL32.dll
 0002:000000f8       __imp__LCMapStringA@24     004310f8     kernel32:KERNEL32.dll
 0002:000000fc       __imp__GetSystemTimeAsFileTime@4 004310fc     kernel32:KERNEL32.dll
 0002:00000100       __imp__HeapFree@12         00431100     kernel32:KERNEL32.dll
 0002:00000104       __imp__HeapAlloc@12        00431104     kernel32:KERNEL32.dll
 0002:00000108       __imp__HeapReAlloc@16      00431108     kernel32:KERNEL32.dll
 0002:0000010c       __imp__UnhandledExceptionFilter@4 0043110c     kernel32:KERNEL32.dll
 0002:00000110       __imp__SetUnhandledExceptionFilter@4 00431110     kernel32:KERNEL32.dll
 0002:00000114       __imp__WideCharToMultiByte@32 00431114     kernel32:KERNEL32.dll
 0002:00000118       __imp__GetModuleHandleA@4  00431118     kernel32:KERNEL32.dll
 0002:0000011c       __imp__ExitProcess@4       0043111c     kernel32:KERNEL32.dll
 0002:00000120       __imp__GetCommandLineA@0   00431120     kernel32:KERNEL32.dll
 0002:00000124       __imp__GetVersionExA@4     00431124     kernel32:KERNEL32.dll
 0002:00000128       __imp__GetProcessHeap@0    00431128     kernel32:KERNEL32.dll
 0002:0000012c       __imp__TerminateProcess@8  0043112c     kernel32:KERNEL32.dll
 0002:00000130       __imp__IsDebuggerPresent@0 00431130     kernel32:KERNEL32.dll
 0002:00000134       __imp__TlsGetValue@4       00431134     kernel32:KERNEL32.dll
 0002:00000138       __imp__TlsAlloc@0          00431138     kernel32:KERNEL32.dll
 0002:0000013c       __imp__TlsSetValue@8       0043113c     kernel32:KERNEL32.dll
 0002:00000140       __imp__TlsFree@4           00431140     kernel32:KERNEL32.dll
 0002:00000144       __imp__InterlockedIncrement@4 00431144     kernel32:KERNEL32.dll
 0002:00000148       __imp__SetLastError@4      00431148     kernel32:KERNEL32.dll
 0002:0000014c       __imp__GetCurrentThreadId@0 0043114c     kernel32:KERNEL32.dll
 0002:00000150       __imp__InterlockedDecrement@4 00431150     kernel32:KERNEL32.dll
 0002:00000154       __imp__GetCPInfo@8         00431154     kernel32:KERNEL32.dll
 0002:00000158       __imp__GetACP@0            00431158     kernel32:KERNEL32.dll
 0002:0000015c       __imp__GetOEMCP@0          0043115c     kernel32:KERNEL32.dll
 0002:00000160       __imp__SetHandleCount@4    00431160     kernel32:KERNEL32.dll
 0002:00000164       __imp__GetStdHandle@4      00431164     kernel32:KERNEL32.dll
 0002:00000168       __imp__GetStartupInfoA@4   00431168     kernel32:KERNEL32.dll
 0002:0000016c       __imp__DeleteCriticalSection@4 0043116c     kernel32:KERNEL32.dll
 0002:00000170       \177KERNEL32_NULL_THUNK_DATA 00431170     kernel32:KERNEL32.dll
 0002:00000174       __imp__SetupDiDestroyDeviceInfoList@4 00431174     setupapi:SETUPAPI.dll
 0002:00000178       __imp__SetupDiGetDeviceInterfaceDetailA@24 00431178     setupapi:SETUPAPI.dll
 0002:0000017c       __imp__SetupDiEnumDeviceInterfaces@20 0043117c     setupapi:SETUPAPI.dll
 0002:00000180       __imp__SetupDiGetClassDevsA@16 00431180     setupapi:SETUPAPI.dll
 0002:00000184       \177SETUPAPI_NULL_THUNK_DATA 00431184     setupapi:SETUPAPI.dll
 0002:00000188       __imp__waveInStart@4       00431188     winmm:WINMM.dll
 0002:0000018c       __imp__waveOutPrepareHeader@12 0043118c     winmm:WINMM.dll
 0002:00000190       __imp__waveOutGetNumDevs@0 00431190     winmm:WINMM.dll
 0002:00000194       __imp__waveInGetDevCapsA@12 00431194     winmm:WINMM.dll
 0002:00000198       __imp__waveOutOpen@24      00431198     winmm:WINMM.dll
 0002:0000019c       __imp__waveInUnprepareHeader@12 0043119c     winmm:WINMM.dll
 0002:000001a0       __imp__waveOutUnprepareHeader@12 004311a0     winmm:WINMM.dll
 0002:000001a4       __imp__waveOutGetDevCapsA@12 004311a4     winmm:WINMM.dll
 0002:000001a8       __imp__timeGetTime@0       004311a8     winmm:WINMM.dll
 0002:000001ac       __imp__waveInGetNumDevs@0  004311ac     winmm:WINMM.dll
 0002:000001b0       __imp__waveInAddBuffer@12  004311b0     winmm:WINMM.dll
 0002:000001b4       __imp__waveOutClose@4      004311b4     winmm:WINMM.dll
 0002:000001b8       __imp__waveInClose@4       004311b8     winmm:WINMM.dll
 0002:000001bc       __imp__waveOutWrite@12     004311bc     winmm:WINMM.dll
 0002:000001c0       __imp__timeGetDevCaps@8    004311c0     winmm:WINMM.dll
 0002:000001c4       __imp__timeBeginPeriod@4   004311c4     winmm:WINMM.dll
 0002:000001c8       __imp__waveInPrepareHeader@12 004311c8     winmm:WINMM.dll
 0002:000001cc       __imp__waveInOpen@24       004311cc     winmm:WINMM.dll
 0002:000001d0       \177WINMM_NULL_THUNK_DATA  004311d0     winmm:WINMM.dll
 0002:000001d4       __imp__closesocket@4       004311d4     WS2_32:WS2_32.dll
 0002:000001d8       __imp__send@16             004311d8     WS2_32:WS2_32.dll
 0002:000001dc       __imp__accept@12           004311dc     WS2_32:WS2_32.dll
 0002:000001e0       __imp__listen@8            004311e0     WS2_32:WS2_32.dll
 0002:000001e4       __imp____WSAFDIsSet@8      004311e4     WS2_32:WS2_32.dll
 0002:000001e8       __imp__socket@12           004311e8     WS2_32:WS2_32.dll
 0002:000001ec       __imp__bind@12             004311ec     WS2_32:WS2_32.dll
 0002:000001f0       __imp__recv@16             004311f0     WS2_32:WS2_32.dll
 0002:000001f4       __imp__sendto@24           004311f4     WS2_32:WS2_32.dll
 0002:000001f8       __imp__setsockopt@20       004311f8     WS2_32:WS2_32.dll
 0002:000001fc       __imp__htons@4             004311fc     WS2_32:WS2_32.dll
 0002:00000200       __imp__WSAGetLastError@0   00431200     WS2_32:WS2_32.dll
 0002:00000204       __imp__recvfrom@24         00431204     WS2_32:WS2_32.dll
 0002:00000208       __imp__WSAStartup@8        00431208     WS2_32:WS2_32.dll
 0002:0000020c       __imp__ioctlsocket@12      0043120c     WS2_32:WS2_32.dll
 0002:00000210       __imp__select@20           00431210     WS2_32:WS2_32.dll
 0002:00000214       \177WS2_32_NULL_THUNK_DATA 00431214     WS2_32:WS2_32.dll
 0002:00000218       ___xc_a                    00431218     LIBCMT:crt0init.obj
 0002:0000021c       ___xc_z                    0043121c     LIBCMT:crt0init.obj
 0002:00000220       ___xi_a                    00431220     LIBCMT:crt0init.obj
 0002:00000238       ___xi_z                    00431238     LIBCMT:crt0init.obj
 0002:0000023c       ___xp_a                    0043123c     LIBCMT:crt0init.obj
 0002:00000248       ___xp_z                    00431248     LIBCMT:crt0init.obj
 0002:0000024c       ___xt_a                    0043124c     LIBCMT:crt0init.obj
 0002:00000250       ___xt_z                    00431250     LIBCMT:crt0init.obj
 0002:000002c8       ??_C@_02LMMGGCAJ@?3?5?$AA@ 004312c8     LIBCMT:perror.obj
 0002:000002cc       ??_C@_0P@MIGLKIOC@CorExitProcess?$AA@ 004312cc     LIBCMT:crt0dat.obj
 0002:000002dc       ??_C@_0M@MBOPBNBK@mscoree?4dll?$AA@ 004312dc     LIBCMT:crt0dat.obj
 0002:000002f0       ??_C@_1O@CEDCILHN@?$AA?$CI?$AAn?$AAu?$AAl?$AAl?$AA?$CJ?$AA?$AA@ 004312f0     LIBCMT:output.obj
 0002:00000300       ??_C@_06OJHGLDPL@?$CInull?$CJ?$AA@ 00431300     LIBCMT:output.obj
 0002:00000308       ___lookuptable             00431308     LIBCMT:output.obj
 0002:00000364       ??_C@_0O@NLDKAIKN@EncodePointer?$AA@ 00431364     LIBCMT:tidtable.obj
 0002:00000374       ??_C@_0N@NHGLKGEC@KERNEL32?4DLL?$AA@ 00431374     LIBCMT:tidtable.obj
 0002:00000384       ??_C@_0O@KBPMFGHI@DecodePointer?$AA@ 00431384     LIBCMT:tidtable.obj
 0002:00000394       ??_C@_07PEJMOBNF@FlsFree?$AA@ 00431394     LIBCMT:tidtable.obj
 0002:0000039c       ??_C@_0M@JCPCPOEF@FlsSetValue?$AA@ 0043139c     LIBCMT:tidtable.obj
 0002:000003a8       ??_C@_0M@GDNOONDI@FlsGetValue?$AA@ 004313a8     LIBCMT:tidtable.obj
 0002:000003b4       ??_C@_08KNHFBNJ@FlsAlloc?$AA@ 004313b4     LIBCMT:tidtable.obj
 0002:00000440       ??_C@_13NOLLCAOD@?$AA?$AA?$AA?$AA@ 00431440     LIBCMT:a_map.obj
 0002:00000444       ??_C@_0P@GGKDKEEG@runtime?5error?5?$AA@ 00431444     LIBCMT:crt0msg.obj
 0002:00000454       ??_C@_0O@MJNIPGOH@TLOSS?5error?$AN?6?$AA@ 00431454     LIBCMT:crt0msg.obj
 0002:00000464       ??_C@_0N@BONNPDHF@SING?5error?$AN?6?$AA@ 00431464     LIBCMT:crt0msg.obj
 0002:00000474       ??_C@_0P@MBDAJNE@DOMAIN?5error?$AN?6?$AA@ 00431474     LIBCMT:crt0msg.obj
 0002:00000488       ??_C@_0JL@DFDOOABL@R6034?$AN?6An?5application?5has?5made?5a@ 00431488     LIBCMT:crt0msg.obj
 0002:00000528       ??_C@_0PH@EPAFIJ@R6033?$AN?6?9?5Attempt?5to?5use?5MSIL?5cod@ 00431528     LIBCMT:crt0msg.obj
 0002:00000620       ??_C@_0DD@BKEEABMM@R6032?$AN?6?9?5not?5enough?5space?5for?5lo@ 00431620     LIBCMT:crt0msg.obj
 0002:00000658       ??_C@_0GD@OFKILIED@R6031?$AN?6?9?5Attempt?5to?5initialize?5t@ 00431658     LIBCMT:crt0msg.obj
 0002:000006bc       ??_C@_0BP@LPMHJOKI@R6030?$AN?6?9?5CRT?5not?5initialized?$AN?6?$AA@ 004316bc     LIBCMT:crt0msg.obj
 0002:000006dc       ??_C@_0CF@KJDAIALP@R6028?$AN?6?9?5unable?5to?5initialize?5he@ 004316dc     LIBCMT:crt0msg.obj
 0002:00000704       ??_C@_0DF@GAKBPDFP@R6027?$AN?6?9?5not?5enough?5space?5for?5lo@ 00431704     LIBCMT:crt0msg.obj
 0002:0000073c       ??_C@_0DF@IBLNNAIG@R6026?$AN?6?9?5not?5enough?5space?5for?5st@ 0043173c     LIBCMT:crt0msg.obj
 0002:00000774       ??_C@_0CG@IOHKGFNJ@R6025?$AN?6?9?5pure?5virtual?5function?5c@ 00431774     LIBCMT:crt0msg.obj
 0002:0000079c       ??_C@_0DF@JIJJFJDC@R6024?$AN?6?9?5not?5enough?5space?5for?5_o@ 0043179c     LIBCMT:crt0msg.obj
 0002:000007d4       ??_C@_0CJ@EGEJHFME@R6019?$AN?6?9?5unable?5to?5open?5console?5@ 004317d4     LIBCMT:crt0msg.obj
 0002:00000800       ??_C@_0CB@GNHNIELH@R6018?$AN?6?9?5unexpected?5heap?5error?$AN?6@ 00431800     LIBCMT:crt0msg.obj
 0002:00000824       ??_C@_0CN@FOLDKNG@R6017?$AN?6?9?5unexpected?5multithread?5@ 00431824     LIBCMT:crt0msg.obj
 0002:00000854       ??_C@_0CM@FAHFJNHO@R6016?$AN?6?9?5not?5enough?5space?5for?5th@ 00431854     LIBCMT:crt0msg.obj
 0002:00000880       ??_C@_0JG@LBKMGKLD@?$AN?6This?5application?5has?5requested@ 00431880     LIBCMT:crt0msg.obj
 0002:00000918       ??_C@_0CM@FLCNIPKK@R6009?$AN?6?9?5not?5enough?5space?5for?5en@ 00431918     LIBCMT:crt0msg.obj
 0002:00000944       ??_C@_0CK@KMMJOAPP@R6008?$AN?6?9?5not?5enough?5space?5for?5ar@ 00431944     LIBCMT:crt0msg.obj
 0002:00000970       ??_C@_0CF@HOHMHDEK@R6002?$AN?6?9?5floating?5point?5not?5load@ 00431970     LIBCMT:crt0msg.obj
 0002:00000998       ??_C@_0CF@GOGNBNAK@Microsoft?5Visual?5C?$CL?$CL?5Runtime?5Lib@ 00431998     LIBCMT:crt0msg.obj
 0002:000009c0       ??_C@_02PHMGELLB@?6?6?$AA@ 004319c0     LIBCMT:crt0msg.obj
 0002:000009c4       ??_C@_03KHICJKCI@?4?4?4?$AA@ 004319c4     LIBCMT:crt0msg.obj
 0002:000009c8       ??_C@_0BH@DNAGHKFM@?$DMprogram?5name?5unknown?$DO?$AA@ 004319c8     LIBCMT:crt0msg.obj
 0002:000009e0       ??_C@_0BK@OFGJDLJJ@Runtime?5Error?$CB?6?6Program?3?5?$AA@ 004319e0     LIBCMT:crt0msg.obj
 0002:00000a68       ??_C@_03IIINPABG@tan?$AA@  00431a68     LIBCMT:libm_error.obj
 0002:00000a6c       ??_C@_03LALBNOCG@cos?$AA@  00431a6c     LIBCMT:libm_error.obj
 0002:00000a70       ??_C@_03BLEJJJBH@sin?$AA@  00431a70     LIBCMT:libm_error.obj
 0002:00000a74       ??_C@_04EHEDPDJG@modf?$AA@ 00431a74     LIBCMT:libm_error.obj
 0002:00000a7c       ??_C@_05PBJFFIGL@floor?$AA@ 00431a7c     LIBCMT:libm_error.obj
 0002:00000a84       ??_C@_04GFPJNGEK@ceil?$AA@ 00431a84     LIBCMT:libm_error.obj
 0002:00000a8c       ??_C@_04MLLJIGOK@atan?$AA@ 00431a8c     LIBCMT:libm_error.obj
 0002:00000a94       ??_C@_05EOHGHCHD@exp10?$AA@ 00431a94     LIBCMT:libm_error.obj
 0002:00000a9c       ??_C@_04PDIFKINK@acos?$AA@ 00431a9c     LIBCMT:libm_error.obj
 0002:00000aa4       ??_C@_04FIHNOPOL@asin?$AA@ 00431aa4     LIBCMT:libm_error.obj
 0002:00000aac       ??_C@_03MGHMBJCF@log?$AA@  00431aac     LIBCMT:libm_error.obj
 0002:00000ab0       ??_C@_05HGHHAHAP@log10?$AA@ 00431ab0     LIBCMT:libm_error.obj
 0002:00000ab8       ??_C@_03KHJOGHMM@exp?$AA@  00431ab8     LIBCMT:libm_error.obj
 0002:00000abc       ??_C@_03JGHBODFD@pow?$AA@  00431abc     LIBCMT:libm_error.obj
 0002:00000ac0       ??_C@_0BG@KLEAJEFJ@Illegal?5byte?5sequence?$AA@ 00431ac0     LIBCMT:syserr.obj
 0002:00000ad8       ??_C@_0BE@ICMCHPHH@Directory?5not?5empty?$AA@ 00431ad8     LIBCMT:syserr.obj
 0002:00000aec       ??_C@_0BJ@IHEHINLI@Function?5not?5implemented?$AA@ 00431aec     LIBCMT:syserr.obj
 0002:00000b08       ??_C@_0BD@CLHBCGPB@No?5locks?5available?$AA@ 00431b08     LIBCMT:syserr.obj
 0002:00000b1c       ??_C@_0BC@BEDIHIDK@Filename?5too?5long?$AA@ 00431b1c     LIBCMT:syserr.obj
 0002:00000b30       ??_C@_0BK@JAEBMJJM@Resource?5deadlock?5avoided?$AA@ 00431b30     LIBCMT:syserr.obj
 0002:00000b4c       ??_C@_0BB@FCBJFCAJ@Result?5too?5large?$AA@ 00431b4c     LIBCMT:syserr.obj
 0002:00000b60       ??_C@_0N@MMJPGLJK@Domain?5error?$AA@ 00431b60     LIBCMT:syserr.obj
 0002:00000b70       ??_C@_0M@LHEPIIOM@Broken?5pipe?$AA@ 00431b70     LIBCMT:syserr.obj
 0002:00000b7c       ??_C@_0P@PKCJJLLM@Too?5many?5links?$AA@ 00431b7c     LIBCMT:syserr.obj
 0002:00000b8c       ??_C@_0BG@DDBFNKBH@Read?9only?5file?5system?$AA@ 00431b8c     LIBCMT:syserr.obj
 0002:00000ba4       ??_C@_0N@FEHLOILP@Invalid?5seek?$AA@ 00431ba4     LIBCMT:syserr.obj
 0002:00000bb4       ??_C@_0BI@FEALHKLD@No?5space?5left?5on?5device?$AA@ 00431bb4     LIBCMT:syserr.obj
 0002:00000bcc       ??_C@_0P@LFMMIPAE@File?5too?5large?$AA@ 00431bcc     LIBCMT:syserr.obj
 0002:00000bdc       ??_C@_0CE@ONOKNLPF@Inappropriate?5I?1O?5control?5operat@ 00431bdc     LIBCMT:syserr.obj
 0002:00000c00       ??_C@_0BE@INBJMKGG@Too?5many?5open?5files?$AA@ 00431c00     LIBCMT:syserr.obj
 0002:00000c14       ??_C@_0BO@IIFBODJE@Too?5many?5open?5files?5in?5system?$AA@ 00431c14     LIBCMT:syserr.obj
 0002:00000c34       ??_C@_0BB@HMGGCEBG@Invalid?5argument?$AA@ 00431c34     LIBCMT:syserr.obj
 0002:00000c48       ??_C@_0P@NDHGCGKE@Is?5a?5directory?$AA@ 00431c48     LIBCMT:syserr.obj
 0002:00000c58       ??_C@_0BA@CJBACOOL@Not?5a?5directory?$AA@ 00431c58     LIBCMT:syserr.obj
 0002:00000c68       ??_C@_0P@NLEIANHE@No?5such?5device?$AA@ 00431c68     LIBCMT:syserr.obj
 0002:00000c78       ??_C@_0O@OAMDNOCP@Improper?5link?$AA@ 00431c78     LIBCMT:syserr.obj
 0002:00000c88       ??_C@_0M@NAAJNNGH@File?5exists?$AA@ 00431c88     LIBCMT:syserr.obj
 0002:00000c94       ??_C@_0BA@BIBLIOEK@Resource?5device?$AA@ 00431c94     LIBCMT:syserr.obj
 0002:00000ca4       ??_C@_0O@NIPGCINC@Unknown?5error?$AA@ 00431ca4     LIBCMT:syserr.obj
 0002:00000cb4       ??_C@_0M@LOEHLCJD@Bad?5address?$AA@ 00431cb4     LIBCMT:syserr.obj
 0002:00000cc0       ??_C@_0BC@HFNFNKAI@Permission?5denied?$AA@ 00431cc0     LIBCMT:syserr.obj
 0002:00000cd4       ??_C@_0BB@IMDKMPFB@Not?5enough?5space?$AA@ 00431cd4     LIBCMT:syserr.obj
 0002:00000ce8       ??_C@_0CB@EPFKGNAK@Resource?5temporarily?5unavailable@ 00431ce8     LIBCMT:syserr.obj
 0002:00000d0c       ??_C@_0BD@LOHELEP@No?5child?5processes?$AA@ 00431d0c     LIBCMT:syserr.obj
 0002:00000d20       ??_C@_0BE@NFGDDCEF@Bad?5file?5descriptor?$AA@ 00431d20     LIBCMT:syserr.obj
 0002:00000d34       ??_C@_0BC@HKPNECK@Exec?5format?5error?$AA@ 00431d34     LIBCMT:syserr.obj
 0002:00000d48       ??_C@_0BC@MFFGCDFL@Arg?5list?5too?5long?$AA@ 00431d48     LIBCMT:syserr.obj
 0002:00000d5c       ??_C@_0BK@DPKMCKJ@No?5such?5device?5or?5address?$AA@ 00431d5c     LIBCMT:syserr.obj
 0002:00000d78       ??_C@_0BD@KKNFOBBD@Input?1output?5error?$AA@ 00431d78     LIBCMT:syserr.obj
 0002:00000d8c       ??_C@_0BK@FJBOAFDK@Interrupted?5function?5call?$AA@ 00431d8c     LIBCMT:syserr.obj
 0002:00000da8       ??_C@_0BA@FKIAIBGA@No?5such?5process?$AA@ 00431da8     LIBCMT:syserr.obj
 0002:00000db8       ??_C@_0BK@FMDHKPNF@No?5such?5file?5or?5directory?$AA@ 00431db8     LIBCMT:syserr.obj
 0002:00000dd4       ??_C@_0BI@BJFCGOHL@Operation?5not?5permitted?$AA@ 00431dd4     LIBCMT:syserr.obj
 0002:00000dec       ??_C@_08INEPGKHH@No?5error?$AA@ 00431dec     LIBCMT:syserr.obj
 0002:00000e1c       ??_C@_0CG@PKBDLMEO@InitializeCriticalSectionAndSpin@ 00431e1c     LIBCMT:initcrit.obj
 0002:00000e44       ??_C@_0N@MDJJJHMB@kernel32?4dll?$AA@ 00431e44     LIBCMT:initcrit.obj
 0002:00000e58       ___lookuptable_s           00431e58     LIBCMT:outputs.obj
 0002:00000eb8       ___newctype                00431eb8     LIBCMT:ctype.obj
 0002:000011b8       __wctype                   004321b8     LIBCMT:ctype.obj
 0002:000013c0       ___newclmap                004323c0     LIBCMT:ctype.obj
 0002:00001540       ___newcumap                00432540     LIBCMT:ctype.obj
 0002:000016c0       ??_C@_08JCCMCCIL@HH?3mm?3ss?$AA@ 004326c0     LIBCMT:strftime.obj
 0002:000016cc       ??_C@_0BE@CKGJFCPC@dddd?0?5MMMM?5dd?0?5yyyy?$AA@ 004326cc     LIBCMT:strftime.obj
 0002:000016e0       ??_C@_08BPBNCDIB@MM?1dd?1yy?$AA@ 004326e0     LIBCMT:strftime.obj
 0002:000016ec       ??_C@_02CJNFDJBF@PM?$AA@   004326ec     LIBCMT:strftime.obj
 0002:000016f0       ??_C@_02DEDBPAFC@AM?$AA@   004326f0     LIBCMT:strftime.obj
[...]
 0003:0000b840       __debugger_hook_dummy      0044e840     <common>
 0003:0000b844       __pmatherr                 0044e844     <common>
 0003:0000b848       ___sbh_cntHeaderList       0044e848     <common>
 0003:0000b84c       ___sbh_pHeaderList         0044e84c     <common>
 0003:0000b850       ___sbh_threshold           0044e850     <common>
 0003:0000b854       ___sbh_pHeaderScan         0044e854     <common>
 0003:0000b858       ___sbh_sizeHeaderList      0044e858     <common>
 0003:0000b85c       ___sbh_indGroupDefer       0044e85c     <common>
 0003:0000b860       ___active_heap             0044e860     <common>
 0003:0000b864       __pDestructExceptionObject 0044e864     <common>
 0003:0000b868       __nhandle                  0044e868     <common>
 0003:0000b880       ___pioinfo                 0044e880     <common>
 0003:0000b980       ___use_sse2_mathfcns       0044e980     <common>
 0003:0000b984       ___sse2_available          0044e984     <common>
 0003:0000b988       __acmdln                   0044e988     <common>
 0003:0000b98c       ___env_initialized         0044e98c     <common>
 0003:0000b990       ___onexitend               0044e990     <common>
 0003:0000b994       ___onexitbegin             0044e994     <common>
 0003:0000b998       ___mbctype_initialized     0044e998     <common>
 0003:0000b99c       ___dyn_tls_init_callback   0044e99c     <common>
 0003:0000b9a0       ___piob                    0044e9a0     <common>
 0003:0000b9c0       __bufin                    0044e9c0     <common>
 0003:0000c9c0       __nstream                  0044f9c0     <common>
 0003:0000c9c8       _NewTicks                  0044f9c8     <common>
 0003:0000c9d0       _StartTicks                0044f9d0     <common>
 0003:0000c9e0       _inbuffer                  0044f9e0     <common>
 0003:0000d340       _pwic                      00450340     <common>
 0003:0000d380       _Pixels                    00450380     <common>
 0003:0000e380       _pwoc                      00451380     <common>
 0003:0000e3b8       _Frequency                 004513b8     <common>
 0003:0000e3c0       _LastNow                   004513c0     <common>
 0003:0000e3e0       _buffer                    004513e0     <common>
 0003:0000f6a0       _RXBUFFER                  004526a0     <common>
 0003:0000f894       _VCOM                      00452894     <common>
 0003:0000f8a0       _PORTNAME                  004528a0     <common>
 0003:0000f8f0       _NewVCOM                   004528f0     <common>
 0003:0000f8f4       _PortEnabled               004528f4     <common>
 0003:0000f900       _ARDOPDataBuffer           00452900     <common>
 0003:00011900       _ARDOPBuffer               00454900     <common>
 0003:00013900       _GUIHost                   00456900     <common>
 0003:00013920       _bytDataToSend             00456920     <common>
 0003:0002bfc0       _intRSLen                  0046efc0     <common>
 0003:0002bfe0       _intPriorMixedSamples      0046efe0     <common>
 0003:0002c0d0       _intARQRTmeasuredMs        0046f0d0     <common>
 0003:0002c0d4       _blnSymbolSyncFound        0046f0d4     <common>
 0003:0002c0d8       _dblHanAng                 0046f0d8     <common>
 0003:0002c0e0       _intNforGoertzel           0046f0e0     <common>
 0003:0002c100       _strRcvFrameTag            0046f100     <common>
 0003:0002c120       _intCarMagAvg              0046f120     <common>
 0003:0002f410       _SymbolsLeft               00472410     <common>
 0003:0002f420       _intCarPhaseAvg            00472420     <common>
 0003:00032710       _bytMinQualThresh          00475710     <common>
 0003:00032714       _intToneMagsLength         00475714     <common>
 0003:00032718       _intCarFreq                00475718     <common>
 0003:0003271c       _dblHannAng                0047571c     <common>
 0003:00032720       _dblFreqBin                00475720     <common>
 0003:00032748       _blnOdd                    00475748     <common>
 0003:00032760       _rawSamples                00475760     <common>
 0003:00033a20       _dblHanWin                 00476a20     <common>
 0003:00033c00       _intSampPerSym             00476c00     <common>
 0003:00033c04       _intDataLen                00476c04     <common>
 0003:00033c08       _frameLen                  00476c08     <common>
 0003:00033c20       _intSumCounts              00476c20     <common>
 0003:00033c48       _intPSKMode                00476c48     <common>
 0003:00033c60       _intToneMags               00476c60     <common>
 0003:00038de0       _intPSKPhase_1             0047bde0     <common>
 0003:00038e00       _intToneMagsAvg            0047be00     <common>
 0003:00039860       _strDecodeCapture          0047c860     <common>
 0003:00039c60       _intNumCar                 0047cc60     <common>
 0003:00039c64       _intPhasesLen              0047cc64     <common>
 0003:00039c68       _blnFrameSyncFound         0047cc68     <common>
 0003:00039c6c       _intBaud                   0047cc6c     <common>
 0003:00039c80       _intPSKPhase_0             0047cc80     <common>
 0003:00039ca0       _bytData                   0047cca0     <common>
 0003:0003a2e0       _dttLastLeaderDetect       0047d2e0     <common>
 0003:0003a2f0       _CarrierOk                 0047d2f0     <common>
 0003:0003a300       _intCP                     0047d300     <common>
 0003:0003a320       _intFilteredMixedSamples   0047d320     <common>
 0003:0003f140       _totalRSErrors             00482140     <common>
 0003:0003f148       _dblPhaseInc               00482148     <common>
 0003:0003f150       _dblPhaseDiff1_2Avg        00482150     <common>
 0003:0003f154       _intFrameType              00482154     <common>
 0003:0003f158       _intToneMagsIndex          00482158     <common>
 0003:0003f160       _LastDataFrameType         00482160     <common>
 0003:0003f164       _dttStartRmtLeaderMeasure  00482164     <common>
 0003:0003f180       _dblHannWin                00482180     <common>
 0003:0003f900       _bytFrameData              00482900     <common>
 0003:0003ffe0       _bytDataforHost            00482fe0     <common>
 0003:000407e0       _SCSReply                  004837e0     <common>
 0003:00040900       _CMDReplyBuffer            00483900     <common>
 0003:00040a00       _PacketMon                 00483a00     <common>
 0003:00040b68       _Term4Mode                 00483b68     <common>
 0003:00040b70       _ReportCall                00483b70     <common>
 0003:00040b80       _LogToHostBuffer           00483b80     <common>
 0003:00041380       _ReplyLen                  00484380     <common>
 0003:00041384       _RXBPtr                    00484384     <common>
 0003:000413a0       _CatRXbuffer               004843a0     <common>
 0003:000414a0       _CommandToHostBufferLen    004844a0     <common>
 0003:000414c0       _CommandToHostBuffer       004844c0     <common>
 0003:000416c0       _Toggle                    004846c0     <common>
 0003:000416e0       _bytEchoData               004846e0     <common>
 0003:00041be0       _genPoly                   00484be0     <common>
 0003:00041fe0       _synBytes                  00484fe0     <common>
 0003:000421e0       _AuxAX                     004851e0     <common>
 0003:00042228       _pktDataLen                00485228     <common>
 0003:0004222c       _pktRSLen                  0048522c     <common>
 0003:00042230       _pktRXMode                 00485230     <common>
 0003:00042234       _fWidth                    00485234     <common>
 0003:00042238       _DMABuffer                 00485238     <common>
 0003:0004223c       _last                      0048523c     <common>
 0003:00042240       _SampleNo                  00485240     <common>
 0003:00042260       _Last120                   00485260     <common>
 0003:00042460       _centreSlot                00485460     <common>
 0003:00042464       _first                     00485464     <common>
 0003:00042480       _KISSBUFFER                00485480     <common>
 0003:00042680       _KISSRXBUFF                00485680     <common>
 0003:00043680       _hDevice                   00486680     <common>
 0003:000436a0       _KISSTXBUFF                004866a0     <common>
 0003:000446a0       _gexp                      004876a0     <common>
 0003:00044ea0       _glog                      00487ea0     <common>
 0003:000452a0       _bytFailedData             004882a0     <common>
 0003:000458e0       _bytFailedDataLength       004888e0     <common>
 0003:000458e4       _crcLastFECDataPassedToHost 004888e4     <common>
 0003:000458e8       _bytFrameType              004888e8     <common>
 0003:000458ec       _dttLastFECIDSent          004888ec     <common>
 0003:000458f0       _blnSendIDFrame            004888f0     <common>
 0003:000458f4       _bytLastFECDataFrameSent   004888f4     <common>
 0003:000458f8       _intFECFramesSent          004888f8     <common>
 0003:000458fc       _FECRepeatsSent            004888fc     <common>
 0003:00045900       _dttLastTrip               00488900     <common>
 0003:00045904       _NErrors                   00488904     <common>
 0003:00045908       _bytLastACKedDataFrameType 00488908     <common>
 0003:0004590c       _intQAMSymbolCnt           0048890c     <common>
 0003:00045910       _strRemoteCallsign         00488910     <common>
 0003:0004591c       _intShiftDNs               0048891c     <common>
 0003:00045920       _strLocalCallsign          00488920     <common>
 0003:0004592c       _intReceivedLeaderLen      0048892c     <common>
 0003:00045930       _intAvgFSKQuality          00488930     <common>
 0003:00045934       _intShiftUPs               00488934     <common>
 0003:00045938       _intSessionBW              00488938     <common>
 0003:0004593c       _intGoodFSKFrameTypes      0048893c     <common>
 0003:00045940       _intTimeouts               00488940     <common>
 0003:00045944       _intFailedFSKFrameDataDecodes 00488944     <common>
 0003:00045948       _intAccumQAMTracking       00488948     <common>
 0003:0004594c       _intAvgPSKQuality          0048894c     <common>
 0003:00045950       _intLeaderDetects          00488950     <common>
 0003:00045954       _blnDISCRepeating          00488954     <common>
 0003:00045958       _intFrameRepeatInterval    00488958     <common>
 0003:0004595c       _intAccumFSKTracking       0048895c     <common>
 0003:00045960       _dblLeaderSNAvg            00488960     <common>
 0003:00045964       _dttStartSession           00488964     <common>
 0003:00045968       _intBW                     00488968     <common>
 0003:0004596c       _dblAvgPSKRefErr           0048896c     <common>
 0003:00045970       _strFinalIDCallsign        00488970     <common>
 0003:0004597c       _intPSKSymbolCnt           0048897c     <common>
 0003:00045980       _intQAMTrackAttempts       00488980     <common>
 0003:000459a0       _intNAKLoQThresholds       004889a0     <common>
 0003:000459c0       _strGridSquare             004889c0     <common>
 0003:000459ca       _bytLastReceivedDataFrameType 004889ca     <common>
 0003:000459cc       _dttLastIDSent             004889cc     <common>
 0003:000459d0       _intLinkTurnovers          004889d0     <common>
 0003:000459d4       _blnEnbARQRpt              004889d4     <common>
 0003:000459d8       _intFailedFSKFrameTypes    004889d8     <common>
 0003:000459dc       _bytFrameTypesForBW        004889dc     <common>
 0003:000459e0       _intAccumPSKTracking       004889e0     <common>
 0003:000459e4       _intGoodFSKFrameDataDecodes 004889e4     <common>
 0003:000459e8       _dblAvgDecodeDistance      004889e8     <common>
 0003:000459ec       _ARQState                  004889ec     <common>
 0003:000459f0       _intEnvelopeCors           004889f0     <common>
 0003:000459f4       _intConReqQuality          004889f4     <common>
 0003:000459f8       _intConReqSN               004889f8     <common>
 0003:000459fc       _intFrameSyncs             004889fc     <common>
 0003:00045a00       _intGoodPSKSummationDecodes 00488a00     <common>
 0003:00045a04       _intDecodeDistanceCount    00488a04     <common>
 0003:00045a08       _bytShiftUpThresholds      00488a08     <common>
 0003:00045a0c       _blnARQConnected           00488a0c     <common>
 0003:00045a10       _intGoodPSKFrameDataDecodes 00488a10     <common>
 0003:00045a14       _intLeaderSyncs            00488a14     <common>
 0003:00045a18       _tmrPollOBQueue            00488a18     <common>
 0003:00045a1c       _intPSKTrackAttempts       00488a1c     <common>
 0003:00045a20       _intACKHiQThresholds       00488a20     <common>
 0003:00045a38       _bytPendingSessionID       00488a38     <common>
 0003:00045a3c       _dttTimeoutTrip            00488a3c     <common>
 0003:00045a40       _blnPending                00488a40     <common>
 0003:00045a44       _bytLastARQSessionID       00488a44     <common>
 0003:00045a48       _intFSKSymbolCnt           00488a48     <common>
 0003:00045a4c       _intFailedPSKFrameDataDecodes 00488a4c     <common>
 0003:00045a50       _intFailedQAMFrameDataDecodes 00488a50     <common>
 0003:00045a54       _intGoodFSKSummationDecodes 00488a54     <common>
 0003:00045a58       _dblFSKTuningSNAvg         00488a58     <common>
 0003:00045a5c       _intGoodQAMFrameDataDecodes 00488a5c     <common>
 0003:00045a60       _dblAvgCorMaxToMaxProduct  00488a60     <common>
 0003:00045a64       _DecodeCompleteTime        00488a64     <common>
 0003:00045a68       _stcLastPingdttTimeReceived 00488a68     <common>
 0003:00045a6c       _EncLen                    00488a6c     <common>
 0003:00045a70       _int8FSKQualityCnts        00488a70     <common>
 0003:00045a80       _PTTOnCmd                  00488a80     <common>
 0003:00045ac0       _dttStartRTMeasure         00488ac0     <common>
 0003:00045ac4       _intQAMQuality             00488ac4     <common>
 0003:00045ac8       _int4FSKQualityCnts        00488ac8     <common>
 0003:00045ad0       _stcLastPingstrTarget      00488ad0     <common>
 0003:00045adc       _State                     00488adc     <common>
 0003:00045ae0       _dttLastPINGSent           00488ae0     <common>
 0003:00045ae4       _bytValidFrameTypes        00488ae4     <common>
 0003:00045ae8       _CQCount                   00488ae8     <common>
 0003:00045af0       _intPSKQualityCnts         00488af0     <common>
 0003:00045af8       _int8FSKQuality            00488af8     <common>
 0003:00045afc       _intPSKSymbolsDecoded      00488afc     <common>
 0003:00045b00       _int16FSKQualityCnts       00488b00     <common>
 0003:00045b10       _stcLastPingstrSender      00488b10     <common>
 0003:00045b1c       _intFSKSymbolsDecoded      00488b1c     <common>
 0003:00045b20       _stcLastPingintQuality     00488b20     <common>
 0003:00045b24       _bytValidFrameTypesLength  00488b24     <common>
 0003:00045b40       _dblMagSpectrum            00488b40     <common>
 0003:00045e78       _int16FSKQuality           00488e78     <common>
 0003:00045e7c       _intRepeatCount            00488e7c     <common>
 0003:00045e80       _tmrSendTimeout            00488e80     <common>
 0003:00045e84       _intQAMSymbolsDecoded      00488e84     <common>
 0003:00045e88       _intQAMQualityCnts         00488e88     <common>
 0003:00045ea0       _PTTOffCmd                 00488ea0     <common>
 0003:00045ee0       _stcLastPingintRcvdSN      00488ee0     <common>
 0003:00045ee4       _PingCount                 00488ee4     <common>
 0003:00045ee8       _intGoodQAMSummationDecodes 00488ee8     <common>
 0003:00045eec       _ProtocolState             00488eec     <common>
 0003:00045ef0       _int4FSKQuality            00488ef0     <common>
 0003:00045ef4       _intLastRcvdFrameQuality   00488ef4     <common>
 0003:00045ef8       _newStatus                 00488ef8     <common>
 0003:00045f00       _intPSKQuality             00488f00     <common>
 0003:00045f08       _intCalcLeader             00488f08     <common>
 0003:00045f0c       _blnBusyStatus             00488f0c     <common>

 entry point at        0001:0001f5a9

 Static symbols

 0001:00005c30       _compute_discrepancy       00406c30 f    CIL library: CIL module
 0001:00007150       _init_exp_table            00408150 f    CIL library: CIL module
 0001:00007520       _getopt_parse              00408520 f    CIL library: CIL module
 0001:0000e9b0       _compute_genpoly           0040f9b0 f    CIL library: CIL module
 0001:0001b940       _register_error            0041c940 f    CIL library: CIL module
 0001:0001b9b0       _lookup_functions          0041c9b0 f    CIL library: CIL module
 0001:0001d200       _swap                      0041e200 f   LIBCMT:qsort.obj
 0001:0001d230       _shortsort                 0041e230 f   LIBCMT:qsort.obj
 0001:0001d66e       ?_strupr_s_l_stat@@YAHPADIPAUlocaleinfo_struct@@@Z 0041e66e f   LIBCMT:strupr.obj
 0001:0001e893       ?strtoxl@@YAKPAUlocaleinfo_struct@@PBDPAPBDHH@Z 0041f893 f   LIBCMT:strtol.obj
 0001:0001f0f7       __initterm                 004200f7 f   LIBCMT:crt0dat.obj
 0001:0001f234       _doexit                    00420234 f   LIBCMT:crt0dat.obj
 0001:0001f38e       _fast_error_exit           0042038e f   LIBCMT:crt0.obj
 0001:0001f3b2       _check_managed_app         004203b2 f   LIBCMT:crt0.obj
 0001:0001f3f3       ___tmainCRTStartup         004203f3 f   LIBCMT:crt0.obj
 0001:0001f817       _write_char                00420817 f   LIBCMT:output.obj
 0001:0001f84a       _write_multi_char          0042084a f   LIBCMT:output.obj
 0001:0001f86e       _write_string              0042086e f   LIBCMT:output.obj
 0001:00020a70       _fastcopy_I                00421a70 f   LIBCMT:p4_memcpy.obj
 0001:00020bee       ?CPtoLCID@@YAHH@Z          00421bee f   LIBCMT:mbctype.obj
 0001:00020c1d       ?setSBCS@@YAXPAUthreadmbcinfostruct@@@Z 00421c1d f   LIBCMT:mbctype.obj
 0001:00020c72       ?setSBUpLow@@YAXPAUthreadmbcinfostruct@@@Z 00421c72 f   LIBCMT:mbctype.obj
 0001:00020ea0       ?getSystemCP@@YAHH@Z       00421ea0 f   LIBCMT:mbctype.obj
 0001:000214cf       __updatetlocinfoEx_nolock  004224cf f   LIBCMT:setlocal.obj
 0001:000219bc       _flsall                    004229bc f   LIBCMT:fflush.obj
 0001:00021f9b       ?__crtLCMapStringA_stat@@YAHPAUlocaleinfo_struct@@KKPBDHPADHHH@Z 00422f9b f   LIBCMT:a_map.obj
 0001:00024950       __unwind_handler4          00425950 f   LIBCMT:exsup4.obj
 0001:00024c3b       _siglookup                 00425c3b f   LIBCMT:winsig.obj
 0001:00024e2c       __onexit_nolock            00425e2c f   LIBCMT:onexit.obj
 0001:00025276       ___crtInitCritSecNoSpinCount@8 00426276 f   LIBCMT:initcrit.obj
 0001:00025426       _parse_cmdline             00426426 f   LIBCMT:stdargv.obj
 0001:00025c95       _fastzero_I                00426c95 f   LIBCMT:p4_memset.obj
 0001:00025d7b       _has_osfxsr_set            00426d7b f   LIBCMT:cpu_disp.obj
 0001:00025e74       ?__crtGetStringTypeA_stat@@YAHPAUlocaleinfo_struct@@KPBDHPAGHHH@Z 00426e74 f   LIBCMT:a_str.obj
 0001:00027653       __tsopen_nolock            00428653 f   LIBCMT:open.obj
 0001:00028148       __unwind_handler           00429148 f   LIBCMT:exsup.obj
 0001:0002830b       ?x_ismbbtype_l@@YAHPAUlocaleinfo_struct@@IHH@Z 0042930b f   LIBCMT:ismbbyte.obj
 0001:000285d5       __shift                    004295d5 f   LIBCMT:cvt.obj
 0001:0002860e       __cftoe2_l                 0042960e f   LIBCMT:cvt.obj
 0001:00028bd8       __cftof2_l                 00429bd8 f   LIBCMT:cvt.obj
 0001:0002b829       __hw_cw                    0042c829 f   LIBCMT:ieee87.obj
 0001:0002b8b7       ___hw_cw_sse2              0042c8b7 f   LIBCMT:ieee87.obj
